
SYMBOLS BY NAME

      80            CTL_IRQ_STACK_SIZE  
    2baa UDATA0     _ARC_bus_helper_task
    2dca UDATA0     _ARC_bus_task       
   12f58 CODE       _ARC_setup          
    d659 CONST      _ARClib_version     
   1669a CODE       _ARClib_version_Cmd 
    d66c CONST      _ARClib_vstruct     
   165e4 CODE       _ARCsearch_Cmd      
   12810 CODE       _BUS_I2C_release    
    2bc6 UDATA0     _BUS_INT_events     
   127ae CODE       _BUS_OA_check       
   12b44 CODE       _BUS_SPI_txrx       
   1273e CODE       _BUS_addr_to_flags  
   14026 CODE       _BUS_alarm_is_free  
   12794 CODE       _BUS_cmd_init       
   14c72 CODE       _BUS_cmd_resptostr  
   128ac CODE       _BUS_cmd_tx         
   14ac6 CODE       _BUS_cmdtostr       
   149f6 CODE       _BUS_error_str      
   126c8 CODE       _BUS_flags_to_addr  
   1409c CODE       _BUS_free_alarm     
   13d4c CODE       _BUS_free_buffer    
   13d56 CODE       _BUS_free_buffer_from_event
   1264c CODE       _BUS_get_OA         
   13d24 CODE       _BUS_get_buffer     
   13d1e CODE       _BUS_get_buffer_size
    2bc8 UDATA0     _BUS_helper_events  
   13d14 CODE       _BUS_init_buffer    
   12db6 CODE       _BUS_int_set        
   1310a CODE       _BUS_register_cmd_callback
   1404e CODE       _BUS_set_alarm      
    2bca UDATA0     _BUS_stack          
    3ccc THREAD     _BUS_thread_addr_flags
   140b4 CODE       _BUS_timer_timeout_check
   13130 CODE       _BUS_version_cmp    
   1073c CODE       _CDH_err_decode     
    1c08 IDATA0     _CDH_parse          
   1003e CODE       _CDH_parseCmd       
    1c0e IDATA0     _CDH_print          
    fa80 CODE       _CDH_print_cmd      
    306a UDATA0     _DMA_events         
    c5be ISR        _DMA_int            
   15392 CODE       _ERR_lev_str        
    2872 UDATA0     _GS_CMD             
   16008 CODE       _I2C_addr_lookup    
   16050 CODE       _I2C_addr_revlookup 
    2e2a UDATA0     _I2C_rx_buf         
    2e28 UDATA0     _I2C_rx_in          
    2e26 UDATA0     _I2C_rx_out         
    fc78 CODE       _I2C_spam_Cmd       
    fc3c CODE       _I2CcmdName_Cmd     
    1c06 IDATA0     _LED_dir            
    fef2 CODE       _LED_shift          
   142bc CODE       _PMM_setVCore       
   14202 CODE       _PMM_setVCoreDown   
   14108 CODE       _PMM_setVCoreUp     
   175a6 CODE       _SD_error_str       
   16a7c CODE       _SPISetup           
   12e86 CODE       _SPI_deactivate     
   16a92 CODE       _SPI_fast           
   12e46 CODE       _SPI_master_setup   
   12e66 CODE       _SPI_slave_setup    
   16aa4 CODE       _SPI_slow           
    2e02 UDATA0     _SUB_events         
    c684 ISR        _SYS_NMI            
   15fc4 CODE       _UCA1_CheckKey      
   15fa8 CODE       _UCA1_Getc          
    c79a ISR        _UCA1_ISR           
    3b80 UDATA0     _UCA1_RxBuf         
    3c24 UDATA0     _UCA1_TxBuf         
   15f6c CODE       _UCA1_TxChar        
   15e90 CODE       _UCA1_init_UART     
   15fe0 CODE       _UCA1_setup_events  
    1c02 IDATA0     _USB_power          
   10712 CODE       _USB_power_check    
    f680 CONST      ___RAL_ascii_ctype_map
   180a0 CODE       ___RAL_ascii_mbtowc 
   180e6 CODE       ___RAL_ascii_wctomb 
    f85a CONST      ___RAL_c_locale     
    f758 CONST      ___RAL_c_locale_abbrev_day_names
    f7cc CONST      ___RAL_c_locale_abbrev_month_names
    f7fd CONST      ___RAL_c_locale_am_pm_indicator
    f828 CONST      ___RAL_c_locale_data
    f804 CONST      ___RAL_c_locale_date_format
    f816 CONST      ___RAL_c_locale_date_time_format
    f71e CONST      ___RAL_c_locale_day_names
    f775 CONST      ___RAL_c_locale_month_names
    f80d CONST      ___RAL_c_locale_time_format
    f70e CONST      ___RAL_codeset_ascii
    f827 CONST      ___RAL_data_empty_string
    f825 CONST      ___RAL_data_utf8_period
    1c3e IDATA0     ___RAL_global_locale
   17ca4 CODE       ___RAL_global_locale_category
    f658 CONST      ___RAL_hex_lc       
    f648 CONST      ___RAL_hex_uc       
   18092 CODE       ___RAL_init_mbstate 
   17c08 CODE       ___RAL_isctype      
   179cc CODE       ___RAL_pow10        
   17ba8 CODE       ___RAL_pre_padding  
   17b8a CODE       ___RAL_print_padding
    1c48 IDATA0     ___RAL_rand_next    
   1259e CODE       ___RAL_read_tp      
    1c00            ___RAM_Address      
    8000            ___RAM_Size         
    1c00            ___begin_IDATA0     
    3ccc            ___begin_THREAD     
    1c4c            ___begin_UDATA0     
     4c0            ___crt_mpy          
     4d2            ___crt_mpy32h       
     4d0            ___crt_mpy32l       
     4c8            ___crt_op2          
     4e2            ___crt_op2h         
     4e0            ___crt_op2l         
     4e4            ___crt_res0         
     4e6            ___crt_res1         
     4e8            ___crt_res2         
     4ea            ___crt_res3         
     4ca            ___crt_reslo        
   17986 CODE       ___digit            
    1c4c            ___end_IDATA0       
    3cd0            ___end_THREAD       
    3ccc            ___end_UDATA0       
   17c7c CODE       ___errno            
   18356 CODE       ___float32_add      
   1852c CODE       ___float32_div      
   18606 CODE       ___float32_eq       
   1813e CODE       ___float32_isinf    
   18158 CODE       ___float32_isnan    
   185ea CODE       ___float32_lt       
   18454 CODE       ___float32_mul      
    f862 CONST      ___float32_nan      
   18170 CODE       ___float32_signbit  
   18448 CODE       ___float32_sub      
   182a4 CODE       ___float32_to_int64 
    fd84 CODE       ___getchar          
   177ce CODE       ___int16_div        
   177f4 CODE       ___int16_mod        
   1781a CODE       ___int16_mul        
   177ac CODE       ___int32_mul        
   17830 CODE       ___int64_lsl        
   17842 CODE       ___int64_lsr        
   11c64 CODE       ___printf_lock      
   11c80 CODE       ___printf_unlock    
   17b40 CODE       ___putc             
    fd66 CODE       ___putchar          
   17a22 CODE       ___strtoul          
    c808 ISR        ___thunk_ARClib_version_Cmd
    c804 ISR        ___thunk_ARCsearch_Cmd
    c0b4 ISR        ___thunk_CDH_err_decode
    c0a8 ISR        ___thunk_CDH_parseCmd
    c008 ISR        ___thunk_CDH_print_cmd
    c018 ISR        ___thunk_I2C_spam_Cmd
    c014 ISR        ___thunk_I2CcmdName_Cmd
    c840 ISR        ___thunk___RAL_ascii_mbtowc
    c844 ISR        ___thunk___RAL_ascii_wctomb
    c020 ISR        ___thunk___putchar  
    c800 ISR        ___thunk_asyncProxyCmd
    c814 ISR        ___thunk_clearErrCmd
    c0ac ISR        ___thunk_cmd_parse  
    c80c ISR        ___thunk_errReq_Cmd 
    c78e ISR        ___thunk_err_decode_arcbus
    c004 ISR        ___thunk_hard_reset_Cmd
    c792 ISR        ___thunk_helpCmd    
    c818 ISR        ___thunk_logCmd     
    c00c ISR        ___thunk_power_Cmd  
    c810 ISR        ___thunk_replayCmd  
    c7f0 ISR        ___thunk_restCmd    
    c010 ISR        ___thunk_solar_Cmd  
    c7fc ISR        ___thunk_spiCmd     
    c000 ISR        ___thunk_statCmd    
    c01c ISR        ___thunk_stat_req_Cmd
    c0b0 ISR        ___thunk_sub_events 
    c796 ISR        ___thunk_terminal   
    c7f4 ISR        ___thunk_timeCmd    
    c7f8 ISR        ___thunk_txCmd      
   178c2 CODE       ___uint16_div       
   178da CODE       ___uint16_mod       
   178e2 CODE       ___uint32_div       
   178ec CODE       ___uint32_divmod    
   17914 CODE       ___uint32_mod       
   17922 CODE       ___uint64_div       
   1794a CODE       ___uint64_divmod    
   178a2 CODE       ___uint64_mod       
   18180 CODE       ___uint64_to_float32
    1c3c IDATA0     ___ungot            
    3cca UDATA0     ___user_format_extender
   108fc CODE       ___vfprintf         
   108fc CODE       ___vfprintf_float_long
   16d04 CODE       __mmc_pins_map      
   15250 CODE       __record_error      
   17bd2 CODE       _abs                
   127e4 CODE       _addr_chk           
    36be UDATA0     _alarms             
    2e04 UDATA0     _arcBus_stat        
   164ae CODE       _asyncProxyCmd      
   13fcc CODE       _async_Getc         
   13f88 CODE       _async_TxChar       
    1c28 IDATA0     _async_addr         
   13e78 CODE       _async_close        
   13ef4 CODE       _async_close_remote 
   13d64 CODE       _async_isOpen       
   13d6a CODE       _async_open         
   13de6 CODE       _async_open_remote  
    36a2 UDATA0     _async_rxQ          
   13f22 CODE       _async_send_data    
   1401c CODE       _async_setup_close_event
   13ff4 CODE       _async_setup_events 
    1c2a IDATA0     _async_timer        
    36b0 UDATA0     _async_txQ          
   17be2 CODE       _atoi               
    1c00 IDATA0     _beacon_on          
    3470 UDATA0     _buffer_mutex       
   1072e CODE       _burn_off           
   10720 CODE       _burn_on            
    eb80 CONST      _busAddrSym         
    c0c0 ISR        _bus_I2C_isr        
    c4fc ISR        _bus_SPI_isr        
   14cf8 CODE       _bus_flags_tostr    
    c508 ISR        _bus_int            
    c63e ISR        _bus_resend         
   14d18 CODE       _bus_version_err_tostr
    fed4 CODE       _cdh_print          
   169d2 CODE       _clearErrCmd        
   154d4 CODE       _clear_saved_errors 
    1c2c IDATA0     _closed_event       
    1c2e IDATA0     _closed_flag        
   10222 CODE       _cmd_parse          
    2904 UDATA0     _cmd_parse_evt      
    1c24 IDATA0     _cmd_parse_list     
    c848 CONST      _cmd_tbl            
   12dfa CODE       _crc16              
   12dc8 CODE       _crc7               
    2998 UDATA0     _crc_mutex          
   1207e CODE       _ctl_byte_queue_init
   120de CODE       _ctl_byte_queue_num_used
   12498 CODE       _ctl_byte_queue_post
   12212 CODE       _ctl_byte_queue_post_multi
   123b8 CODE       _ctl_byte_queue_post_multi_nb
   124ec CODE       _ctl_byte_queue_post_nb
   124c6 CODE       _ctl_byte_queue_receive
   122ea CODE       _ctl_byte_queue_receive_multi
   12428 CODE       _ctl_byte_queue_receive_multi_nb
   12506 CODE       _ctl_byte_queue_receive_nb
   120a8 CODE       _ctl_byte_queue_setup_events
    290c UDATA0     _ctl_current_time   
   125c8 CODE       _ctl_enter_isr      
   11c94 CODE       _ctl_events_init    
   11e28 CODE       _ctl_events_set_clear
   11ca8 CODE       _ctl_events_wait    
   125fc CODE       _ctl_exit_isr       
   11c4c CODE       _ctl_get_current_time
   12634 CODE       _ctl_global_interrupts_set
   142fc CODE       _ctl_handle_error   
   11bd2 CODE       _ctl_increment_tick_from_isr
    2911 UDATA0     _ctl_interrupt_count
    2908 UDATA0     _ctl_last_schedule_time
    1c18 IDATA0     _ctl_libc_mutex     
   11e88 CODE       _ctl_mutex_init     
   11eb4 CODE       _ctl_mutex_lock     
   11ea0 CODE       _ctl_mutex_lock_uc  
   11fb8 CODE       _ctl_mutex_unlock   
   11902 CODE       _ctl_private_add_to_task_list
   11da4 CODE       _ctl_private_events_schedule
   1251a CODE       _ctl_private_get_stack_start
   12520 CODE       _ctl_private_get_thread_local_storage
   12526 CODE       _ctl_private_init_registers
   12588 CODE       _ctl_private_init_thread_local_storage
   11950 CODE       _ctl_private_remove_from_task_list
   1198a CODE       _ctl_private_reschedule
   125ac CODE       _ctl_private_reschedule_from_api_call
    2910 UDATA0     _ctl_reschedule_on_last_isr_exit
   11b2a CODE       _ctl_task_die       
    2912 UDATA0     _ctl_task_executing 
   11a62 CODE       _ctl_task_init      
    2914 UDATA0     _ctl_task_list      
   11a9e CODE       _ctl_task_run       
   11b52 CODE       _ctl_task_set_priority
    2906 UDATA0     _ctl_task_switch_callout
    1c16 IDATA0     _ctl_time_increment 
   11b90 CODE       _ctl_timeout_wait   
    1c12 IDATA0     _ctl_timeslice_period
   15b34 CODE       _doCmd              
   166ac CODE       _errReq_Cmd         
   1430e CODE       _err_decode_arcbus  
   153d0 CODE       _err_do_decode      
   15028 CODE       _err_register_handler
   150e0 CODE       _error_init         
   1552c CODE       _error_log_mem_replay
   15728 CODE       _error_log_replay   
   15140 CODE       _error_recording_start
   188ee CODE       _fabsf              
   186ac CODE       _floor              
   186ac CODE       _floorf             
   1877c CODE       _fmod               
   1877c CODE       _fmodf              
   18930 CODE       _frexp              
   16088 CODE       _getI2C_addr        
   1524a CODE       _get_error_level    
   12e2e CODE       _get_ticker_time    
   17c86 CODE       _getchar            
    f8e8 CODE       _hard_reset_Cmd     
   15a82 CODE       _helpCmd            
    29b6 UDATA0     _helper_stack       
   15bc4 CODE       _hist_decr          
   15bb8 CODE       _hist_incr          
    2de6 UDATA0     _idle_task          
   12fec CODE       _initARCbus         
   12e9c CODE       _initCLK            
   12f02 CODE       _initSVS            
   10022 CODE       _init_CDH_timer     
   12ee6 CODE       _init_timerA        
   17c6a CODE       _iscntrl            
   17c4a CODE       _isdigit            
   17c38 CODE       _islower            
   17c5a CODE       _isspace            
   17c26 CODE       _isupper            
   188f4 CODE       _ldexp              
   169f6 CODE       _logCmd             
    fd8a CODE       _main               
   13cca CODE       _mainLoop           
   14dcc CODE       _main_return        
   15a18 CODE       _make_args          
   1810e CODE       _memcpy             
   1811e CODE       _memset             
   174ce CODE       _mmcErase           
   16d9c CODE       _mmcGoIdle          
   16d88 CODE       _mmcInit_card       
   16d26 CODE       _mmcInit_msp        
   16ca8 CODE       _mmcLock            
   16d38 CODE       _mmcReInit_card     
   1727a CODE       _mmcReadBlock       
   1745c CODE       _mmcSendCmd         
    1c34 IDATA0     _mmcStat            
   16c6c CODE       _mmcUnlock          
   17362 CODE       _mmcWriteBlock      
    c81c ISR        _mmc_ISR            
   170f4 CODE       _mmc_R1             
   1716c CODE       _mmc_R1b            
   17130 CODE       _mmc_R2             
   171b2 CODE       _mmc_dat_resp       
   16c50 CODE       _mmc_is_init        
   16ce0 CODE       _mmc_pins_on        
   17244 CODE       _mmc_token          
   18616 CODE       _modff              
    36de UDATA0     _next_idx           
   1686c CODE       _parse_log_level    
    1c22 IDATA0     _powerState         
    fafa CODE       _power_Cmd          
   15458 CODE       _print_error        
   17d74 CODE       _printf             
   17db0 CODE       _puts               
   17dea CODE       _rand               
   130fa CODE       _readTA1            
   152fa CODE       _record_error       
   16946 CODE       _replayCmd          
   154a6 CODE       _report_error       
    2871 UDATA0     _reset_addr         
   14d9a CODE       _reset_bor          
   16152 CODE       _restCmd            
    3476 UDATA0     _rxbuf              
    36ce UDATA0     _saved_error        
   1523e CODE       _set_error_level    
    fbb0 CODE       _solar_Cmd          
   1639c CODE       _spiCmd             
   16ad2 CODE       _spiDummyClk        
   16aee CODE       _spiReadFrame       
   16ab4 CODE       _spiSendByte        
   16ba6 CODE       _spiSendFrame       
   17e20 CODE       _sprintf            
   17e50 CODE       _srand              
    2424 UDATA0     _stack1             
    2038 UDATA0     _stack2             
    1c4c UDATA0     _stack3             
   10036 CODE       _start_CDH_timer    
   12efa CODE       _start_timerA       
   14de0 CODE       _startup_error_check
    f866 CODE       _statCmd            
    1c04 IDATA0     _stat_req           
    fcfc CODE       _stat_req_Cmd       
   17e60 CODE       _strcat             
   17e80 CODE       _strcmp             
   17ea0 CODE       _strcpy             
   1812e CODE       _strlen             
   17eb6 CODE       _strncmp            
   17ee4 CODE       _strnlen            
   17efe CODE       _strtol             
   17faa CODE       _strtoul            
   10688 CODE       _sub_events         
    2890 UDATA0     _system_stat        
    c024 ISR        _task_tick          
    2810 UDATA0     _tasks              
    2902 UDATA0     _term_evt           
   15bd0 CODE       _terminal           
    299e UDATA0     _ticker_time        
   16208 CODE       _timeCmd            
   1621e CODE       _txCmd              
    35a2 UDATA0     _txbuf              
   1805e CODE       _vprintf            
    d6c8 CONST      thread_init_begin   
    d6cc CONST      thread_init_end     


SYMBOLS BY VALUE

      80            CTL_IRQ_STACK_SIZE  
     4c0            ___crt_mpy          
     4c8            ___crt_op2          
     4ca            ___crt_reslo        
     4d0            ___crt_mpy32l       
     4d2            ___crt_mpy32h       
     4e0            ___crt_op2l         
     4e2            ___crt_op2h         
     4e4            ___crt_res0         
     4e6            ___crt_res1         
     4e8            ___crt_res2         
     4ea            ___crt_res3         
    1c00            ___RAM_Address      
    1c00 IDATA0     _beacon_on          
    1c00            ___begin_IDATA0     
    1c02 IDATA0     _USB_power          
    1c04 IDATA0     _stat_req           
    1c06 IDATA0     _LED_dir            
    1c08 IDATA0     _CDH_parse          
    1c0e IDATA0     _CDH_print          
    1c12 IDATA0     _ctl_timeslice_period
    1c16 IDATA0     _ctl_time_increment 
    1c18 IDATA0     _ctl_libc_mutex     
    1c22 IDATA0     _powerState         
    1c24 IDATA0     _cmd_parse_list     
    1c28 IDATA0     _async_addr         
    1c2a IDATA0     _async_timer        
    1c2c IDATA0     _closed_event       
    1c2e IDATA0     _closed_flag        
    1c34 IDATA0     _mmcStat            
    1c3c IDATA0     ___ungot            
    1c3e IDATA0     ___RAL_global_locale
    1c48 IDATA0     ___RAL_rand_next    
    1c4c            ___begin_UDATA0     
    1c4c UDATA0     _stack3             
    1c4c            ___end_IDATA0       
    2038 UDATA0     _stack2             
    2424 UDATA0     _stack1             
    2810 UDATA0     _tasks              
    2871 UDATA0     _reset_addr         
    2872 UDATA0     _GS_CMD             
    2890 UDATA0     _system_stat        
    2902 UDATA0     _term_evt           
    2904 UDATA0     _cmd_parse_evt      
    2906 UDATA0     _ctl_task_switch_callout
    2908 UDATA0     _ctl_last_schedule_time
    290c UDATA0     _ctl_current_time   
    2910 UDATA0     _ctl_reschedule_on_last_isr_exit
    2911 UDATA0     _ctl_interrupt_count
    2912 UDATA0     _ctl_task_executing 
    2914 UDATA0     _ctl_task_list      
    2998 UDATA0     _crc_mutex          
    299e UDATA0     _ticker_time        
    29b6 UDATA0     _helper_stack       
    2baa UDATA0     _ARC_bus_helper_task
    2bc6 UDATA0     _BUS_INT_events     
    2bc8 UDATA0     _BUS_helper_events  
    2bca UDATA0     _BUS_stack          
    2dca UDATA0     _ARC_bus_task       
    2de6 UDATA0     _idle_task          
    2e02 UDATA0     _SUB_events         
    2e04 UDATA0     _arcBus_stat        
    2e26 UDATA0     _I2C_rx_out         
    2e28 UDATA0     _I2C_rx_in          
    2e2a UDATA0     _I2C_rx_buf         
    306a UDATA0     _DMA_events         
    3470 UDATA0     _buffer_mutex       
    3476 UDATA0     _rxbuf              
    35a2 UDATA0     _txbuf              
    36a2 UDATA0     _async_rxQ          
    36b0 UDATA0     _async_txQ          
    36be UDATA0     _alarms             
    36ce UDATA0     _saved_error        
    36de UDATA0     _next_idx           
    3b80 UDATA0     _UCA1_RxBuf         
    3c24 UDATA0     _UCA1_TxBuf         
    3cca UDATA0     ___user_format_extender
    3ccc            ___end_UDATA0       
    3ccc THREAD     _BUS_thread_addr_flags
    3ccc            ___begin_THREAD     
    3cd0            ___end_THREAD       
    8000            ___RAM_Size         
    c000 ISR        ___thunk_statCmd    
    c004 ISR        ___thunk_hard_reset_Cmd
    c008 ISR        ___thunk_CDH_print_cmd
    c00c ISR        ___thunk_power_Cmd  
    c010 ISR        ___thunk_solar_Cmd  
    c014 ISR        ___thunk_I2CcmdName_Cmd
    c018 ISR        ___thunk_I2C_spam_Cmd
    c01c ISR        ___thunk_stat_req_Cmd
    c020 ISR        ___thunk___putchar  
    c024 ISR        _task_tick          
    c0a8 ISR        ___thunk_CDH_parseCmd
    c0ac ISR        ___thunk_cmd_parse  
    c0b0 ISR        ___thunk_sub_events 
    c0b4 ISR        ___thunk_CDH_err_decode
    c0c0 ISR        _bus_I2C_isr        
    c4fc ISR        _bus_SPI_isr        
    c508 ISR        _bus_int            
    c5be ISR        _DMA_int            
    c63e ISR        _bus_resend         
    c684 ISR        _SYS_NMI            
    c78e ISR        ___thunk_err_decode_arcbus
    c792 ISR        ___thunk_helpCmd    
    c796 ISR        ___thunk_terminal   
    c79a ISR        _UCA1_ISR           
    c7f0 ISR        ___thunk_restCmd    
    c7f4 ISR        ___thunk_timeCmd    
    c7f8 ISR        ___thunk_txCmd      
    c7fc ISR        ___thunk_spiCmd     
    c800 ISR        ___thunk_asyncProxyCmd
    c804 ISR        ___thunk_ARCsearch_Cmd
    c808 ISR        ___thunk_ARClib_version_Cmd
    c80c ISR        ___thunk_errReq_Cmd 
    c810 ISR        ___thunk_replayCmd  
    c814 ISR        ___thunk_clearErrCmd
    c818 ISR        ___thunk_logCmd     
    c81c ISR        _mmc_ISR            
    c840 ISR        ___thunk___RAL_ascii_mbtowc
    c844 ISR        ___thunk___RAL_ascii_wctomb
    c848 CONST      _cmd_tbl            
    d659 CONST      _ARClib_version     
    d66c CONST      _ARClib_vstruct     
    d6c8 CONST      thread_init_begin   
    d6cc CONST      thread_init_end     
    eb80 CONST      _busAddrSym         
    f648 CONST      ___RAL_hex_uc       
    f658 CONST      ___RAL_hex_lc       
    f680 CONST      ___RAL_ascii_ctype_map
    f70e CONST      ___RAL_codeset_ascii
    f71e CONST      ___RAL_c_locale_day_names
    f758 CONST      ___RAL_c_locale_abbrev_day_names
    f775 CONST      ___RAL_c_locale_month_names
    f7cc CONST      ___RAL_c_locale_abbrev_month_names
    f7fd CONST      ___RAL_c_locale_am_pm_indicator
    f804 CONST      ___RAL_c_locale_date_format
    f80d CONST      ___RAL_c_locale_time_format
    f816 CONST      ___RAL_c_locale_date_time_format
    f825 CONST      ___RAL_data_utf8_period
    f827 CONST      ___RAL_data_empty_string
    f828 CONST      ___RAL_c_locale_data
    f85a CONST      ___RAL_c_locale     
    f862 CONST      ___float32_nan      
    f866 CODE       _statCmd            
    f8e8 CODE       _hard_reset_Cmd     
    fa80 CODE       _CDH_print_cmd      
    fafa CODE       _power_Cmd          
    fbb0 CODE       _solar_Cmd          
    fc3c CODE       _I2CcmdName_Cmd     
    fc78 CODE       _I2C_spam_Cmd       
    fcfc CODE       _stat_req_Cmd       
    fd66 CODE       ___putchar          
    fd84 CODE       ___getchar          
    fd8a CODE       _main               
    fed4 CODE       _cdh_print          
    fef2 CODE       _LED_shift          
   10022 CODE       _init_CDH_timer     
   10036 CODE       _start_CDH_timer    
   1003e CODE       _CDH_parseCmd       
   10222 CODE       _cmd_parse          
   10688 CODE       _sub_events         
   10712 CODE       _USB_power_check    
   10720 CODE       _burn_on            
   1072e CODE       _burn_off           
   1073c CODE       _CDH_err_decode     
   108fc CODE       ___vfprintf         
   108fc CODE       ___vfprintf_float_long
   11902 CODE       _ctl_private_add_to_task_list
   11950 CODE       _ctl_private_remove_from_task_list
   1198a CODE       _ctl_private_reschedule
   11a62 CODE       _ctl_task_init      
   11a9e CODE       _ctl_task_run       
   11b2a CODE       _ctl_task_die       
   11b52 CODE       _ctl_task_set_priority
   11b90 CODE       _ctl_timeout_wait   
   11bd2 CODE       _ctl_increment_tick_from_isr
   11c4c CODE       _ctl_get_current_time
   11c64 CODE       ___printf_lock      
   11c80 CODE       ___printf_unlock    
   11c94 CODE       _ctl_events_init    
   11ca8 CODE       _ctl_events_wait    
   11da4 CODE       _ctl_private_events_schedule
   11e28 CODE       _ctl_events_set_clear
   11e88 CODE       _ctl_mutex_init     
   11ea0 CODE       _ctl_mutex_lock_uc  
   11eb4 CODE       _ctl_mutex_lock     
   11fb8 CODE       _ctl_mutex_unlock   
   1207e CODE       _ctl_byte_queue_init
   120a8 CODE       _ctl_byte_queue_setup_events
   120de CODE       _ctl_byte_queue_num_used
   12212 CODE       _ctl_byte_queue_post_multi
   122ea CODE       _ctl_byte_queue_receive_multi
   123b8 CODE       _ctl_byte_queue_post_multi_nb
   12428 CODE       _ctl_byte_queue_receive_multi_nb
   12498 CODE       _ctl_byte_queue_post
   124c6 CODE       _ctl_byte_queue_receive
   124ec CODE       _ctl_byte_queue_post_nb
   12506 CODE       _ctl_byte_queue_receive_nb
   1251a CODE       _ctl_private_get_stack_start
   12520 CODE       _ctl_private_get_thread_local_storage
   12526 CODE       _ctl_private_init_registers
   12588 CODE       _ctl_private_init_thread_local_storage
   1259e CODE       ___RAL_read_tp      
   125ac CODE       _ctl_private_reschedule_from_api_call
   125c8 CODE       _ctl_enter_isr      
   125fc CODE       _ctl_exit_isr       
   12634 CODE       _ctl_global_interrupts_set
   1264c CODE       _BUS_get_OA         
   126c8 CODE       _BUS_flags_to_addr  
   1273e CODE       _BUS_addr_to_flags  
   12794 CODE       _BUS_cmd_init       
   127ae CODE       _BUS_OA_check       
   127e4 CODE       _addr_chk           
   12810 CODE       _BUS_I2C_release    
   128ac CODE       _BUS_cmd_tx         
   12b44 CODE       _BUS_SPI_txrx       
   12db6 CODE       _BUS_int_set        
   12dc8 CODE       _crc7               
   12dfa CODE       _crc16              
   12e2e CODE       _get_ticker_time    
   12e46 CODE       _SPI_master_setup   
   12e66 CODE       _SPI_slave_setup    
   12e86 CODE       _SPI_deactivate     
   12e9c CODE       _initCLK            
   12ee6 CODE       _init_timerA        
   12efa CODE       _start_timerA       
   12f02 CODE       _initSVS            
   12f58 CODE       _ARC_setup          
   12fec CODE       _initARCbus         
   130fa CODE       _readTA1            
   1310a CODE       _BUS_register_cmd_callback
   13130 CODE       _BUS_version_cmp    
   13cca CODE       _mainLoop           
   13d14 CODE       _BUS_init_buffer    
   13d1e CODE       _BUS_get_buffer_size
   13d24 CODE       _BUS_get_buffer     
   13d4c CODE       _BUS_free_buffer    
   13d56 CODE       _BUS_free_buffer_from_event
   13d64 CODE       _async_isOpen       
   13d6a CODE       _async_open         
   13de6 CODE       _async_open_remote  
   13e78 CODE       _async_close        
   13ef4 CODE       _async_close_remote 
   13f22 CODE       _async_send_data    
   13f88 CODE       _async_TxChar       
   13fcc CODE       _async_Getc         
   13ff4 CODE       _async_setup_events 
   1401c CODE       _async_setup_close_event
   14026 CODE       _BUS_alarm_is_free  
   1404e CODE       _BUS_set_alarm      
   1409c CODE       _BUS_free_alarm     
   140b4 CODE       _BUS_timer_timeout_check
   14108 CODE       _PMM_setVCoreUp     
   14202 CODE       _PMM_setVCoreDown   
   142bc CODE       _PMM_setVCore       
   142fc CODE       _ctl_handle_error   
   1430e CODE       _err_decode_arcbus  
   149f6 CODE       _BUS_error_str      
   14ac6 CODE       _BUS_cmdtostr       
   14c72 CODE       _BUS_cmd_resptostr  
   14cf8 CODE       _bus_flags_tostr    
   14d18 CODE       _bus_version_err_tostr
   14d9a CODE       _reset_bor          
   14dcc CODE       _main_return        
   14de0 CODE       _startup_error_check
   15028 CODE       _err_register_handler
   150e0 CODE       _error_init         
   15140 CODE       _error_recording_start
   1523e CODE       _set_error_level    
   1524a CODE       _get_error_level    
   15250 CODE       __record_error      
   152fa CODE       _record_error       
   15392 CODE       _ERR_lev_str        
   153d0 CODE       _err_do_decode      
   15458 CODE       _print_error        
   154a6 CODE       _report_error       
   154d4 CODE       _clear_saved_errors 
   1552c CODE       _error_log_mem_replay
   15728 CODE       _error_log_replay   
   15a18 CODE       _make_args          
   15a82 CODE       _helpCmd            
   15b34 CODE       _doCmd              
   15bb8 CODE       _hist_incr          
   15bc4 CODE       _hist_decr          
   15bd0 CODE       _terminal           
   15e90 CODE       _UCA1_init_UART     
   15f6c CODE       _UCA1_TxChar        
   15fa8 CODE       _UCA1_Getc          
   15fc4 CODE       _UCA1_CheckKey      
   15fe0 CODE       _UCA1_setup_events  
   16008 CODE       _I2C_addr_lookup    
   16050 CODE       _I2C_addr_revlookup 
   16088 CODE       _getI2C_addr        
   16152 CODE       _restCmd            
   16208 CODE       _timeCmd            
   1621e CODE       _txCmd              
   1639c CODE       _spiCmd             
   164ae CODE       _asyncProxyCmd      
   165e4 CODE       _ARCsearch_Cmd      
   1669a CODE       _ARClib_version_Cmd 
   166ac CODE       _errReq_Cmd         
   1686c CODE       _parse_log_level    
   16946 CODE       _replayCmd          
   169d2 CODE       _clearErrCmd        
   169f6 CODE       _logCmd             
   16a7c CODE       _SPISetup           
   16a92 CODE       _SPI_fast           
   16aa4 CODE       _SPI_slow           
   16ab4 CODE       _spiSendByte        
   16ad2 CODE       _spiDummyClk        
   16aee CODE       _spiReadFrame       
   16ba6 CODE       _spiSendFrame       
   16c50 CODE       _mmc_is_init        
   16c6c CODE       _mmcUnlock          
   16ca8 CODE       _mmcLock            
   16ce0 CODE       _mmc_pins_on        
   16d04 CODE       __mmc_pins_map      
   16d26 CODE       _mmcInit_msp        
   16d38 CODE       _mmcReInit_card     
   16d88 CODE       _mmcInit_card       
   16d9c CODE       _mmcGoIdle          
   170f4 CODE       _mmc_R1             
   17130 CODE       _mmc_R2             
   1716c CODE       _mmc_R1b            
   171b2 CODE       _mmc_dat_resp       
   17244 CODE       _mmc_token          
   1727a CODE       _mmcReadBlock       
   17362 CODE       _mmcWriteBlock      
   1745c CODE       _mmcSendCmd         
   174ce CODE       _mmcErase           
   175a6 CODE       _SD_error_str       
   177ac CODE       ___int32_mul        
   177ce CODE       ___int16_div        
   177f4 CODE       ___int16_mod        
   1781a CODE       ___int16_mul        
   17830 CODE       ___int64_lsl        
   17842 CODE       ___int64_lsr        
   178a2 CODE       ___uint64_mod       
   178c2 CODE       ___uint16_div       
   178da CODE       ___uint16_mod       
   178e2 CODE       ___uint32_div       
   178ec CODE       ___uint32_divmod    
   17914 CODE       ___uint32_mod       
   17922 CODE       ___uint64_div       
   1794a CODE       ___uint64_divmod    
   17986 CODE       ___digit            
   179cc CODE       ___RAL_pow10        
   17a22 CODE       ___strtoul          
   17b40 CODE       ___putc             
   17b8a CODE       ___RAL_print_padding
   17ba8 CODE       ___RAL_pre_padding  
   17bd2 CODE       _abs                
   17be2 CODE       _atoi               
   17c08 CODE       ___RAL_isctype      
   17c26 CODE       _isupper            
   17c38 CODE       _islower            
   17c4a CODE       _isdigit            
   17c5a CODE       _isspace            
   17c6a CODE       _iscntrl            
   17c7c CODE       ___errno            
   17c86 CODE       _getchar            
   17ca4 CODE       ___RAL_global_locale_category
   17d74 CODE       _printf             
   17db0 CODE       _puts               
   17dea CODE       _rand               
   17e20 CODE       _sprintf            
   17e50 CODE       _srand              
   17e60 CODE       _strcat             
   17e80 CODE       _strcmp             
   17ea0 CODE       _strcpy             
   17eb6 CODE       _strncmp            
   17ee4 CODE       _strnlen            
   17efe CODE       _strtol             
   17faa CODE       _strtoul            
   1805e CODE       _vprintf            
   18092 CODE       ___RAL_init_mbstate 
   180a0 CODE       ___RAL_ascii_mbtowc 
   180e6 CODE       ___RAL_ascii_wctomb 
   1810e CODE       _memcpy             
   1811e CODE       _memset             
   1812e CODE       _strlen             
   1813e CODE       ___float32_isinf    
   18158 CODE       ___float32_isnan    
   18170 CODE       ___float32_signbit  
   18180 CODE       ___uint64_to_float32
   182a4 CODE       ___float32_to_int64 
   18356 CODE       ___float32_add      
   18448 CODE       ___float32_sub      
   18454 CODE       ___float32_mul      
   1852c CODE       ___float32_div      
   185ea CODE       ___float32_lt       
   18606 CODE       ___float32_eq       
   18616 CODE       _modff              
   186ac CODE       _floor              
   186ac CODE       _floorf             
   1877c CODE       _fmod               
   1877c CODE       _fmodf              
   188ee CODE       _fabsf              
   188f4 CODE       _ldexp              
   18930 CODE       _frexp              
