
SYMBOLS BY NAME

      80            CTL_IRQ_STACK_SIZE  
    2baa UDATA0     _ARC_bus_helper_task
    2dca UDATA0     _ARC_bus_task       
   14106 CODE       _ARC_setup          
    d98d CONST      _ARClib_version     
   17c90 CODE       _ARClib_version_Cmd 
    d9a0 CONST      _ARClib_vstruct     
   17bda CODE       _ARCsearch_Cmd      
   139be CODE       _BUS_I2C_release    
    2bc6 UDATA0     _BUS_INT_events     
   1395c CODE       _BUS_OA_check       
   13cf2 CODE       _BUS_SPI_txrx       
   138ec CODE       _BUS_addr_to_flags  
   151d4 CODE       _BUS_alarm_is_free  
   13942 CODE       _BUS_cmd_init       
   15e20 CODE       _BUS_cmd_resptostr  
   13a5a CODE       _BUS_cmd_tx         
   15c74 CODE       _BUS_cmdtostr       
   15ba4 CODE       _BUS_error_str      
   13876 CODE       _BUS_flags_to_addr  
   1524a CODE       _BUS_free_alarm     
   14efa CODE       _BUS_free_buffer    
   14f04 CODE       _BUS_free_buffer_from_event
   137fa CODE       _BUS_get_OA         
   14ed2 CODE       _BUS_get_buffer     
   14ecc CODE       _BUS_get_buffer_size
    2bc8 UDATA0     _BUS_helper_events  
   14ec2 CODE       _BUS_init_buffer    
   13f64 CODE       _BUS_int_set        
   142b8 CODE       _BUS_register_cmd_callback
   151fc CODE       _BUS_set_alarm      
    2bca UDATA0     _BUS_stack          
    3ccc THREAD     _BUS_thread_addr_flags
   15262 CODE       _BUS_timer_timeout_check
   142de CODE       _BUS_version_cmp    
   10f1c CODE       _CDH_err_decode     
    1c08 IDATA0     _CDH_parse          
   10578 CODE       _CDH_parseCmd       
    1c0e IDATA0     _CDH_print          
   100a8 CODE       _CDH_print_cmd      
    306a UDATA0     _DMA_events         
    c5c2 ISR        _DMA_int            
   16540 CODE       _ERR_lev_str        
    2872 UDATA0     _GS_CMD             
   175fe CODE       _I2C_addr_lookup    
   17646 CODE       _I2C_addr_revlookup 
    2e2a UDATA0     _I2C_rx_buf         
    2e28 UDATA0     _I2C_rx_in          
    2e26 UDATA0     _I2C_rx_out         
   102a0 CODE       _I2C_spam_Cmd       
   10264 CODE       _I2CcmdName_Cmd     
    1c06 IDATA0     _LED_dir            
   1051a CODE       _LED_shift          
   1546a CODE       _PMM_setVCore       
   153b0 CODE       _PMM_setVCoreDown   
   152b6 CODE       _PMM_setVCoreUp     
   10eac CODE       _PrintBuffer        
   18ebc CODE       _SD_error_str       
   18072 CODE       _SPISetup           
   14034 CODE       _SPI_deactivate     
   18088 CODE       _SPI_fast           
   13ff4 CODE       _SPI_master_setup   
   14014 CODE       _SPI_slave_setup    
   1809a CODE       _SPI_slow           
    2e02 UDATA0     _SUB_events         
    c688 ISR        _SYS_NMI            
   17172 CODE       _UCA1_CheckKey      
   17156 CODE       _UCA1_Getc          
    c79e ISR        _UCA1_ISR           
    3b80 UDATA0     _UCA1_RxBuf         
    3c24 UDATA0     _UCA1_TxBuf         
   1711a CODE       _UCA1_TxChar        
   1703e CODE       _UCA1_init_UART     
   1718e CODE       _UCA1_setup_events  
    1c02 IDATA0     _USB_power          
   10ef2 CODE       _USB_power_check    
    fb9a CONST      ___RAL_ascii_ctype_map
   19a80 CODE       ___RAL_ascii_mbtowc 
   19ac6 CODE       ___RAL_ascii_wctomb 
    fd74 CONST      ___RAL_c_locale     
    fc72 CONST      ___RAL_c_locale_abbrev_day_names
    fce6 CONST      ___RAL_c_locale_abbrev_month_names
    fd17 CONST      ___RAL_c_locale_am_pm_indicator
    fd42 CONST      ___RAL_c_locale_data
    fd1e CONST      ___RAL_c_locale_date_format
    fd30 CONST      ___RAL_c_locale_date_time_format
    fc38 CONST      ___RAL_c_locale_day_names
    fc8f CONST      ___RAL_c_locale_month_names
    fd27 CONST      ___RAL_c_locale_time_format
    fc28 CONST      ___RAL_codeset_ascii
    fd41 CONST      ___RAL_data_empty_string
    fd3f CONST      ___RAL_data_utf8_period
    1c3e IDATA0     ___RAL_global_locale
   19656 CODE       ___RAL_global_locale_category
    fb72 CONST      ___RAL_hex_lc       
    fb62 CONST      ___RAL_hex_uc       
   19a72 CODE       ___RAL_init_mbstate 
   195ba CODE       ___RAL_isctype      
   1937e CODE       ___RAL_pow10        
   1955a CODE       ___RAL_pre_padding  
   1953c CODE       ___RAL_print_padding
    1c48 IDATA0     ___RAL_rand_next    
   1374c CODE       ___RAL_read_tp      
    1c00            ___RAM_Address      
    8000            ___RAM_Size         
    1c00            ___begin_IDATA0     
    3ccc            ___begin_THREAD     
    1c4c            ___begin_UDATA0     
     4da            ___crt_mac32h       
     4d8            ___crt_mac32l       
     4c0            ___crt_mpy          
     4d2            ___crt_mpy32h       
     4d0            ___crt_mpy32l       
     4c8            ___crt_op2          
     4e2            ___crt_op2h         
     4e0            ___crt_op2l         
     4e4            ___crt_res0         
     4e6            ___crt_res1         
     4e8            ___crt_res2         
     4ea            ___crt_res3         
     4ca            ___crt_reslo        
   1930a CODE       ___digit            
    1c4c            ___end_IDATA0       
    3cd0            ___end_THREAD       
    3ccc            ___end_UDATA0       
   1962e CODE       ___errno            
   19d36 CODE       ___float32_add      
   19f0c CODE       ___float32_div      
   19fe6 CODE       ___float32_eq       
   19b1e CODE       ___float32_isinf    
   19b38 CODE       ___float32_isnan    
   19fca CODE       ___float32_lt       
   19e34 CODE       ___float32_mul      
    fd7c CONST      ___float32_nan      
   19b50 CODE       ___float32_signbit  
   19e28 CODE       ___float32_sub      
   19c84 CODE       ___float32_to_int64 
   19350 CODE       ___getc             
   103ac CODE       ___getchar          
   190e4 CODE       ___int16_div        
   1910a CODE       ___int16_mod        
   19130 CODE       ___int16_mul        
   19ff6 CODE       ___int16_to_float32 
   190c2 CODE       ___int32_mul        
   191b4 CODE       ___int64_lsl        
   191c6 CODE       ___int64_lsr        
   19146 CODE       ___int64_mul        
   12e12 CODE       ___printf_lock      
   12e2e CODE       ___printf_unlock    
   194f2 CODE       ___putc             
   1038e CODE       ___putchar          
   193d4 CODE       ___strtoul          
    c824 ISR        ___thunk_ARClib_version_Cmd
    c820 ISR        ___thunk_ARCsearch_Cmd
    c0b8 ISR        ___thunk_CDH_err_decode
    c0ac ISR        ___thunk_CDH_parseCmd
    c00c ISR        ___thunk_CDH_print_cmd
    c01c ISR        ___thunk_I2C_spam_Cmd
    c018 ISR        ___thunk_I2CcmdName_Cmd
    c85c ISR        ___thunk___RAL_ascii_mbtowc
    c860 ISR        ___thunk___RAL_ascii_wctomb
    c024 ISR        ___thunk___putchar  
    c81c ISR        ___thunk_asyncProxyCmd
    c004 ISR        ___thunk_beaconCmd  
    c830 ISR        ___thunk_clearErrCmd
    c0b0 ISR        ___thunk_cmd_parse  
    c828 ISR        ___thunk_errReq_Cmd 
    c792 ISR        ___thunk_err_decode_arcbus
    c008 ISR        ___thunk_hard_reset_Cmd
    c796 ISR        ___thunk_helpCmd    
    c834 ISR        ___thunk_logCmd     
    c7f4 ISR        ___thunk_mmcInitChkCmd
    c800 ISR        ___thunk_mmc_cardSize
    c7f8 ISR        ___thunk_mmc_dump   
    c804 ISR        ___thunk_mmc_eraseCmd
    c808 ISR        ___thunk_mmc_reinit 
    c7fc ISR        ___thunk_mmcdat_Cmd 
    c010 ISR        ___thunk_power_Cmd  
    c82c ISR        ___thunk_replayCmd  
    c80c ISR        ___thunk_restCmd    
    c014 ISR        ___thunk_solar_Cmd  
    c818 ISR        ___thunk_spiCmd     
    c000 ISR        ___thunk_statCmd    
    c020 ISR        ___thunk_stat_req_Cmd
    c0b4 ISR        ___thunk_sub_events 
    c79a ISR        ___thunk_terminal   
    c810 ISR        ___thunk_timeCmd    
    c814 ISR        ___thunk_txCmd      
   19246 CODE       ___uint16_div       
   1925e CODE       ___uint16_mod       
   1a002 CODE       ___uint16_to_float32
   1a00c CODE       ___uint16_to_float32_aux
   19266 CODE       ___uint32_div       
   19270 CODE       ___uint32_divmod    
   19298 CODE       ___uint32_mod       
   192a6 CODE       ___uint64_div       
   192ce CODE       ___uint64_divmod    
   19226 CODE       ___uint64_mod       
   19b60 CODE       ___uint64_to_float32
    1c3c IDATA0     ___ungot            
    3cca UDATA0     ___user_format_extender
   110dc CODE       ___vfprintf         
   110dc CODE       ___vfprintf_float_long
   1266c CODE       ___vfscanf          
   1266c CODE       ___vfscanf_float_long_long_cc
   182fa CODE       __mmc_pins_map      
   163fe CODE       __record_error      
   19584 CODE       _abs                
   13992 CODE       _addr_chk           
    36be UDATA0     _alarms             
    2e04 UDATA0     _arcBus_stat        
   17aa4 CODE       _asyncProxyCmd      
   1517a CODE       _async_Getc         
   15136 CODE       _async_TxChar       
    1c28 IDATA0     _async_addr         
   15026 CODE       _async_close        
   150a2 CODE       _async_close_remote 
   14f12 CODE       _async_isOpen       
   14f18 CODE       _async_open         
   14f94 CODE       _async_open_remote  
    36a2 UDATA0     _async_rxQ          
   150d0 CODE       _async_send_data    
   151ca CODE       _async_setup_close_event
   151a2 CODE       _async_setup_events 
    1c2a IDATA0     _async_timer        
    36b0 UDATA0     _async_txQ          
   19594 CODE       _atoi               
    fe02 CODE       _beaconCmd          
    1c00 IDATA0     _beacon_on          
    3470 UDATA0     _buffer_mutex       
   10f0e CODE       _burn_off           
   10f00 CODE       _burn_on            
    f09a CONST      _busAddrSym         
    c0c4 ISR        _bus_I2C_isr        
    c500 ISR        _bus_SPI_isr        
   15ea6 CODE       _bus_flags_tostr    
    c50c ISR        _bus_int            
    c642 ISR        _bus_resend         
   15ec6 CODE       _bus_version_err_tostr
   104fc CODE       _cdh_print          
   17fc8 CODE       _clearErrCmd        
   16682 CODE       _clear_saved_errors 
    1c2c IDATA0     _closed_event       
    1c2e IDATA0     _closed_flag        
   1075c CODE       _cmd_parse          
    2904 UDATA0     _cmd_parse_evt      
    1c24 IDATA0     _cmd_parse_list     
    c864 CONST      _cmd_tbl            
   13fa8 CODE       _crc16              
   13f76 CODE       _crc7               
    2998 UDATA0     _crc_mutex          
   1322c CODE       _ctl_byte_queue_init
   1328c CODE       _ctl_byte_queue_num_used
   13646 CODE       _ctl_byte_queue_post
   133c0 CODE       _ctl_byte_queue_post_multi
   13566 CODE       _ctl_byte_queue_post_multi_nb
   1369a CODE       _ctl_byte_queue_post_nb
   13674 CODE       _ctl_byte_queue_receive
   13498 CODE       _ctl_byte_queue_receive_multi
   135d6 CODE       _ctl_byte_queue_receive_multi_nb
   136b4 CODE       _ctl_byte_queue_receive_nb
   13256 CODE       _ctl_byte_queue_setup_events
    290c UDATA0     _ctl_current_time   
   13776 CODE       _ctl_enter_isr      
   12e42 CODE       _ctl_events_init    
   12fd6 CODE       _ctl_events_set_clear
   12e56 CODE       _ctl_events_wait    
   137aa CODE       _ctl_exit_isr       
   12dfa CODE       _ctl_get_current_time
   137e2 CODE       _ctl_global_interrupts_set
   154aa CODE       _ctl_handle_error   
   12d80 CODE       _ctl_increment_tick_from_isr
    2911 UDATA0     _ctl_interrupt_count
    2908 UDATA0     _ctl_last_schedule_time
    1c18 IDATA0     _ctl_libc_mutex     
   13036 CODE       _ctl_mutex_init     
   13062 CODE       _ctl_mutex_lock     
   1304e CODE       _ctl_mutex_lock_uc  
   13166 CODE       _ctl_mutex_unlock   
   12ab0 CODE       _ctl_private_add_to_task_list
   12f52 CODE       _ctl_private_events_schedule
   136c8 CODE       _ctl_private_get_stack_start
   136ce CODE       _ctl_private_get_thread_local_storage
   136d4 CODE       _ctl_private_init_registers
   13736 CODE       _ctl_private_init_thread_local_storage
   12afe CODE       _ctl_private_remove_from_task_list
   12b38 CODE       _ctl_private_reschedule
   1375a CODE       _ctl_private_reschedule_from_api_call
    2910 UDATA0     _ctl_reschedule_on_last_isr_exit
   12cd8 CODE       _ctl_task_die       
    2912 UDATA0     _ctl_task_executing 
   12c10 CODE       _ctl_task_init      
    2914 UDATA0     _ctl_task_list      
   12c4c CODE       _ctl_task_run       
   12d00 CODE       _ctl_task_set_priority
    2906 UDATA0     _ctl_task_switch_callout
    1c16 IDATA0     _ctl_time_increment 
   12d3e CODE       _ctl_timeout_wait   
    1c12 IDATA0     _ctl_timeslice_period
   16ce2 CODE       _doCmd              
   17ca2 CODE       _errReq_Cmd         
   154bc CODE       _err_decode_arcbus  
   1657e CODE       _err_do_decode      
   161d6 CODE       _err_register_handler
   1628e CODE       _error_init         
   166da CODE       _error_log_mem_replay
   168d6 CODE       _error_log_replay   
   162ee CODE       _error_recording_start
   1a304 CODE       _fabsf              
   1a0c2 CODE       _floor              
   1a0c2 CODE       _floorf             
   1a192 CODE       _fmod               
   1a192 CODE       _fmodf              
   1a346 CODE       _frexp              
   1767e CODE       _getI2C_addr        
   163f8 CODE       _get_error_level    
   13fdc CODE       _get_ticker_time    
   19638 CODE       _getchar            
    fe7e CODE       _hard_reset_Cmd     
   16c30 CODE       _helpCmd            
    29b6 UDATA0     _helper_stack       
   16d72 CODE       _hist_decr          
   16d66 CODE       _hist_incr          
    2de6 UDATA0     _idle_task          
   1419a CODE       _initARCbus         
   1404a CODE       _initCLK            
   140b0 CODE       _initSVS            
   1055c CODE       _init_CDH_timer     
   14094 CODE       _init_timerA        
   1961c CODE       _iscntrl            
   195fc CODE       _isdigit            
   195ea CODE       _islower            
   1960c CODE       _isspace            
   195d8 CODE       _isupper            
   1a30a CODE       _ldexp              
   17fec CODE       _logCmd             
   103b2 CODE       _main               
   14e78 CODE       _mainLoop           
   15f7a CODE       _main_return        
   16bc6 CODE       _make_args          
   19aee CODE       _memcpy             
   19afe CODE       _memset             
   18c26 CODE       _mmcErase           
   18d78 CODE       _mmcGetCardSize     
   18392 CODE       _mmcGoIdle          
   171b6 CODE       _mmcInitChkCmd      
   1837e CODE       _mmcInit_card       
   1831c CODE       _mmcInit_msp        
   1829e CODE       _mmcLock            
   1832e CODE       _mmcReInit_card     
   18870 CODE       _mmcReadBlock       
   18958 CODE       _mmcReadBlocks      
   18cfe CODE       _mmcReadReg         
   18bb4 CODE       _mmcSendCmd         
    1c34 IDATA0     _mmcStat            
   18262 CODE       _mmcUnlock          
   18aba CODE       _mmcWriteBlock      
    c838 ISR        _mmc_ISR            
   186ea CODE       _mmc_R1             
   18762 CODE       _mmc_R1b            
   18726 CODE       _mmc_R2             
   17502 CODE       _mmc_cardSize       
   187a8 CODE       _mmc_dat_resp       
   171e4 CODE       _mmc_dump           
   1754e CODE       _mmc_eraseCmd       
   18246 CODE       _mmc_is_init        
   182d6 CODE       _mmc_pins_on        
   175de CODE       _mmc_reinit         
   1883a CODE       _mmc_token          
   17340 CODE       _mmcdat_Cmd         
   1a02c CODE       _modff              
    36de UDATA0     _next_idx           
   17e62 CODE       _parse_log_level    
    1c22 IDATA0     _powerState         
   10122 CODE       _power_Cmd          
   16606 CODE       _print_error        
   19726 CODE       _printf             
   19762 CODE       _puts               
   1979c CODE       _rand               
   142a8 CODE       _readTA1            
   164a8 CODE       _record_error       
   17f3c CODE       _replayCmd          
   16654 CODE       _report_error       
    2871 UDATA0     _reset_addr         
   15f48 CODE       _reset_bor          
   17748 CODE       _restCmd            
    3476 UDATA0     _rxbuf              
    36ce UDATA0     _saved_error        
   163ec CODE       _set_error_level    
   101d8 CODE       _solar_Cmd          
   17992 CODE       _spiCmd             
   180c8 CODE       _spiDummyClk        
   180e4 CODE       _spiReadFrame       
   180aa CODE       _spiSendByte        
   1819c CODE       _spiSendFrame       
   197d2 CODE       _sprintf            
   19802 CODE       _srand              
   19812 CODE       _sscanf             
    2424 UDATA0     _stack1             
    2038 UDATA0     _stack2             
    1c4c UDATA0     _stack3             
   10570 CODE       _start_CDH_timer    
   140a8 CODE       _start_timerA       
   15f8e CODE       _startup_error_check
    fd80 CODE       _statCmd            
    1c04 IDATA0     _stat_req           
   10324 CODE       _stat_req_Cmd       
   19840 CODE       _strcat             
   19860 CODE       _strcmp             
   19880 CODE       _strcpy             
   19b0e CODE       _strlen             
   19896 CODE       _strncmp            
   198c4 CODE       _strnlen            
   198de CODE       _strtol             
   1998a CODE       _strtoul            
   10e22 CODE       _sub_events         
    2890 UDATA0     _system_stat        
    c028 ISR        _task_tick          
    2810 UDATA0     _tasks              
    2902 UDATA0     _term_evt           
   16d7e CODE       _terminal           
    299e UDATA0     _ticker_time        
   177fe CODE       _timeCmd            
   17814 CODE       _txCmd              
    35a2 UDATA0     _txbuf              
   19a3e CODE       _vprintf            
    d9fc CONST      thread_init_begin   
    da00 CONST      thread_init_end     


SYMBOLS BY VALUE

      80            CTL_IRQ_STACK_SIZE  
     4c0            ___crt_mpy          
     4c8            ___crt_op2          
     4ca            ___crt_reslo        
     4d0            ___crt_mpy32l       
     4d2            ___crt_mpy32h       
     4d8            ___crt_mac32l       
     4da            ___crt_mac32h       
     4e0            ___crt_op2l         
     4e2            ___crt_op2h         
     4e4            ___crt_res0         
     4e6            ___crt_res1         
     4e8            ___crt_res2         
     4ea            ___crt_res3         
    1c00 IDATA0     _beacon_on          
    1c00            ___begin_IDATA0     
    1c00            ___RAM_Address      
    1c02 IDATA0     _USB_power          
    1c04 IDATA0     _stat_req           
    1c06 IDATA0     _LED_dir            
    1c08 IDATA0     _CDH_parse          
    1c0e IDATA0     _CDH_print          
    1c12 IDATA0     _ctl_timeslice_period
    1c16 IDATA0     _ctl_time_increment 
    1c18 IDATA0     _ctl_libc_mutex     
    1c22 IDATA0     _powerState         
    1c24 IDATA0     _cmd_parse_list     
    1c28 IDATA0     _async_addr         
    1c2a IDATA0     _async_timer        
    1c2c IDATA0     _closed_event       
    1c2e IDATA0     _closed_flag        
    1c34 IDATA0     _mmcStat            
    1c3c IDATA0     ___ungot            
    1c3e IDATA0     ___RAL_global_locale
    1c48 IDATA0     ___RAL_rand_next    
    1c4c            ___begin_UDATA0     
    1c4c            ___end_IDATA0       
    1c4c UDATA0     _stack3             
    2038 UDATA0     _stack2             
    2424 UDATA0     _stack1             
    2810 UDATA0     _tasks              
    2871 UDATA0     _reset_addr         
    2872 UDATA0     _GS_CMD             
    2890 UDATA0     _system_stat        
    2902 UDATA0     _term_evt           
    2904 UDATA0     _cmd_parse_evt      
    2906 UDATA0     _ctl_task_switch_callout
    2908 UDATA0     _ctl_last_schedule_time
    290c UDATA0     _ctl_current_time   
    2910 UDATA0     _ctl_reschedule_on_last_isr_exit
    2911 UDATA0     _ctl_interrupt_count
    2912 UDATA0     _ctl_task_executing 
    2914 UDATA0     _ctl_task_list      
    2998 UDATA0     _crc_mutex          
    299e UDATA0     _ticker_time        
    29b6 UDATA0     _helper_stack       
    2baa UDATA0     _ARC_bus_helper_task
    2bc6 UDATA0     _BUS_INT_events     
    2bc8 UDATA0     _BUS_helper_events  
    2bca UDATA0     _BUS_stack          
    2dca UDATA0     _ARC_bus_task       
    2de6 UDATA0     _idle_task          
    2e02 UDATA0     _SUB_events         
    2e04 UDATA0     _arcBus_stat        
    2e26 UDATA0     _I2C_rx_out         
    2e28 UDATA0     _I2C_rx_in          
    2e2a UDATA0     _I2C_rx_buf         
    306a UDATA0     _DMA_events         
    3470 UDATA0     _buffer_mutex       
    3476 UDATA0     _rxbuf              
    35a2 UDATA0     _txbuf              
    36a2 UDATA0     _async_rxQ          
    36b0 UDATA0     _async_txQ          
    36be UDATA0     _alarms             
    36ce UDATA0     _saved_error        
    36de UDATA0     _next_idx           
    3b80 UDATA0     _UCA1_RxBuf         
    3c24 UDATA0     _UCA1_TxBuf         
    3cca UDATA0     ___user_format_extender
    3ccc            ___begin_THREAD     
    3ccc THREAD     _BUS_thread_addr_flags
    3ccc            ___end_UDATA0       
    3cd0            ___end_THREAD       
    8000            ___RAM_Size         
    c000 ISR        ___thunk_statCmd    
    c004 ISR        ___thunk_beaconCmd  
    c008 ISR        ___thunk_hard_reset_Cmd
    c00c ISR        ___thunk_CDH_print_cmd
    c010 ISR        ___thunk_power_Cmd  
    c014 ISR        ___thunk_solar_Cmd  
    c018 ISR        ___thunk_I2CcmdName_Cmd
    c01c ISR        ___thunk_I2C_spam_Cmd
    c020 ISR        ___thunk_stat_req_Cmd
    c024 ISR        ___thunk___putchar  
    c028 ISR        _task_tick          
    c0ac ISR        ___thunk_CDH_parseCmd
    c0b0 ISR        ___thunk_cmd_parse  
    c0b4 ISR        ___thunk_sub_events 
    c0b8 ISR        ___thunk_CDH_err_decode
    c0c4 ISR        _bus_I2C_isr        
    c500 ISR        _bus_SPI_isr        
    c50c ISR        _bus_int            
    c5c2 ISR        _DMA_int            
    c642 ISR        _bus_resend         
    c688 ISR        _SYS_NMI            
    c792 ISR        ___thunk_err_decode_arcbus
    c796 ISR        ___thunk_helpCmd    
    c79a ISR        ___thunk_terminal   
    c79e ISR        _UCA1_ISR           
    c7f4 ISR        ___thunk_mmcInitChkCmd
    c7f8 ISR        ___thunk_mmc_dump   
    c7fc ISR        ___thunk_mmcdat_Cmd 
    c800 ISR        ___thunk_mmc_cardSize
    c804 ISR        ___thunk_mmc_eraseCmd
    c808 ISR        ___thunk_mmc_reinit 
    c80c ISR        ___thunk_restCmd    
    c810 ISR        ___thunk_timeCmd    
    c814 ISR        ___thunk_txCmd      
    c818 ISR        ___thunk_spiCmd     
    c81c ISR        ___thunk_asyncProxyCmd
    c820 ISR        ___thunk_ARCsearch_Cmd
    c824 ISR        ___thunk_ARClib_version_Cmd
    c828 ISR        ___thunk_errReq_Cmd 
    c82c ISR        ___thunk_replayCmd  
    c830 ISR        ___thunk_clearErrCmd
    c834 ISR        ___thunk_logCmd     
    c838 ISR        _mmc_ISR            
    c85c ISR        ___thunk___RAL_ascii_mbtowc
    c860 ISR        ___thunk___RAL_ascii_wctomb
    c864 CONST      _cmd_tbl            
    d98d CONST      _ARClib_version     
    d9a0 CONST      _ARClib_vstruct     
    d9fc CONST      thread_init_begin   
    da00 CONST      thread_init_end     
    f09a CONST      _busAddrSym         
    fb62 CONST      ___RAL_hex_uc       
    fb72 CONST      ___RAL_hex_lc       
    fb9a CONST      ___RAL_ascii_ctype_map
    fc28 CONST      ___RAL_codeset_ascii
    fc38 CONST      ___RAL_c_locale_day_names
    fc72 CONST      ___RAL_c_locale_abbrev_day_names
    fc8f CONST      ___RAL_c_locale_month_names
    fce6 CONST      ___RAL_c_locale_abbrev_month_names
    fd17 CONST      ___RAL_c_locale_am_pm_indicator
    fd1e CONST      ___RAL_c_locale_date_format
    fd27 CONST      ___RAL_c_locale_time_format
    fd30 CONST      ___RAL_c_locale_date_time_format
    fd3f CONST      ___RAL_data_utf8_period
    fd41 CONST      ___RAL_data_empty_string
    fd42 CONST      ___RAL_c_locale_data
    fd74 CONST      ___RAL_c_locale     
    fd7c CONST      ___float32_nan      
    fd80 CODE       _statCmd            
    fe02 CODE       _beaconCmd          
    fe7e CODE       _hard_reset_Cmd     
   100a8 CODE       _CDH_print_cmd      
   10122 CODE       _power_Cmd          
   101d8 CODE       _solar_Cmd          
   10264 CODE       _I2CcmdName_Cmd     
   102a0 CODE       _I2C_spam_Cmd       
   10324 CODE       _stat_req_Cmd       
   1038e CODE       ___putchar          
   103ac CODE       ___getchar          
   103b2 CODE       _main               
   104fc CODE       _cdh_print          
   1051a CODE       _LED_shift          
   1055c CODE       _init_CDH_timer     
   10570 CODE       _start_CDH_timer    
   10578 CODE       _CDH_parseCmd       
   1075c CODE       _cmd_parse          
   10e22 CODE       _sub_events         
   10eac CODE       _PrintBuffer        
   10ef2 CODE       _USB_power_check    
   10f00 CODE       _burn_on            
   10f0e CODE       _burn_off           
   10f1c CODE       _CDH_err_decode     
   110dc CODE       ___vfprintf         
   110dc CODE       ___vfprintf_float_long
   1266c CODE       ___vfscanf_float_long_long_cc
   1266c CODE       ___vfscanf          
   12ab0 CODE       _ctl_private_add_to_task_list
   12afe CODE       _ctl_private_remove_from_task_list
   12b38 CODE       _ctl_private_reschedule
   12c10 CODE       _ctl_task_init      
   12c4c CODE       _ctl_task_run       
   12cd8 CODE       _ctl_task_die       
   12d00 CODE       _ctl_task_set_priority
   12d3e CODE       _ctl_timeout_wait   
   12d80 CODE       _ctl_increment_tick_from_isr
   12dfa CODE       _ctl_get_current_time
   12e12 CODE       ___printf_lock      
   12e2e CODE       ___printf_unlock    
   12e42 CODE       _ctl_events_init    
   12e56 CODE       _ctl_events_wait    
   12f52 CODE       _ctl_private_events_schedule
   12fd6 CODE       _ctl_events_set_clear
   13036 CODE       _ctl_mutex_init     
   1304e CODE       _ctl_mutex_lock_uc  
   13062 CODE       _ctl_mutex_lock     
   13166 CODE       _ctl_mutex_unlock   
   1322c CODE       _ctl_byte_queue_init
   13256 CODE       _ctl_byte_queue_setup_events
   1328c CODE       _ctl_byte_queue_num_used
   133c0 CODE       _ctl_byte_queue_post_multi
   13498 CODE       _ctl_byte_queue_receive_multi
   13566 CODE       _ctl_byte_queue_post_multi_nb
   135d6 CODE       _ctl_byte_queue_receive_multi_nb
   13646 CODE       _ctl_byte_queue_post
   13674 CODE       _ctl_byte_queue_receive
   1369a CODE       _ctl_byte_queue_post_nb
   136b4 CODE       _ctl_byte_queue_receive_nb
   136c8 CODE       _ctl_private_get_stack_start
   136ce CODE       _ctl_private_get_thread_local_storage
   136d4 CODE       _ctl_private_init_registers
   13736 CODE       _ctl_private_init_thread_local_storage
   1374c CODE       ___RAL_read_tp      
   1375a CODE       _ctl_private_reschedule_from_api_call
   13776 CODE       _ctl_enter_isr      
   137aa CODE       _ctl_exit_isr       
   137e2 CODE       _ctl_global_interrupts_set
   137fa CODE       _BUS_get_OA         
   13876 CODE       _BUS_flags_to_addr  
   138ec CODE       _BUS_addr_to_flags  
   13942 CODE       _BUS_cmd_init       
   1395c CODE       _BUS_OA_check       
   13992 CODE       _addr_chk           
   139be CODE       _BUS_I2C_release    
   13a5a CODE       _BUS_cmd_tx         
   13cf2 CODE       _BUS_SPI_txrx       
   13f64 CODE       _BUS_int_set        
   13f76 CODE       _crc7               
   13fa8 CODE       _crc16              
   13fdc CODE       _get_ticker_time    
   13ff4 CODE       _SPI_master_setup   
   14014 CODE       _SPI_slave_setup    
   14034 CODE       _SPI_deactivate     
   1404a CODE       _initCLK            
   14094 CODE       _init_timerA        
   140a8 CODE       _start_timerA       
   140b0 CODE       _initSVS            
   14106 CODE       _ARC_setup          
   1419a CODE       _initARCbus         
   142a8 CODE       _readTA1            
   142b8 CODE       _BUS_register_cmd_callback
   142de CODE       _BUS_version_cmp    
   14e78 CODE       _mainLoop           
   14ec2 CODE       _BUS_init_buffer    
   14ecc CODE       _BUS_get_buffer_size
   14ed2 CODE       _BUS_get_buffer     
   14efa CODE       _BUS_free_buffer    
   14f04 CODE       _BUS_free_buffer_from_event
   14f12 CODE       _async_isOpen       
   14f18 CODE       _async_open         
   14f94 CODE       _async_open_remote  
   15026 CODE       _async_close        
   150a2 CODE       _async_close_remote 
   150d0 CODE       _async_send_data    
   15136 CODE       _async_TxChar       
   1517a CODE       _async_Getc         
   151a2 CODE       _async_setup_events 
   151ca CODE       _async_setup_close_event
   151d4 CODE       _BUS_alarm_is_free  
   151fc CODE       _BUS_set_alarm      
   1524a CODE       _BUS_free_alarm     
   15262 CODE       _BUS_timer_timeout_check
   152b6 CODE       _PMM_setVCoreUp     
   153b0 CODE       _PMM_setVCoreDown   
   1546a CODE       _PMM_setVCore       
   154aa CODE       _ctl_handle_error   
   154bc CODE       _err_decode_arcbus  
   15ba4 CODE       _BUS_error_str      
   15c74 CODE       _BUS_cmdtostr       
   15e20 CODE       _BUS_cmd_resptostr  
   15ea6 CODE       _bus_flags_tostr    
   15ec6 CODE       _bus_version_err_tostr
   15f48 CODE       _reset_bor          
   15f7a CODE       _main_return        
   15f8e CODE       _startup_error_check
   161d6 CODE       _err_register_handler
   1628e CODE       _error_init         
   162ee CODE       _error_recording_start
   163ec CODE       _set_error_level    
   163f8 CODE       _get_error_level    
   163fe CODE       __record_error      
   164a8 CODE       _record_error       
   16540 CODE       _ERR_lev_str        
   1657e CODE       _err_do_decode      
   16606 CODE       _print_error        
   16654 CODE       _report_error       
   16682 CODE       _clear_saved_errors 
   166da CODE       _error_log_mem_replay
   168d6 CODE       _error_log_replay   
   16bc6 CODE       _make_args          
   16c30 CODE       _helpCmd            
   16ce2 CODE       _doCmd              
   16d66 CODE       _hist_incr          
   16d72 CODE       _hist_decr          
   16d7e CODE       _terminal           
   1703e CODE       _UCA1_init_UART     
   1711a CODE       _UCA1_TxChar        
   17156 CODE       _UCA1_Getc          
   17172 CODE       _UCA1_CheckKey      
   1718e CODE       _UCA1_setup_events  
   171b6 CODE       _mmcInitChkCmd      
   171e4 CODE       _mmc_dump           
   17340 CODE       _mmcdat_Cmd         
   17502 CODE       _mmc_cardSize       
   1754e CODE       _mmc_eraseCmd       
   175de CODE       _mmc_reinit         
   175fe CODE       _I2C_addr_lookup    
   17646 CODE       _I2C_addr_revlookup 
   1767e CODE       _getI2C_addr        
   17748 CODE       _restCmd            
   177fe CODE       _timeCmd            
   17814 CODE       _txCmd              
   17992 CODE       _spiCmd             
   17aa4 CODE       _asyncProxyCmd      
   17bda CODE       _ARCsearch_Cmd      
   17c90 CODE       _ARClib_version_Cmd 
   17ca2 CODE       _errReq_Cmd         
   17e62 CODE       _parse_log_level    
   17f3c CODE       _replayCmd          
   17fc8 CODE       _clearErrCmd        
   17fec CODE       _logCmd             
   18072 CODE       _SPISetup           
   18088 CODE       _SPI_fast           
   1809a CODE       _SPI_slow           
   180aa CODE       _spiSendByte        
   180c8 CODE       _spiDummyClk        
   180e4 CODE       _spiReadFrame       
   1819c CODE       _spiSendFrame       
   18246 CODE       _mmc_is_init        
   18262 CODE       _mmcUnlock          
   1829e CODE       _mmcLock            
   182d6 CODE       _mmc_pins_on        
   182fa CODE       __mmc_pins_map      
   1831c CODE       _mmcInit_msp        
   1832e CODE       _mmcReInit_card     
   1837e CODE       _mmcInit_card       
   18392 CODE       _mmcGoIdle          
   186ea CODE       _mmc_R1             
   18726 CODE       _mmc_R2             
   18762 CODE       _mmc_R1b            
   187a8 CODE       _mmc_dat_resp       
   1883a CODE       _mmc_token          
   18870 CODE       _mmcReadBlock       
   18958 CODE       _mmcReadBlocks      
   18aba CODE       _mmcWriteBlock      
   18bb4 CODE       _mmcSendCmd         
   18c26 CODE       _mmcErase           
   18cfe CODE       _mmcReadReg         
   18d78 CODE       _mmcGetCardSize     
   18ebc CODE       _SD_error_str       
   190c2 CODE       ___int32_mul        
   190e4 CODE       ___int16_div        
   1910a CODE       ___int16_mod        
   19130 CODE       ___int16_mul        
   19146 CODE       ___int64_mul        
   191b4 CODE       ___int64_lsl        
   191c6 CODE       ___int64_lsr        
   19226 CODE       ___uint64_mod       
   19246 CODE       ___uint16_div       
   1925e CODE       ___uint16_mod       
   19266 CODE       ___uint32_div       
   19270 CODE       ___uint32_divmod    
   19298 CODE       ___uint32_mod       
   192a6 CODE       ___uint64_div       
   192ce CODE       ___uint64_divmod    
   1930a CODE       ___digit            
   19350 CODE       ___getc             
   1937e CODE       ___RAL_pow10        
   193d4 CODE       ___strtoul          
   194f2 CODE       ___putc             
   1953c CODE       ___RAL_print_padding
   1955a CODE       ___RAL_pre_padding  
   19584 CODE       _abs                
   19594 CODE       _atoi               
   195ba CODE       ___RAL_isctype      
   195d8 CODE       _isupper            
   195ea CODE       _islower            
   195fc CODE       _isdigit            
   1960c CODE       _isspace            
   1961c CODE       _iscntrl            
   1962e CODE       ___errno            
   19638 CODE       _getchar            
   19656 CODE       ___RAL_global_locale_category
   19726 CODE       _printf             
   19762 CODE       _puts               
   1979c CODE       _rand               
   197d2 CODE       _sprintf            
   19802 CODE       _srand              
   19812 CODE       _sscanf             
   19840 CODE       _strcat             
   19860 CODE       _strcmp             
   19880 CODE       _strcpy             
   19896 CODE       _strncmp            
   198c4 CODE       _strnlen            
   198de CODE       _strtol             
   1998a CODE       _strtoul            
   19a3e CODE       _vprintf            
   19a72 CODE       ___RAL_init_mbstate 
   19a80 CODE       ___RAL_ascii_mbtowc 
   19ac6 CODE       ___RAL_ascii_wctomb 
   19aee CODE       _memcpy             
   19afe CODE       _memset             
   19b0e CODE       _strlen             
   19b1e CODE       ___float32_isinf    
   19b38 CODE       ___float32_isnan    
   19b50 CODE       ___float32_signbit  
   19b60 CODE       ___uint64_to_float32
   19c84 CODE       ___float32_to_int64 
   19d36 CODE       ___float32_add      
   19e28 CODE       ___float32_sub      
   19e34 CODE       ___float32_mul      
   19f0c CODE       ___float32_div      
   19fca CODE       ___float32_lt       
   19fe6 CODE       ___float32_eq       
   19ff6 CODE       ___int16_to_float32 
   1a002 CODE       ___uint16_to_float32
   1a00c CODE       ___uint16_to_float32_aux
   1a02c CODE       _modff              
   1a0c2 CODE       _floorf             
   1a0c2 CODE       _floor              
   1a192 CODE       _fmod               
   1a192 CODE       _fmodf              
   1a304 CODE       _fabsf              
   1a30a CODE       _ldexp              
   1a346 CODE       _frexp              
