
SYMBOLS BY NAME

      80            CTL_IRQ_STACK_SIZE  
    2422 UDATA0     _ACDS_e_stack       
    2c32 UDATA0     _ACDS_e_task        
    e5a4 CODE       _ACDS_events        
    1c48 UDATA0     _ACDS_evt           
    2f0a UDATA0     _ARC_bus_helper_task
    312a UDATA0     _ARC_bus_task       
   10e56 CODE       _ARC_setup          
    cf1a CONST      _ARClib_version     
   13752 CODE       _ARClib_version_Cmd 
   13696 CODE       _ARCsearch_Cmd      
   10724 CODE       _BUS_I2C_aux_addr   
   1088e CODE       _BUS_I2C_release    
    2f26 UDATA0     _BUS_INT_events     
   1082c CODE       _BUS_OA_check       
   10a36 CODE       _BUS_SPI_txrx       
   11be2 CODE       _BUS_alarm_ticker_update
   10812 CODE       _BUS_cmd_init       
   10898 CODE       _BUS_cmd_tx         
   125e2 CODE       _BUS_error_str      
   1079c CODE       _BUS_flags_to_addr  
   11b76 CODE       _BUS_free_alarm     
   11a2c CODE       _BUS_free_buffer    
   11a36 CODE       _BUS_free_buffer_from_event
   106a8 CODE       _BUS_get_OA         
   11a04 CODE       _BUS_get_buffer     
   119fe CODE       _BUS_get_buffer_size
    2f28 UDATA0     _BUS_helper_events  
   119f4 CODE       _BUS_init_buffer    
    2f2a UDATA0     _BUS_stack          
    3f84 THREAD     _BUS_thread_addr_flags
   11b8e CODE       _BUS_timer_timeout_check
    3240 UDATA0     _DMA_events         
    c536 ISR        _DMA_int            
   12ae2 CODE       _ERR_lev_str        
   131e4 CODE       _I2C_addr_lookup    
   1322c CODE       _I2C_addr_revlookup 
    318c UDATA0     _I2C_rx_buf         
    318a UDATA0     _I2C_rx_in          
    3188 UDATA0     _I2C_rx_out         
    280e UDATA0     _IMG_e_stack        
    2c4e UDATA0     _IMG_e_task         
    e7fa CODE       _IMG_events         
    2c72 UDATA0     _IMG_evt            
   11e9e CODE       _PMM_setVCore       
   11de4 CODE       _PMM_setVCoreDown   
   11cea CODE       _PMM_setVCoreUp     
   10d8e CODE       _SPI_deactivate     
   10d5a CODE       _SPI_master_setup   
   10d74 CODE       _SPI_slave_setup    
    2036 UDATA0     _SUB_e_stack        
    2c16 UDATA0     _SUB_e_task         
    3162 UDATA0     _SUB_events         
    c5fc ISR        _SYS_NMI            
   131c8 CODE       _UCA1_Getc          
    c712 ISR        _UCA1_ISR           
    3e38 UDATA0     _UCA1_RxBuf         
    3edc UDATA0     _UCA1_TxBuf         
   1318c CODE       _UCA1_TxChar        
   130b0 CODE       _UCA1_init_UART     
    e3be CONST      ___RAL_ascii_ctype_map
   14156 CODE       ___RAL_ascii_mbtowc 
   1419c CODE       ___RAL_ascii_wctomb 
    e598 CONST      ___RAL_c_locale     
    e496 CONST      ___RAL_c_locale_abbrev_day_names
    e50a CONST      ___RAL_c_locale_abbrev_month_names
    e53b CONST      ___RAL_c_locale_am_pm_indicator
    e566 CONST      ___RAL_c_locale_data
    e542 CONST      ___RAL_c_locale_date_format
    e554 CONST      ___RAL_c_locale_date_time_format
    e45c CONST      ___RAL_c_locale_day_names
    e4b3 CONST      ___RAL_c_locale_month_names
    e54b CONST      ___RAL_c_locale_time_format
    e44c CONST      ___RAL_codeset_ascii
    e565 CONST      ___RAL_data_empty_string
    e563 CONST      ___RAL_data_utf8_period
    1c20 IDATA0     ___RAL_global_locale
   13e22 CODE       ___RAL_global_locale_category
    e395 CONST      ___RAL_hex_lc       
    e385 CONST      ___RAL_hex_uc       
   14148 CODE       ___RAL_init_mbstate 
   13d86 CODE       ___RAL_isctype      
   13b4a CODE       ___RAL_pow10        
   13d26 CODE       ___RAL_pre_padding  
   13d08 CODE       ___RAL_print_padding
   105fa CODE       ___RAL_read_tp      
    1c00            ___RAM_Address      
    8000            ___RAM_Size         
    1c00            ___begin_IDATA0     
    3f84            ___begin_THREAD     
    1c2a            ___begin_UDATA0     
     4c0            ___crt_mpy          
     4d2            ___crt_mpy32h       
     4d0            ___crt_mpy32l       
     4c8            ___crt_op2          
     4e2            ___crt_op2h         
     4e0            ___crt_op2l         
     4e4            ___crt_res0         
     4e6            ___crt_res1         
     4e8            ___crt_res2         
     4ea            ___crt_res3         
     4ca            ___crt_reslo        
   13b04 CODE       ___digit            
    1c2a            ___end_IDATA0       
    3f88            ___end_THREAD       
    3f84            ___end_UDATA0       
   13dfa CODE       ___errno            
   1440c CODE       ___float32_add      
   145e2 CODE       ___float32_div      
   146bc CODE       ___float32_eq       
   141f4 CODE       ___float32_isinf    
   1420e CODE       ___float32_isnan    
   146a0 CODE       ___float32_lt       
   1450a CODE       ___float32_mul      
    e5a0 CONST      ___float32_nan      
   14226 CODE       ___float32_signbit  
   144fe CODE       ___float32_sub      
   1435a CODE       ___float32_to_int64 
    e700 CODE       ___getchar          
   1394c CODE       ___int16_div        
   13972 CODE       ___int16_mod        
   13998 CODE       ___int16_mul        
   1392a CODE       ___int32_mul        
   139ae CODE       ___int64_lsl        
   139c0 CODE       ___int64_lsr        
    fc64 CODE       ___printf_lock      
    fc80 CODE       ___printf_unlock    
   13cbe CODE       ___putc             
    e6e2 CODE       ___putchar          
   13ba0 CODE       ___strtoul          
    c000 ISR        ___thunk_ACDS_events
    c77c ISR        ___thunk_ARClib_version_Cmd
    c778 ISR        ___thunk_ARCsearch_Cmd
    c018 ISR        ___thunk_IMG_events 
    c79c ISR        ___thunk___RAL_ascii_mbtowc
    c7a0 ISR        ___thunk___RAL_ascii_wctomb
    c014 ISR        ___thunk___putchar  
    c780 ISR        ___thunk_errReq_Cmd 
    c010 ISR        ___thunk_err_decode 
    c706 ISR        ___thunk_err_decode_arcbus
    c70a ISR        ___thunk_helpCmd    
    c008 ISR        ___thunk_offCmd     
    c004 ISR        ___thunk_onCmd      
    c768 ISR        ___thunk_restCmd    
    c774 ISR        ___thunk_spiCmd     
    c00c ISR        ___thunk_statusCmd  
    c01c ISR        ___thunk_sub_events 
    c70e ISR        ___thunk_terminal   
    c76c ISR        ___thunk_timeCmd    
    c770 ISR        ___thunk_txCmd      
   13a40 CODE       ___uint16_div       
   13a58 CODE       ___uint16_mod       
   13a60 CODE       ___uint32_div       
   13a6a CODE       ___uint32_divmod    
   13a92 CODE       ___uint32_mod       
   13aa0 CODE       ___uint64_div       
   13ac8 CODE       ___uint64_divmod    
   13a20 CODE       ___uint64_mod       
   14236 CODE       ___uint64_to_float32
    1c1e IDATA0     ___ungot            
    3f82 UDATA0     ___user_format_extender
    e8fc CODE       ___vfprintf         
    e8fc CODE       ___vfprintf_float_long
   129f4 CODE       __record_error      
   13d50 CODE       _abs                
   10862 CODE       _addr_chk           
    3894 UDATA0     _alarms             
    3164 UDATA0     _arcBus_stat        
    1c14 IDATA0     _async_addr         
   11adc CODE       _async_close_remote 
   11a44 CODE       _async_isOpen       
   11a4a CODE       _async_open_remote  
    3878 UDATA0     _async_rxQ          
   11b0a CODE       _async_send_data    
    1c16 IDATA0     _async_timer        
    3886 UDATA0     _async_txQ          
   13d60 CODE       _atoi               
    3646 UDATA0     _buffer_mutex       
    de72 CONST      _busAddrSym         
    c028 ISR        _bus_I2C_isr        
    c474 ISR        _bus_SPI_isr        
   12116 CODE       _bus_flags_tostr    
    c480 ISR        _bus_int            
    c5b6 ISR        _bus_resend         
    1c18 IDATA0     _closed_event       
    1c1a IDATA0     _closed_flag        
    1c10 IDATA0     _cmd_parse_list     
   12090 CODE       _cmd_resptostr      
    c7d6 CONST      _cmd_tbl            
   11ef0 CODE       _cmdtostr           
   10ce6 CODE       _crc16              
   10cb4 CODE       _crc7               
   10126 CODE       _ctl_byte_queue_init
   104f4 CODE       _ctl_byte_queue_post
   1026e CODE       _ctl_byte_queue_post_multi
   10414 CODE       _ctl_byte_queue_post_multi_nb
   10548 CODE       _ctl_byte_queue_post_nb
   10522 CODE       _ctl_byte_queue_receive
   10346 CODE       _ctl_byte_queue_receive_multi
   10484 CODE       _ctl_byte_queue_receive_multi_nb
   10562 CODE       _ctl_byte_queue_receive_nb
    2c7a UDATA0     _ctl_current_time   
   10624 CODE       _ctl_enter_isr      
    fc94 CODE       _ctl_events_init    
    fe28 CODE       _ctl_events_set_clear
    fca8 CODE       _ctl_events_wait    
   10658 CODE       _ctl_exit_isr       
    fc4c CODE       _ctl_get_current_time
   10690 CODE       _ctl_global_interrupts_set
   11ede CODE       _ctl_handle_error   
    fbd2 CODE       _ctl_increment_tick_from_isr
    2c7f UDATA0     _ctl_interrupt_count
    2c76 UDATA0     _ctl_last_schedule_time
    1c06 IDATA0     _ctl_libc_mutex     
    fe88 CODE       _ctl_mutex_init     
    fea0 CODE       _ctl_mutex_lock     
   10060 CODE       _ctl_mutex_unlock   
    f902 CODE       _ctl_private_add_to_task_list
    fda4 CODE       _ctl_private_events_schedule
   10576 CODE       _ctl_private_get_stack_start
   1057c CODE       _ctl_private_get_thread_local_storage
   10582 CODE       _ctl_private_init_registers
   105e4 CODE       _ctl_private_init_thread_local_storage
    f950 CODE       _ctl_private_remove_from_task_list
    f98a CODE       _ctl_private_reschedule
   10608 CODE       _ctl_private_reschedule_from_api_call
    2c7e UDATA0     _ctl_reschedule_on_last_isr_exit
    fb2a CODE       _ctl_task_die       
    2c80 UDATA0     _ctl_task_executing 
    fa62 CODE       _ctl_task_init      
    2c82 UDATA0     _ctl_task_list      
    fa9e CODE       _ctl_task_run       
    fb52 CODE       _ctl_task_set_priority
    2c74 UDATA0     _ctl_task_switch_callout
    1c04 IDATA0     _ctl_time_increment 
    fb90 CODE       _ctl_timeout_wait   
    1c00 IDATA0     _ctl_timeslice_period
   12d54 CODE       _doCmd              
   13764 CODE       _errReq_Cmd         
    e6a8 CODE       _err_decode         
   12136 CODE       _err_decode_arcbus  
   12936 CODE       _error_init         
   12bb6 CODE       _error_log_mem_replay
   12958 CODE       _error_recording_start
   149a4 CODE       _fabsf              
   14762 CODE       _floor              
   14762 CODE       _floorf             
   14832 CODE       _fmod               
   14832 CODE       _fmodf              
   149e6 CODE       _frexp              
   13264 CODE       _getI2C_addr        
   10d1a CODE       _get_ticker_time    
   13e04 CODE       _getchar            
   12ca2 CODE       _helpCmd            
    2d16 UDATA0     _helper_stack       
   12de4 CODE       _hist_decr          
   12dd8 CODE       _hist_incr          
    3146 UDATA0     _idle_task          
   10ed4 CODE       _initARCbus         
   10d9e CODE       _initCLK            
   10e0c CODE       _initSVS            
   10df0 CODE       _init_timerA        
   13de8 CODE       _iscntrl            
   13dc8 CODE       _isdigit            
   13db6 CODE       _islower            
   13dd8 CODE       _isspace            
   13da4 CODE       _isupper            
   149aa CODE       _ldexp              
    e706 CODE       _main               
   119aa CODE       _mainLoop           
   126da CODE       _main_return        
   12c38 CODE       _make_args          
   141c4 CODE       _memcpy             
   141d4 CODE       _memset             
   146cc CODE       _modff              
    38b4 UDATA0     _next_idx           
    e644 CODE       _offCmd             
    e62e CODE       _onCmd              
    1c0e IDATA0     _powerState         
   12b20 CODE       _print_error        
   13ef2 CODE       _printf             
   13f2e CODE       _puts               
   10fca CODE       _readTA1            
   12a9e CODE       _record_error       
   12b76 CODE       _report_error       
   126a8 CODE       _reset_bor          
   1332e CODE       _restCmd            
    364c UDATA0     _rxbuf              
    38a4 UDATA0     _saved_error        
   10d32 CODE       _setget_ticker_time 
   13584 CODE       _spiCmd             
   13f68 CODE       _sprintf            
   10e04 CODE       _start_timerA       
   126ee CODE       _startup_error_check
    e652 CODE       _statusCmd          
   13f98 CODE       _strcmp             
   13fb8 CODE       _strcpy             
   141e4 CODE       _strlen             
   13fce CODE       _strnlen            
   13fe8 CODE       _strtol             
   14094 CODE       _strtoul            
    e880 CODE       _sub_events         
    c57c ISR        _task_tick          
   12df0 CODE       _terminal           
    1c4a UDATA0     _terminal_stack     
    2bfa UDATA0     _terminal_task      
    2d06 UDATA0     _ticker_time        
   133ea CODE       _timeCmd            
   13400 CODE       _txCmd              
    3778 UDATA0     _txbuf              
    cf56 CONST      thread_init_begin   
    cf5a CONST      thread_init_end     


SYMBOLS BY VALUE

      80            CTL_IRQ_STACK_SIZE  
     4c0            ___crt_mpy          
     4c8            ___crt_op2          
     4ca            ___crt_reslo        
     4d0            ___crt_mpy32l       
     4d2            ___crt_mpy32h       
     4e0            ___crt_op2l         
     4e2            ___crt_op2h         
     4e4            ___crt_res0         
     4e6            ___crt_res1         
     4e8            ___crt_res2         
     4ea            ___crt_res3         
    1c00            ___begin_IDATA0     
    1c00 IDATA0     _ctl_timeslice_period
    1c00            ___RAM_Address      
    1c04 IDATA0     _ctl_time_increment 
    1c06 IDATA0     _ctl_libc_mutex     
    1c0e IDATA0     _powerState         
    1c10 IDATA0     _cmd_parse_list     
    1c14 IDATA0     _async_addr         
    1c16 IDATA0     _async_timer        
    1c18 IDATA0     _closed_event       
    1c1a IDATA0     _closed_flag        
    1c1e IDATA0     ___ungot            
    1c20 IDATA0     ___RAL_global_locale
    1c2a            ___end_IDATA0       
    1c2a            ___begin_UDATA0     
    1c48 UDATA0     _ACDS_evt           
    1c4a UDATA0     _terminal_stack     
    2036 UDATA0     _SUB_e_stack        
    2422 UDATA0     _ACDS_e_stack       
    280e UDATA0     _IMG_e_stack        
    2bfa UDATA0     _terminal_task      
    2c16 UDATA0     _SUB_e_task         
    2c32 UDATA0     _ACDS_e_task        
    2c4e UDATA0     _IMG_e_task         
    2c72 UDATA0     _IMG_evt            
    2c74 UDATA0     _ctl_task_switch_callout
    2c76 UDATA0     _ctl_last_schedule_time
    2c7a UDATA0     _ctl_current_time   
    2c7e UDATA0     _ctl_reschedule_on_last_isr_exit
    2c7f UDATA0     _ctl_interrupt_count
    2c80 UDATA0     _ctl_task_executing 
    2c82 UDATA0     _ctl_task_list      
    2d06 UDATA0     _ticker_time        
    2d16 UDATA0     _helper_stack       
    2f0a UDATA0     _ARC_bus_helper_task
    2f26 UDATA0     _BUS_INT_events     
    2f28 UDATA0     _BUS_helper_events  
    2f2a UDATA0     _BUS_stack          
    312a UDATA0     _ARC_bus_task       
    3146 UDATA0     _idle_task          
    3162 UDATA0     _SUB_events         
    3164 UDATA0     _arcBus_stat        
    3188 UDATA0     _I2C_rx_out         
    318a UDATA0     _I2C_rx_in          
    318c UDATA0     _I2C_rx_buf         
    3240 UDATA0     _DMA_events         
    3646 UDATA0     _buffer_mutex       
    364c UDATA0     _rxbuf              
    3778 UDATA0     _txbuf              
    3878 UDATA0     _async_rxQ          
    3886 UDATA0     _async_txQ          
    3894 UDATA0     _alarms             
    38a4 UDATA0     _saved_error        
    38b4 UDATA0     _next_idx           
    3e38 UDATA0     _UCA1_RxBuf         
    3edc UDATA0     _UCA1_TxBuf         
    3f82 UDATA0     ___user_format_extender
    3f84            ___begin_THREAD     
    3f84 THREAD     _BUS_thread_addr_flags
    3f84            ___end_UDATA0       
    3f88            ___end_THREAD       
    8000            ___RAM_Size         
    c000 ISR        ___thunk_ACDS_events
    c004 ISR        ___thunk_onCmd      
    c008 ISR        ___thunk_offCmd     
    c00c ISR        ___thunk_statusCmd  
    c010 ISR        ___thunk_err_decode 
    c014 ISR        ___thunk___putchar  
    c018 ISR        ___thunk_IMG_events 
    c01c ISR        ___thunk_sub_events 
    c028 ISR        _bus_I2C_isr        
    c474 ISR        _bus_SPI_isr        
    c480 ISR        _bus_int            
    c536 ISR        _DMA_int            
    c57c ISR        _task_tick          
    c5b6 ISR        _bus_resend         
    c5fc ISR        _SYS_NMI            
    c706 ISR        ___thunk_err_decode_arcbus
    c70a ISR        ___thunk_helpCmd    
    c70e ISR        ___thunk_terminal   
    c712 ISR        _UCA1_ISR           
    c768 ISR        ___thunk_restCmd    
    c76c ISR        ___thunk_timeCmd    
    c770 ISR        ___thunk_txCmd      
    c774 ISR        ___thunk_spiCmd     
    c778 ISR        ___thunk_ARCsearch_Cmd
    c77c ISR        ___thunk_ARClib_version_Cmd
    c780 ISR        ___thunk_errReq_Cmd 
    c79c ISR        ___thunk___RAL_ascii_mbtowc
    c7a0 ISR        ___thunk___RAL_ascii_wctomb
    c7d6 CONST      _cmd_tbl            
    cf1a CONST      _ARClib_version     
    cf56 CONST      thread_init_begin   
    cf5a CONST      thread_init_end     
    de72 CONST      _busAddrSym         
    e385 CONST      ___RAL_hex_uc       
    e395 CONST      ___RAL_hex_lc       
    e3be CONST      ___RAL_ascii_ctype_map
    e44c CONST      ___RAL_codeset_ascii
    e45c CONST      ___RAL_c_locale_day_names
    e496 CONST      ___RAL_c_locale_abbrev_day_names
    e4b3 CONST      ___RAL_c_locale_month_names
    e50a CONST      ___RAL_c_locale_abbrev_month_names
    e53b CONST      ___RAL_c_locale_am_pm_indicator
    e542 CONST      ___RAL_c_locale_date_format
    e54b CONST      ___RAL_c_locale_time_format
    e554 CONST      ___RAL_c_locale_date_time_format
    e563 CONST      ___RAL_data_utf8_period
    e565 CONST      ___RAL_data_empty_string
    e566 CONST      ___RAL_c_locale_data
    e598 CONST      ___RAL_c_locale     
    e5a0 CONST      ___float32_nan      
    e5a4 CODE       _ACDS_events        
    e62e CODE       _onCmd              
    e644 CODE       _offCmd             
    e652 CODE       _statusCmd          
    e6a8 CODE       _err_decode         
    e6e2 CODE       ___putchar          
    e700 CODE       ___getchar          
    e706 CODE       _main               
    e7fa CODE       _IMG_events         
    e880 CODE       _sub_events         
    e8fc CODE       ___vfprintf_float_long
    e8fc CODE       ___vfprintf         
    f902 CODE       _ctl_private_add_to_task_list
    f950 CODE       _ctl_private_remove_from_task_list
    f98a CODE       _ctl_private_reschedule
    fa62 CODE       _ctl_task_init      
    fa9e CODE       _ctl_task_run       
    fb2a CODE       _ctl_task_die       
    fb52 CODE       _ctl_task_set_priority
    fb90 CODE       _ctl_timeout_wait   
    fbd2 CODE       _ctl_increment_tick_from_isr
    fc4c CODE       _ctl_get_current_time
    fc64 CODE       ___printf_lock      
    fc80 CODE       ___printf_unlock    
    fc94 CODE       _ctl_events_init    
    fca8 CODE       _ctl_events_wait    
    fda4 CODE       _ctl_private_events_schedule
    fe28 CODE       _ctl_events_set_clear
    fe88 CODE       _ctl_mutex_init     
    fea0 CODE       _ctl_mutex_lock     
   10060 CODE       _ctl_mutex_unlock   
   10126 CODE       _ctl_byte_queue_init
   1026e CODE       _ctl_byte_queue_post_multi
   10346 CODE       _ctl_byte_queue_receive_multi
   10414 CODE       _ctl_byte_queue_post_multi_nb
   10484 CODE       _ctl_byte_queue_receive_multi_nb
   104f4 CODE       _ctl_byte_queue_post
   10522 CODE       _ctl_byte_queue_receive
   10548 CODE       _ctl_byte_queue_post_nb
   10562 CODE       _ctl_byte_queue_receive_nb
   10576 CODE       _ctl_private_get_stack_start
   1057c CODE       _ctl_private_get_thread_local_storage
   10582 CODE       _ctl_private_init_registers
   105e4 CODE       _ctl_private_init_thread_local_storage
   105fa CODE       ___RAL_read_tp      
   10608 CODE       _ctl_private_reschedule_from_api_call
   10624 CODE       _ctl_enter_isr      
   10658 CODE       _ctl_exit_isr       
   10690 CODE       _ctl_global_interrupts_set
   106a8 CODE       _BUS_get_OA         
   10724 CODE       _BUS_I2C_aux_addr   
   1079c CODE       _BUS_flags_to_addr  
   10812 CODE       _BUS_cmd_init       
   1082c CODE       _BUS_OA_check       
   10862 CODE       _addr_chk           
   1088e CODE       _BUS_I2C_release    
   10898 CODE       _BUS_cmd_tx         
   10a36 CODE       _BUS_SPI_txrx       
   10cb4 CODE       _crc7               
   10ce6 CODE       _crc16              
   10d1a CODE       _get_ticker_time    
   10d32 CODE       _setget_ticker_time 
   10d5a CODE       _SPI_master_setup   
   10d74 CODE       _SPI_slave_setup    
   10d8e CODE       _SPI_deactivate     
   10d9e CODE       _initCLK            
   10df0 CODE       _init_timerA        
   10e04 CODE       _start_timerA       
   10e0c CODE       _initSVS            
   10e56 CODE       _ARC_setup          
   10ed4 CODE       _initARCbus         
   10fca CODE       _readTA1            
   119aa CODE       _mainLoop           
   119f4 CODE       _BUS_init_buffer    
   119fe CODE       _BUS_get_buffer_size
   11a04 CODE       _BUS_get_buffer     
   11a2c CODE       _BUS_free_buffer    
   11a36 CODE       _BUS_free_buffer_from_event
   11a44 CODE       _async_isOpen       
   11a4a CODE       _async_open_remote  
   11adc CODE       _async_close_remote 
   11b0a CODE       _async_send_data    
   11b76 CODE       _BUS_free_alarm     
   11b8e CODE       _BUS_timer_timeout_check
   11be2 CODE       _BUS_alarm_ticker_update
   11cea CODE       _PMM_setVCoreUp     
   11de4 CODE       _PMM_setVCoreDown   
   11e9e CODE       _PMM_setVCore       
   11ede CODE       _ctl_handle_error   
   11ef0 CODE       _cmdtostr           
   12090 CODE       _cmd_resptostr      
   12116 CODE       _bus_flags_tostr    
   12136 CODE       _err_decode_arcbus  
   125e2 CODE       _BUS_error_str      
   126a8 CODE       _reset_bor          
   126da CODE       _main_return        
   126ee CODE       _startup_error_check
   12936 CODE       _error_init         
   12958 CODE       _error_recording_start
   129f4 CODE       __record_error      
   12a9e CODE       _record_error       
   12ae2 CODE       _ERR_lev_str        
   12b20 CODE       _print_error        
   12b76 CODE       _report_error       
   12bb6 CODE       _error_log_mem_replay
   12c38 CODE       _make_args          
   12ca2 CODE       _helpCmd            
   12d54 CODE       _doCmd              
   12dd8 CODE       _hist_incr          
   12de4 CODE       _hist_decr          
   12df0 CODE       _terminal           
   130b0 CODE       _UCA1_init_UART     
   1318c CODE       _UCA1_TxChar        
   131c8 CODE       _UCA1_Getc          
   131e4 CODE       _I2C_addr_lookup    
   1322c CODE       _I2C_addr_revlookup 
   13264 CODE       _getI2C_addr        
   1332e CODE       _restCmd            
   133ea CODE       _timeCmd            
   13400 CODE       _txCmd              
   13584 CODE       _spiCmd             
   13696 CODE       _ARCsearch_Cmd      
   13752 CODE       _ARClib_version_Cmd 
   13764 CODE       _errReq_Cmd         
   1392a CODE       ___int32_mul        
   1394c CODE       ___int16_div        
   13972 CODE       ___int16_mod        
   13998 CODE       ___int16_mul        
   139ae CODE       ___int64_lsl        
   139c0 CODE       ___int64_lsr        
   13a20 CODE       ___uint64_mod       
   13a40 CODE       ___uint16_div       
   13a58 CODE       ___uint16_mod       
   13a60 CODE       ___uint32_div       
   13a6a CODE       ___uint32_divmod    
   13a92 CODE       ___uint32_mod       
   13aa0 CODE       ___uint64_div       
   13ac8 CODE       ___uint64_divmod    
   13b04 CODE       ___digit            
   13b4a CODE       ___RAL_pow10        
   13ba0 CODE       ___strtoul          
   13cbe CODE       ___putc             
   13d08 CODE       ___RAL_print_padding
   13d26 CODE       ___RAL_pre_padding  
   13d50 CODE       _abs                
   13d60 CODE       _atoi               
   13d86 CODE       ___RAL_isctype      
   13da4 CODE       _isupper            
   13db6 CODE       _islower            
   13dc8 CODE       _isdigit            
   13dd8 CODE       _isspace            
   13de8 CODE       _iscntrl            
   13dfa CODE       ___errno            
   13e04 CODE       _getchar            
   13e22 CODE       ___RAL_global_locale_category
   13ef2 CODE       _printf             
   13f2e CODE       _puts               
   13f68 CODE       _sprintf            
   13f98 CODE       _strcmp             
   13fb8 CODE       _strcpy             
   13fce CODE       _strnlen            
   13fe8 CODE       _strtol             
   14094 CODE       _strtoul            
   14148 CODE       ___RAL_init_mbstate 
   14156 CODE       ___RAL_ascii_mbtowc 
   1419c CODE       ___RAL_ascii_wctomb 
   141c4 CODE       _memcpy             
   141d4 CODE       _memset             
   141e4 CODE       _strlen             
   141f4 CODE       ___float32_isinf    
   1420e CODE       ___float32_isnan    
   14226 CODE       ___float32_signbit  
   14236 CODE       ___uint64_to_float32
   1435a CODE       ___float32_to_int64 
   1440c CODE       ___float32_add      
   144fe CODE       ___float32_sub      
   1450a CODE       ___float32_mul      
   145e2 CODE       ___float32_div      
   146a0 CODE       ___float32_lt       
   146bc CODE       ___float32_eq       
   146cc CODE       _modff              
   14762 CODE       _floorf             
   14762 CODE       _floor              
   14832 CODE       _fmodf              
   14832 CODE       _fmod               
   149a4 CODE       _fabsf              
   149aa CODE       _ldexp              
   149e6 CODE       _frexp              
