
SYMBOLS BY NAME

      80            CTL_IRQ_STACK_SIZE  
    274a UDATA0     _ARC_bus_helper_task
    296a UDATA0     _ARC_bus_task       
   11f12 CODE       _ARC_setup          
    cf09 CONST      _ARClib_version     
   14e56 CODE       _ARClib_version_Cmd 
    cf1c CONST      _ARClib_vstruct     
   14da0 CODE       _ARCsearch_Cmd      
   117c6 CODE       _BUS_I2C_release    
    2766 UDATA0     _BUS_INT_events     
   11764 CODE       _BUS_OA_check       
   11afa CODE       _BUS_SPI_txrx       
   116f4 CODE       _BUS_addr_to_flags  
   12de6 CODE       _BUS_alarm_ticker_update
   1174a CODE       _BUS_cmd_init       
   13a58 CODE       _BUS_cmd_resptostr  
   11862 CODE       _BUS_cmd_tx         
   138ac CODE       _BUS_cmdtostr       
   137dc CODE       _BUS_error_str      
   1167e CODE       _BUS_flags_to_addr  
   12d7a CODE       _BUS_free_alarm     
   12c36 CODE       _BUS_free_buffer    
   12c40 CODE       _BUS_free_buffer_from_event
   11602 CODE       _BUS_get_OA         
   12c0e CODE       _BUS_get_buffer     
   12c08 CODE       _BUS_get_buffer_size
    2768 UDATA0     _BUS_helper_events  
   12bfe CODE       _BUS_init_buffer    
   120b4 CODE       _BUS_register_cmd_callback
    276a UDATA0     _BUS_stack          
    3966 THREAD     _BUS_thread_addr_flags
   12d92 CODE       _BUS_timer_timeout_check
    f23e CODE       _COMM_err_decode    
    f788 CODE       _COMM_events        
    249a UDATA0     _COMM_evt           
    1c04 IDATA0     _COMM_parse         
    f594 CODE       _COMM_parseCmd      
    2c0a UDATA0     _DMA_events         
    c51e ISR        _DMA_int            
   14084 CODE       _ERR_lev_str        
   148fa CODE       _I2C_addr_lookup    
   14942 CODE       _I2C_addr_revlookup 
    29ca UDATA0     _I2C_rx_buf         
    29c8 UDATA0     _I2C_rx_in          
    29c6 UDATA0     _I2C_rx_out         
    1c0a IDATA0     _LED_dir            
    f618 CODE       _LED_shift          
   130a2 CODE       _PMM_setVCore       
   12fe8 CODE       _PMM_setVCoreDown   
   12eee CODE       _PMM_setVCoreUp     
   15482 CODE       _SD_error_str       
   11e46 CODE       _SPI_deactivate     
   11e12 CODE       _SPI_master_setup   
   11e2c CODE       _SPI_slave_setup    
    29a2 UDATA0     _SUB_events         
    c5e4 ISR        _SYS_NMI            
   148de CODE       _UCA1_Getc          
    c6fa ISR        _UCA1_ISR           
    381a UDATA0     _UCA1_RxBuf         
    38be UDATA0     _UCA1_TxBuf         
   148a2 CODE       _UCA1_TxChar        
   147c6 CODE       _UCA1_init_UART     
    f058 CONST      ___RAL_ascii_ctype_map
   15f50 CODE       ___RAL_ascii_mbtowc 
   15f96 CODE       ___RAL_ascii_wctomb 
    f232 CONST      ___RAL_c_locale     
    f130 CONST      ___RAL_c_locale_abbrev_day_names
    f1a4 CONST      ___RAL_c_locale_abbrev_month_names
    f1d5 CONST      ___RAL_c_locale_am_pm_indicator
    f200 CONST      ___RAL_c_locale_data
    f1dc CONST      ___RAL_c_locale_date_format
    f1ee CONST      ___RAL_c_locale_date_time_format
    f0f6 CONST      ___RAL_c_locale_day_names
    f14d CONST      ___RAL_c_locale_month_names
    f1e5 CONST      ___RAL_c_locale_time_format
    f0e6 CONST      ___RAL_codeset_ascii
    f1ff CONST      ___RAL_data_empty_string
    f1fd CONST      ___RAL_data_utf8_period
    1c30 IDATA0     ___RAL_global_locale
   15baa CODE       ___RAL_global_locale_category
    f030 CONST      ___RAL_hex_lc       
    f020 CONST      ___RAL_hex_uc       
   15f42 CODE       ___RAL_init_mbstate 
   15b0e CODE       ___RAL_isctype      
   158a8 CODE       ___RAL_pow10        
   15a84 CODE       ___RAL_pre_padding  
   15a66 CODE       ___RAL_print_padding
   11554 CODE       ___RAL_read_tp      
    1c00            ___RAM_Address      
    8000            ___RAM_Size         
    1c00            ___begin_IDATA0     
    3966            ___begin_THREAD     
    1c3a            ___begin_UDATA0     
     4c0            ___crt_mpy          
     4d2            ___crt_mpy32h       
     4d0            ___crt_mpy32l       
     4c8            ___crt_op2          
     4e2            ___crt_op2h         
     4e0            ___crt_op2l         
     4e4            ___crt_res0         
     4e6            ___crt_res1         
     4e8            ___crt_res2         
     4ea            ___crt_res3         
     4ca            ___crt_reslo        
   15862 CODE       ___digit            
    1c3a            ___end_IDATA0       
    396a            ___end_THREAD       
    3966            ___end_UDATA0       
   15b82 CODE       ___errno            
   16206 CODE       ___float32_add      
   163dc CODE       ___float32_div      
   164b6 CODE       ___float32_eq       
   15fee CODE       ___float32_isinf    
   16008 CODE       ___float32_isnan    
   1649a CODE       ___float32_lt       
   16304 CODE       ___float32_mul      
    f23a CONST      ___float32_nan      
   16020 CODE       ___float32_signbit  
   162f8 CODE       ___float32_sub      
   16154 CODE       ___float32_to_int64 
    f46c CODE       ___getchar          
   156aa CODE       ___int16_div        
   156d0 CODE       ___int16_mod        
   156f6 CODE       ___int16_mul        
   15688 CODE       ___int32_mul        
   1570c CODE       ___int64_lsl        
   1571e CODE       ___int64_lsr        
   10c66 CODE       ___printf_lock      
   10c82 CODE       ___printf_unlock    
   15a1c CODE       ___putc             
    f45c CODE       ___putchar          
   158fe CODE       ___strtoul          
    c764 ISR        ___thunk_ARClib_version_Cmd
    c760 ISR        ___thunk_ARCsearch_Cmd
    c000 ISR        ___thunk_COMM_err_decode
    c014 ISR        ___thunk_COMM_events
    c00c ISR        ___thunk_COMM_parseCmd
    c7a0 ISR        ___thunk___RAL_ascii_mbtowc
    c7a4 ISR        ___thunk___RAL_ascii_wctomb
    c008 ISR        ___thunk___putchar  
    c780 ISR        ___thunk_clearErrCmd
    c768 ISR        ___thunk_errReq_Cmd 
    c6ee ISR        ___thunk_err_decode_arcbus
    c004 ISR        ___thunk_ground_cmd 
    c6f2 ISR        ___thunk_helpCmd    
    c784 ISR        ___thunk_logCmd     
    c76c ISR        ___thunk_priorityCmd
    c77c ISR        ___thunk_replayCmd  
    c750 ISR        ___thunk_restCmd    
    c75c ISR        ___thunk_spiCmd     
    c778 ISR        ___thunk_stackCmd   
    c774 ISR        ___thunk_statsCmd   
    c010 ISR        ___thunk_sub_events 
    c6f6 ISR        ___thunk_terminal   
    c754 ISR        ___thunk_timeCmd    
    c770 ISR        ___thunk_timesliceCmd
    c758 ISR        ___thunk_txCmd      
   1579e CODE       ___uint16_div       
   157b6 CODE       ___uint16_mod       
   157be CODE       ___uint32_div       
   157c8 CODE       ___uint32_divmod    
   157f0 CODE       ___uint32_mod       
   157fe CODE       ___uint64_div       
   15826 CODE       ___uint64_divmod    
   1577e CODE       ___uint64_mod       
   16030 CODE       ___uint64_to_float32
    1c2e IDATA0     ___ungot            
    3964 UDATA0     ___user_format_extender
    f824 CODE       ___vfprintf         
    f824 CODE       ___vfprintf_float_long
   13f96 CODE       __record_error      
   15aae CODE       _abs                
   1179a CODE       _addr_chk           
    325e UDATA0     _alarms             
    29a4 UDATA0     _arcBus_stat        
    1c22 IDATA0     _async_addr         
   12ce6 CODE       _async_close_remote 
   12c4e CODE       _async_isOpen       
   12c54 CODE       _async_open_remote  
    3242 UDATA0     _async_rxQ          
   12d14 CODE       _async_send_data    
    1c24 IDATA0     _async_timer        
    3250 UDATA0     _async_txQ          
   15abe CODE       _atoi               
   15ae4 CODE       _atol               
    1c02 IDATA0     _beacon_flag        
    1c00 IDATA0     _beacon_on          
    3010 UDATA0     _buffer_mutex       
    e316 CONST      _busAddrSym         
    c020 ISR        _bus_I2C_isr        
    c45c ISR        _bus_SPI_isr        
   13ade CODE       _bus_flags_tostr    
    c468 ISR        _bus_int            
    c59e ISR        _bus_resend         
   13afe CODE       _bus_version_err_tostr
   153d8 CODE       _clearErrCmd        
   141d8 CODE       _clear_saved_errors 
    1c26 IDATA0     _closed_event       
    1c28 IDATA0     _closed_flag        
    1c1e IDATA0     _cmd_parse_list     
    c812 CONST      _cmd_tbl            
   11d9e CODE       _crc16              
   11d6c CODE       _crc7               
    2538 UDATA0     _crc_mutex          
   11080 CODE       _ctl_byte_queue_init
   1144e CODE       _ctl_byte_queue_post
   111c8 CODE       _ctl_byte_queue_post_multi
   1136e CODE       _ctl_byte_queue_post_multi_nb
   114a2 CODE       _ctl_byte_queue_post_nb
   1147c CODE       _ctl_byte_queue_receive
   112a0 CODE       _ctl_byte_queue_receive_multi
   113de CODE       _ctl_byte_queue_receive_multi_nb
   114bc CODE       _ctl_byte_queue_receive_nb
    24ac UDATA0     _ctl_current_time   
   1157e CODE       _ctl_enter_isr      
   10c96 CODE       _ctl_events_init    
   10e2a CODE       _ctl_events_set_clear
   10caa CODE       _ctl_events_wait    
   115b2 CODE       _ctl_exit_isr       
   10c4e CODE       _ctl_get_current_time
   115ea CODE       _ctl_global_interrupts_set
   130e2 CODE       _ctl_handle_error   
   10bd4 CODE       _ctl_increment_tick_from_isr
    24b1 UDATA0     _ctl_interrupt_count
    24a8 UDATA0     _ctl_last_schedule_time
    1c12 IDATA0     _ctl_libc_mutex     
   10e8a CODE       _ctl_mutex_init     
   10eb6 CODE       _ctl_mutex_lock     
   10ea2 CODE       _ctl_mutex_lock_uc  
   10fba CODE       _ctl_mutex_unlock   
   10904 CODE       _ctl_private_add_to_task_list
   10da6 CODE       _ctl_private_events_schedule
   114d0 CODE       _ctl_private_get_stack_start
   114d6 CODE       _ctl_private_get_thread_local_storage
   114dc CODE       _ctl_private_init_registers
   1153e CODE       _ctl_private_init_thread_local_storage
   10952 CODE       _ctl_private_remove_from_task_list
   1098c CODE       _ctl_private_reschedule
   11562 CODE       _ctl_private_reschedule_from_api_call
    24b0 UDATA0     _ctl_reschedule_on_last_isr_exit
   10b2c CODE       _ctl_task_die       
    24b2 UDATA0     _ctl_task_executing 
   10a64 CODE       _ctl_task_init      
    24b4 UDATA0     _ctl_task_list      
   10aa0 CODE       _ctl_task_run       
   10b54 CODE       _ctl_task_set_priority
    24a6 UDATA0     _ctl_task_switch_callout
    1c10 IDATA0     _ctl_time_increment 
   10b92 CODE       _ctl_timeout_wait   
    1c0c IDATA0     _ctl_timeslice_period
   1446a CODE       _doCmd              
   14e68 CODE       _errReq_Cmd         
   130f4 CODE       _err_decode_arcbus  
   140c2 CODE       _err_do_decode      
   13e0e CODE       _err_register_handler
   13ec6 CODE       _error_init         
   1420a CODE       _error_log_mem_replay
   1428c CODE       _error_log_replay   
   13ee8 CODE       _error_recording_start
   1679e CODE       _fabsf              
   1655c CODE       _floor              
   1655c CODE       _floorf             
   1662c CODE       _fmod               
   1662c CODE       _fmodf              
   167e0 CODE       _frexp              
   1497a CODE       _getI2C_addr        
   13f90 CODE       _get_error_level    
   11dd2 CODE       _get_ticker_time    
   15b8c CODE       _getchar            
    f296 CODE       _ground_cmd         
   143b8 CODE       _helpCmd            
    2556 UDATA0     _helper_stack       
   144fa CODE       _hist_decr          
   144ee CODE       _hist_incr          
    2986 UDATA0     _idle_task          
   11fa6 CODE       _initARCbus         
   11e56 CODE       _initCLK            
   11ebc CODE       _initSVS            
   11ea0 CODE       _init_timerA        
   15b70 CODE       _iscntrl            
   15b50 CODE       _isdigit            
   15b3e CODE       _islower            
   15b60 CODE       _isspace            
   15b2c CODE       _isupper            
   167a4 CODE       _ldexp              
   153fc CODE       _logCmd             
    f472 CODE       _main               
   12bb4 CODE       _mainLoop           
   13bb2 CODE       _main_return        
   1434e CODE       _make_args          
   15fbe CODE       _memcpy             
   15fce CODE       _memset             
   164c6 CODE       _modff              
    327e UDATA0     _next_idx           
   15272 CODE       _parse_log_level    
    1c1c IDATA0     _powerState         
   1414a CODE       _print_error        
   15c7a CODE       _printf             
   15028 CODE       _priorityCmd        
   15cb6 CODE       _puts               
   120a4 CODE       _readTA1            
   14040 CODE       _record_error       
   1534c CODE       _replayCmd          
   14198 CODE       _report_error       
   13b80 CODE       _reset_bor          
   14a44 CODE       _restCmd            
    3016 UDATA0     _rxbuf              
    326e UDATA0     _saved_error        
   13f84 CODE       _set_error_level    
   11dea CODE       _setget_ticker_time 
   14c8e CODE       _spiCmd             
   15cf0 CODE       _sprintf            
    2242 UDATA0     _stack1             
    1e3e UDATA0     _stack2             
    1c3a UDATA0     _stack3             
   15228 CODE       _stackCmd           
   11eb4 CODE       _start_timerA       
   13bc6 CODE       _startup_error_check
   15144 CODE       _stateName          
   151c6 CODE       _statsCmd           
    249c UDATA0     _status             
   15d20 CODE       _strcmp             
   15d40 CODE       _strcpy             
   15d84 CODE       _strlcpy            
   15fde CODE       _strlen             
   15d56 CODE       _strncmp            
   15dc8 CODE       _strnlen            
   15de2 CODE       _strtol             
   15e8e CODE       _strtoul            
    f650 CODE       _sub_events         
    c564 ISR        _task_tick          
    2446 UDATA0     _tasks              
   14506 CODE       _terminal           
    253e UDATA0     _ticker_time        
   14afa CODE       _timeCmd            
   150dc CODE       _timesliceCmd       
   14b10 CODE       _txCmd              
    3142 UDATA0     _txbuf              
    cf66 CONST      thread_init_begin   
    cf6a CONST      thread_init_end     


SYMBOLS BY VALUE

      80            CTL_IRQ_STACK_SIZE  
     4c0            ___crt_mpy          
     4c8            ___crt_op2          
     4ca            ___crt_reslo        
     4d0            ___crt_mpy32l       
     4d2            ___crt_mpy32h       
     4e0            ___crt_op2l         
     4e2            ___crt_op2h         
     4e4            ___crt_res0         
     4e6            ___crt_res1         
     4e8            ___crt_res2         
     4ea            ___crt_res3         
    1c00 IDATA0     _beacon_on          
    1c00            ___RAM_Address      
    1c00            ___begin_IDATA0     
    1c02 IDATA0     _beacon_flag        
    1c04 IDATA0     _COMM_parse         
    1c0a IDATA0     _LED_dir            
    1c0c IDATA0     _ctl_timeslice_period
    1c10 IDATA0     _ctl_time_increment 
    1c12 IDATA0     _ctl_libc_mutex     
    1c1c IDATA0     _powerState         
    1c1e IDATA0     _cmd_parse_list     
    1c22 IDATA0     _async_addr         
    1c24 IDATA0     _async_timer        
    1c26 IDATA0     _closed_event       
    1c28 IDATA0     _closed_flag        
    1c2e IDATA0     ___ungot            
    1c30 IDATA0     ___RAL_global_locale
    1c3a UDATA0     _stack3             
    1c3a            ___begin_UDATA0     
    1c3a            ___end_IDATA0       
    1e3e UDATA0     _stack2             
    2242 UDATA0     _stack1             
    2446 UDATA0     _tasks              
    249a UDATA0     _COMM_evt           
    249c UDATA0     _status             
    24a6 UDATA0     _ctl_task_switch_callout
    24a8 UDATA0     _ctl_last_schedule_time
    24ac UDATA0     _ctl_current_time   
    24b0 UDATA0     _ctl_reschedule_on_last_isr_exit
    24b1 UDATA0     _ctl_interrupt_count
    24b2 UDATA0     _ctl_task_executing 
    24b4 UDATA0     _ctl_task_list      
    2538 UDATA0     _crc_mutex          
    253e UDATA0     _ticker_time        
    2556 UDATA0     _helper_stack       
    274a UDATA0     _ARC_bus_helper_task
    2766 UDATA0     _BUS_INT_events     
    2768 UDATA0     _BUS_helper_events  
    276a UDATA0     _BUS_stack          
    296a UDATA0     _ARC_bus_task       
    2986 UDATA0     _idle_task          
    29a2 UDATA0     _SUB_events         
    29a4 UDATA0     _arcBus_stat        
    29c6 UDATA0     _I2C_rx_out         
    29c8 UDATA0     _I2C_rx_in          
    29ca UDATA0     _I2C_rx_buf         
    2c0a UDATA0     _DMA_events         
    3010 UDATA0     _buffer_mutex       
    3016 UDATA0     _rxbuf              
    3142 UDATA0     _txbuf              
    3242 UDATA0     _async_rxQ          
    3250 UDATA0     _async_txQ          
    325e UDATA0     _alarms             
    326e UDATA0     _saved_error        
    327e UDATA0     _next_idx           
    381a UDATA0     _UCA1_RxBuf         
    38be UDATA0     _UCA1_TxBuf         
    3964 UDATA0     ___user_format_extender
    3966 THREAD     _BUS_thread_addr_flags
    3966            ___begin_THREAD     
    3966            ___end_UDATA0       
    396a            ___end_THREAD       
    8000            ___RAM_Size         
    c000 ISR        ___thunk_COMM_err_decode
    c004 ISR        ___thunk_ground_cmd 
    c008 ISR        ___thunk___putchar  
    c00c ISR        ___thunk_COMM_parseCmd
    c010 ISR        ___thunk_sub_events 
    c014 ISR        ___thunk_COMM_events
    c020 ISR        _bus_I2C_isr        
    c45c ISR        _bus_SPI_isr        
    c468 ISR        _bus_int            
    c51e ISR        _DMA_int            
    c564 ISR        _task_tick          
    c59e ISR        _bus_resend         
    c5e4 ISR        _SYS_NMI            
    c6ee ISR        ___thunk_err_decode_arcbus
    c6f2 ISR        ___thunk_helpCmd    
    c6f6 ISR        ___thunk_terminal   
    c6fa ISR        _UCA1_ISR           
    c750 ISR        ___thunk_restCmd    
    c754 ISR        ___thunk_timeCmd    
    c758 ISR        ___thunk_txCmd      
    c75c ISR        ___thunk_spiCmd     
    c760 ISR        ___thunk_ARCsearch_Cmd
    c764 ISR        ___thunk_ARClib_version_Cmd
    c768 ISR        ___thunk_errReq_Cmd 
    c76c ISR        ___thunk_priorityCmd
    c770 ISR        ___thunk_timesliceCmd
    c774 ISR        ___thunk_statsCmd   
    c778 ISR        ___thunk_stackCmd   
    c77c ISR        ___thunk_replayCmd  
    c780 ISR        ___thunk_clearErrCmd
    c784 ISR        ___thunk_logCmd     
    c7a0 ISR        ___thunk___RAL_ascii_mbtowc
    c7a4 ISR        ___thunk___RAL_ascii_wctomb
    c812 CONST      _cmd_tbl            
    cf09 CONST      _ARClib_version     
    cf1c CONST      _ARClib_vstruct     
    cf66 CONST      thread_init_begin   
    cf6a CONST      thread_init_end     
    e316 CONST      _busAddrSym         
    f020 CONST      ___RAL_hex_uc       
    f030 CONST      ___RAL_hex_lc       
    f058 CONST      ___RAL_ascii_ctype_map
    f0e6 CONST      ___RAL_codeset_ascii
    f0f6 CONST      ___RAL_c_locale_day_names
    f130 CONST      ___RAL_c_locale_abbrev_day_names
    f14d CONST      ___RAL_c_locale_month_names
    f1a4 CONST      ___RAL_c_locale_abbrev_month_names
    f1d5 CONST      ___RAL_c_locale_am_pm_indicator
    f1dc CONST      ___RAL_c_locale_date_format
    f1e5 CONST      ___RAL_c_locale_time_format
    f1ee CONST      ___RAL_c_locale_date_time_format
    f1fd CONST      ___RAL_data_utf8_period
    f1ff CONST      ___RAL_data_empty_string
    f200 CONST      ___RAL_c_locale_data
    f232 CONST      ___RAL_c_locale     
    f23a CONST      ___float32_nan      
    f23e CODE       _COMM_err_decode    
    f296 CODE       _ground_cmd         
    f45c CODE       ___putchar          
    f46c CODE       ___getchar          
    f472 CODE       _main               
    f594 CODE       _COMM_parseCmd      
    f618 CODE       _LED_shift          
    f650 CODE       _sub_events         
    f788 CODE       _COMM_events        
    f824 CODE       ___vfprintf         
    f824 CODE       ___vfprintf_float_long
   10904 CODE       _ctl_private_add_to_task_list
   10952 CODE       _ctl_private_remove_from_task_list
   1098c CODE       _ctl_private_reschedule
   10a64 CODE       _ctl_task_init      
   10aa0 CODE       _ctl_task_run       
   10b2c CODE       _ctl_task_die       
   10b54 CODE       _ctl_task_set_priority
   10b92 CODE       _ctl_timeout_wait   
   10bd4 CODE       _ctl_increment_tick_from_isr
   10c4e CODE       _ctl_get_current_time
   10c66 CODE       ___printf_lock      
   10c82 CODE       ___printf_unlock    
   10c96 CODE       _ctl_events_init    
   10caa CODE       _ctl_events_wait    
   10da6 CODE       _ctl_private_events_schedule
   10e2a CODE       _ctl_events_set_clear
   10e8a CODE       _ctl_mutex_init     
   10ea2 CODE       _ctl_mutex_lock_uc  
   10eb6 CODE       _ctl_mutex_lock     
   10fba CODE       _ctl_mutex_unlock   
   11080 CODE       _ctl_byte_queue_init
   111c8 CODE       _ctl_byte_queue_post_multi
   112a0 CODE       _ctl_byte_queue_receive_multi
   1136e CODE       _ctl_byte_queue_post_multi_nb
   113de CODE       _ctl_byte_queue_receive_multi_nb
   1144e CODE       _ctl_byte_queue_post
   1147c CODE       _ctl_byte_queue_receive
   114a2 CODE       _ctl_byte_queue_post_nb
   114bc CODE       _ctl_byte_queue_receive_nb
   114d0 CODE       _ctl_private_get_stack_start
   114d6 CODE       _ctl_private_get_thread_local_storage
   114dc CODE       _ctl_private_init_registers
   1153e CODE       _ctl_private_init_thread_local_storage
   11554 CODE       ___RAL_read_tp      
   11562 CODE       _ctl_private_reschedule_from_api_call
   1157e CODE       _ctl_enter_isr      
   115b2 CODE       _ctl_exit_isr       
   115ea CODE       _ctl_global_interrupts_set
   11602 CODE       _BUS_get_OA         
   1167e CODE       _BUS_flags_to_addr  
   116f4 CODE       _BUS_addr_to_flags  
   1174a CODE       _BUS_cmd_init       
   11764 CODE       _BUS_OA_check       
   1179a CODE       _addr_chk           
   117c6 CODE       _BUS_I2C_release    
   11862 CODE       _BUS_cmd_tx         
   11afa CODE       _BUS_SPI_txrx       
   11d6c CODE       _crc7               
   11d9e CODE       _crc16              
   11dd2 CODE       _get_ticker_time    
   11dea CODE       _setget_ticker_time 
   11e12 CODE       _SPI_master_setup   
   11e2c CODE       _SPI_slave_setup    
   11e46 CODE       _SPI_deactivate     
   11e56 CODE       _initCLK            
   11ea0 CODE       _init_timerA        
   11eb4 CODE       _start_timerA       
   11ebc CODE       _initSVS            
   11f12 CODE       _ARC_setup          
   11fa6 CODE       _initARCbus         
   120a4 CODE       _readTA1            
   120b4 CODE       _BUS_register_cmd_callback
   12bb4 CODE       _mainLoop           
   12bfe CODE       _BUS_init_buffer    
   12c08 CODE       _BUS_get_buffer_size
   12c0e CODE       _BUS_get_buffer     
   12c36 CODE       _BUS_free_buffer    
   12c40 CODE       _BUS_free_buffer_from_event
   12c4e CODE       _async_isOpen       
   12c54 CODE       _async_open_remote  
   12ce6 CODE       _async_close_remote 
   12d14 CODE       _async_send_data    
   12d7a CODE       _BUS_free_alarm     
   12d92 CODE       _BUS_timer_timeout_check
   12de6 CODE       _BUS_alarm_ticker_update
   12eee CODE       _PMM_setVCoreUp     
   12fe8 CODE       _PMM_setVCoreDown   
   130a2 CODE       _PMM_setVCore       
   130e2 CODE       _ctl_handle_error   
   130f4 CODE       _err_decode_arcbus  
   137dc CODE       _BUS_error_str      
   138ac CODE       _BUS_cmdtostr       
   13a58 CODE       _BUS_cmd_resptostr  
   13ade CODE       _bus_flags_tostr    
   13afe CODE       _bus_version_err_tostr
   13b80 CODE       _reset_bor          
   13bb2 CODE       _main_return        
   13bc6 CODE       _startup_error_check
   13e0e CODE       _err_register_handler
   13ec6 CODE       _error_init         
   13ee8 CODE       _error_recording_start
   13f84 CODE       _set_error_level    
   13f90 CODE       _get_error_level    
   13f96 CODE       __record_error      
   14040 CODE       _record_error       
   14084 CODE       _ERR_lev_str        
   140c2 CODE       _err_do_decode      
   1414a CODE       _print_error        
   14198 CODE       _report_error       
   141d8 CODE       _clear_saved_errors 
   1420a CODE       _error_log_mem_replay
   1428c CODE       _error_log_replay   
   1434e CODE       _make_args          
   143b8 CODE       _helpCmd            
   1446a CODE       _doCmd              
   144ee CODE       _hist_incr          
   144fa CODE       _hist_decr          
   14506 CODE       _terminal           
   147c6 CODE       _UCA1_init_UART     
   148a2 CODE       _UCA1_TxChar        
   148de CODE       _UCA1_Getc          
   148fa CODE       _I2C_addr_lookup    
   14942 CODE       _I2C_addr_revlookup 
   1497a CODE       _getI2C_addr        
   14a44 CODE       _restCmd            
   14afa CODE       _timeCmd            
   14b10 CODE       _txCmd              
   14c8e CODE       _spiCmd             
   14da0 CODE       _ARCsearch_Cmd      
   14e56 CODE       _ARClib_version_Cmd 
   14e68 CODE       _errReq_Cmd         
   15028 CODE       _priorityCmd        
   150dc CODE       _timesliceCmd       
   15144 CODE       _stateName          
   151c6 CODE       _statsCmd           
   15228 CODE       _stackCmd           
   15272 CODE       _parse_log_level    
   1534c CODE       _replayCmd          
   153d8 CODE       _clearErrCmd        
   153fc CODE       _logCmd             
   15482 CODE       _SD_error_str       
   15688 CODE       ___int32_mul        
   156aa CODE       ___int16_div        
   156d0 CODE       ___int16_mod        
   156f6 CODE       ___int16_mul        
   1570c CODE       ___int64_lsl        
   1571e CODE       ___int64_lsr        
   1577e CODE       ___uint64_mod       
   1579e CODE       ___uint16_div       
   157b6 CODE       ___uint16_mod       
   157be CODE       ___uint32_div       
   157c8 CODE       ___uint32_divmod    
   157f0 CODE       ___uint32_mod       
   157fe CODE       ___uint64_div       
   15826 CODE       ___uint64_divmod    
   15862 CODE       ___digit            
   158a8 CODE       ___RAL_pow10        
   158fe CODE       ___strtoul          
   15a1c CODE       ___putc             
   15a66 CODE       ___RAL_print_padding
   15a84 CODE       ___RAL_pre_padding  
   15aae CODE       _abs                
   15abe CODE       _atoi               
   15ae4 CODE       _atol               
   15b0e CODE       ___RAL_isctype      
   15b2c CODE       _isupper            
   15b3e CODE       _islower            
   15b50 CODE       _isdigit            
   15b60 CODE       _isspace            
   15b70 CODE       _iscntrl            
   15b82 CODE       ___errno            
   15b8c CODE       _getchar            
   15baa CODE       ___RAL_global_locale_category
   15c7a CODE       _printf             
   15cb6 CODE       _puts               
   15cf0 CODE       _sprintf            
   15d20 CODE       _strcmp             
   15d40 CODE       _strcpy             
   15d56 CODE       _strncmp            
   15d84 CODE       _strlcpy            
   15dc8 CODE       _strnlen            
   15de2 CODE       _strtol             
   15e8e CODE       _strtoul            
   15f42 CODE       ___RAL_init_mbstate 
   15f50 CODE       ___RAL_ascii_mbtowc 
   15f96 CODE       ___RAL_ascii_wctomb 
   15fbe CODE       _memcpy             
   15fce CODE       _memset             
   15fde CODE       _strlen             
   15fee CODE       ___float32_isinf    
   16008 CODE       ___float32_isnan    
   16020 CODE       ___float32_signbit  
   16030 CODE       ___uint64_to_float32
   16154 CODE       ___float32_to_int64 
   16206 CODE       ___float32_add      
   162f8 CODE       ___float32_sub      
   16304 CODE       ___float32_mul      
   163dc CODE       ___float32_div      
   1649a CODE       ___float32_lt       
   164b6 CODE       ___float32_eq       
   164c6 CODE       _modff              
   1655c CODE       _floor              
   1655c CODE       _floorf             
   1662c CODE       _fmodf              
   1662c CODE       _fmod               
   1679e CODE       _fabsf              
   167a4 CODE       _ldexp              
   167e0 CODE       _frexp              
