
SYMBOLS BY NAME

      80            CTL_IRQ_STACK_SIZE  
    2748 UDATA0     _ARC_bus_helper_task
    2968 UDATA0     _ARC_bus_task       
   10f74 CODE       _ARC_setup          
    cc20 CONST      _ARClib_vstruct     
   10828 CODE       _BUS_I2C_release    
    2764 UDATA0     _BUS_INT_events     
   107c6 CODE       _BUS_OA_check       
   10b5c CODE       _BUS_SPI_txrx       
   10756 CODE       _BUS_addr_to_flags  
   11eb4 CODE       _BUS_alarm_ticker_update
   107ac CODE       _BUS_cmd_init       
   12b26 CODE       _BUS_cmd_resptostr  
   108c4 CODE       _BUS_cmd_tx         
   1297a CODE       _BUS_cmdtostr       
   128aa CODE       _BUS_error_str      
   106e0 CODE       _BUS_flags_to_addr  
   11e48 CODE       _BUS_free_alarm     
   11c98 CODE       _BUS_free_buffer    
   11ca2 CODE       _BUS_free_buffer_from_event
   10664 CODE       _BUS_get_OA         
   11c70 CODE       _BUS_get_buffer     
   11c6a CODE       _BUS_get_buffer_size
    2766 UDATA0     _BUS_helper_events  
   11c60 CODE       _BUS_init_buffer    
   11116 CODE       _BUS_register_cmd_callback
    2768 UDATA0     _BUS_stack          
    3964 THREAD     _BUS_thread_addr_flags
   11e60 CODE       _BUS_timer_timeout_check
    e532 CODE       _COMMCmd            
    e314 CODE       _COMM_err_decode    
    e820 CODE       _COMM_events        
    2498 UDATA0     _COMM_evt           
    1c04 IDATA0     _COMM_parse         
    e680 CODE       _COMM_parseCmd      
    2c08 UDATA0     _DMA_events         
    c522 ISR        _DMA_int            
   1314c CODE       _ERR_lev_str        
   138b2 CODE       _I2C_addr_lookup    
    29c8 UDATA0     _I2C_rx_buf         
    29c6 UDATA0     _I2C_rx_in          
    29c4 UDATA0     _I2C_rx_out         
   12170 CODE       _PMM_setVCore       
   120b6 CODE       _PMM_setVCoreDown   
   11fbc CODE       _PMM_setVCoreUp     
   10ea8 CODE       _SPI_deactivate     
   10e74 CODE       _SPI_master_setup   
   10e8e CODE       _SPI_slave_setup    
    29a0 UDATA0     _SUB_events         
    c5e8 ISR        _SYS_NMI            
    c6fe ISR        _UCA1_ISR           
    3818 UDATA0     _UCA1_RxBuf         
    38bc UDATA0     _UCA1_TxBuf         
   13876 CODE       _UCA1_TxChar        
   1379a CODE       _UCA1_init_UART     
    e12e CONST      ___RAL_ascii_ctype_map
   14234 CODE       ___RAL_ascii_mbtowc 
   1427a CODE       ___RAL_ascii_wctomb 
    e308 CONST      ___RAL_c_locale     
    e206 CONST      ___RAL_c_locale_abbrev_day_names
    e27a CONST      ___RAL_c_locale_abbrev_month_names
    e2ab CONST      ___RAL_c_locale_am_pm_indicator
    e2d6 CONST      ___RAL_c_locale_data
    e2b2 CONST      ___RAL_c_locale_date_format
    e2c4 CONST      ___RAL_c_locale_date_time_format
    e1cc CONST      ___RAL_c_locale_day_names
    e223 CONST      ___RAL_c_locale_month_names
    e2bb CONST      ___RAL_c_locale_time_format
    e1bc CONST      ___RAL_codeset_ascii
    e2d5 CONST      ___RAL_data_empty_string
    e2d3 CONST      ___RAL_data_utf8_period
    1c2e IDATA0     ___RAL_global_locale
   13ebc CODE       ___RAL_global_locale_category
    e105 CONST      ___RAL_hex_lc       
    e0f5 CONST      ___RAL_hex_uc       
   14226 CODE       ___RAL_init_mbstate 
   13e20 CODE       ___RAL_isctype      
   13be4 CODE       ___RAL_pow10        
   13dc0 CODE       ___RAL_pre_padding  
   13da2 CODE       ___RAL_print_padding
   105b6 CODE       ___RAL_read_tp      
    1c00            ___RAM_Address      
    8000            ___RAM_Size         
    1c00            ___begin_IDATA0     
    3964            ___begin_THREAD     
    1c38            ___begin_UDATA0     
     4c0            ___crt_mpy          
     4d2            ___crt_mpy32h       
     4d0            ___crt_mpy32l       
     4c8            ___crt_op2          
     4e2            ___crt_op2h         
     4e0            ___crt_op2l         
     4e4            ___crt_res0         
     4e6            ___crt_res1         
     4e8            ___crt_res2         
     4ea            ___crt_res3         
     4ca            ___crt_reslo        
   13b9e CODE       ___digit            
    1c38            ___end_IDATA0       
    3968            ___end_THREAD       
    3964            ___end_UDATA0       
   13e94 CODE       ___errno            
   144ea CODE       ___float32_add      
   146c0 CODE       ___float32_div      
   1479a CODE       ___float32_eq       
   142d2 CODE       ___float32_isinf    
   142ec CODE       ___float32_isnan    
   1477e CODE       ___float32_lt       
   145e8 CODE       ___float32_mul      
    e310 CONST      ___float32_nan      
   14304 CODE       ___float32_signbit  
   145dc CODE       ___float32_sub      
   14438 CODE       ___float32_to_int64 
    e558 CODE       ___getchar          
   139e6 CODE       ___int16_div        
   13a0c CODE       ___int16_mod        
   13a32 CODE       ___int16_mul        
   139c4 CODE       ___int32_mul        
   13a48 CODE       ___int64_lsl        
   13a5a CODE       ___int64_lsr        
    fc24 CODE       ___printf_lock      
    fc40 CODE       ___printf_unlock    
   13d58 CODE       ___putc             
    e53e CODE       ___putchar          
   13c3a CODE       ___strtoul          
    c008 ISR        ___thunk_COMMCmd    
    c000 ISR        ___thunk_COMM_err_decode
    c018 ISR        ___thunk_COMM_events
    c010 ISR        ___thunk_COMM_parseCmd
    c76c ISR        ___thunk___RAL_ascii_mbtowc
    c770 ISR        ___thunk___RAL_ascii_wctomb
    c00c ISR        ___thunk___putchar  
    c6f2 ISR        ___thunk_err_decode_arcbus
    c004 ISR        ___thunk_ground_cmd 
    c6f6 ISR        ___thunk_helpCmd    
    c014 ISR        ___thunk_sub_events 
    c6fa ISR        ___thunk_terminal   
   13ada CODE       ___uint16_div       
   13af2 CODE       ___uint16_mod       
   13afa CODE       ___uint32_div       
   13b04 CODE       ___uint32_divmod    
   13b2c CODE       ___uint32_mod       
   13b3a CODE       ___uint64_div       
   13b62 CODE       ___uint64_divmod    
   13aba CODE       ___uint64_mod       
   14314 CODE       ___uint64_to_float32
    1c2c IDATA0     ___ungot            
    3962 UDATA0     ___user_format_extender
    e8bc CODE       ___vfprintf         
    e8bc CODE       ___vfprintf_float_long
   1305e CODE       __record_error      
   13dea CODE       _abs                
   107fc CODE       _addr_chk           
    325c UDATA0     _alarms             
    29a2 UDATA0     _arcBus_stat        
   11e20 CODE       _async_Getc         
   11ddc CODE       _async_TxChar       
    1c20 IDATA0     _async_addr         
   11d48 CODE       _async_close_remote 
   11cb0 CODE       _async_isOpen       
   11cb6 CODE       _async_open_remote  
    3240 UDATA0     _async_rxQ          
   11d76 CODE       _async_send_data    
    1c22 IDATA0     _async_timer        
    324e UDATA0     _async_txQ          
   13dfa CODE       _atoi               
    1c02 IDATA0     _beacon_flag        
    1c00 IDATA0     _beacon_on          
    300e UDATA0     _buffer_mutex       
    e018 CONST      _busAddrSym         
    c024 ISR        _bus_I2C_isr        
    c460 ISR        _bus_SPI_isr        
   12bac CODE       _bus_flags_tostr    
    c46c ISR        _bus_int            
    c5a2 ISR        _bus_resend         
   12bcc CODE       _bus_version_err_tostr
    1c24 IDATA0     _closed_event       
    1c26 IDATA0     _closed_flag        
    1c1c IDATA0     _cmd_parse_list     
    c7de CONST      _cmd_tbl            
   10e00 CODE       _crc16              
   10dce CODE       _crc7               
    2536 UDATA0     _crc_mutex          
   100cc CODE       _ctl_byte_queue_init
   100f6 CODE       _ctl_byte_queue_num_used
   104b0 CODE       _ctl_byte_queue_post
   1022a CODE       _ctl_byte_queue_post_multi
   103d0 CODE       _ctl_byte_queue_post_multi_nb
   10504 CODE       _ctl_byte_queue_post_nb
   104de CODE       _ctl_byte_queue_receive
   10302 CODE       _ctl_byte_queue_receive_multi
   10440 CODE       _ctl_byte_queue_receive_multi_nb
   1051e CODE       _ctl_byte_queue_receive_nb
    24aa UDATA0     _ctl_current_time   
   105e0 CODE       _ctl_enter_isr      
    fc54 CODE       _ctl_events_init    
    fde8 CODE       _ctl_events_set_clear
    fc68 CODE       _ctl_events_wait    
   10614 CODE       _ctl_exit_isr       
    fc0c CODE       _ctl_get_current_time
   1064c CODE       _ctl_global_interrupts_set
   121b0 CODE       _ctl_handle_error   
    fb92 CODE       _ctl_increment_tick_from_isr
    24af UDATA0     _ctl_interrupt_count
    24a6 UDATA0     _ctl_last_schedule_time
    1c10 IDATA0     _ctl_libc_mutex     
    fe48 CODE       _ctl_mutex_init     
    fe74 CODE       _ctl_mutex_lock     
    fe60 CODE       _ctl_mutex_lock_uc  
   10006 CODE       _ctl_mutex_unlock   
    f8c2 CODE       _ctl_private_add_to_task_list
    fd64 CODE       _ctl_private_events_schedule
   10532 CODE       _ctl_private_get_stack_start
   10538 CODE       _ctl_private_get_thread_local_storage
   1053e CODE       _ctl_private_init_registers
   105a0 CODE       _ctl_private_init_thread_local_storage
    f910 CODE       _ctl_private_remove_from_task_list
    f94a CODE       _ctl_private_reschedule
   105c4 CODE       _ctl_private_reschedule_from_api_call
    24ae UDATA0     _ctl_reschedule_on_last_isr_exit
    faea CODE       _ctl_task_die       
    24b0 UDATA0     _ctl_task_executing 
    fa22 CODE       _ctl_task_init      
    24b2 UDATA0     _ctl_task_list      
    fa5e CODE       _ctl_task_run       
    fb12 CODE       _ctl_task_set_priority
    24a4 UDATA0     _ctl_task_switch_callout
    1c0e IDATA0     _ctl_time_increment 
    fb50 CODE       _ctl_timeout_wait   
    1c0a IDATA0     _ctl_timeslice_period
   1343e CODE       _doCmd              
   121c2 CODE       _err_decode_arcbus  
   1318a CODE       _err_do_decode      
   12edc CODE       _err_register_handler
   12f94 CODE       _error_init         
   132a0 CODE       _error_log_mem_replay
   12fb6 CODE       _error_recording_start
   14a82 CODE       _fabsf              
   14840 CODE       _floor              
   14840 CODE       _floorf             
   14910 CODE       _fmod               
   14910 CODE       _fmodf              
   14ac4 CODE       _frexp              
   138fa CODE       _getI2C_addr        
   10e34 CODE       _get_ticker_time    
   13e9e CODE       _getchar            
    e36c CODE       _ground_cmd         
   1338c CODE       _helpCmd            
    2554 UDATA0     _helper_stack       
   134ce CODE       _hist_decr          
   134c2 CODE       _hist_incr          
    2984 UDATA0     _idle_task          
   11008 CODE       _initARCbus         
   10eb8 CODE       _initCLK            
   10f1e CODE       _initSVS            
   10f02 CODE       _init_timerA        
   13e82 CODE       _iscntrl            
   13e62 CODE       _isdigit            
   13e50 CODE       _islower            
   13e72 CODE       _isspace            
   13e3e CODE       _isupper            
   14a88 CODE       _ldexp              
    e55e CODE       _main               
   11c16 CODE       _mainLoop           
   12c80 CODE       _main_return        
   13322 CODE       _make_args          
   142a2 CODE       _memcpy             
   142b2 CODE       _memset             
   147aa CODE       _modff              
    327c UDATA0     _next_idx           
    1c1a IDATA0     _powerState         
   13212 CODE       _print_error        
   13f8c CODE       _printf             
   13fc8 CODE       _puts               
   11106 CODE       _readTA1            
   13108 CODE       _record_error       
   13260 CODE       _report_error       
   12c4e CODE       _reset_bor          
    3014 UDATA0     _rxbuf              
    326c UDATA0     _saved_error        
   13052 CODE       _set_error_level    
   10e4c CODE       _setget_ticker_time 
   14002 CODE       _sprintf            
    2240 UDATA0     _stack1             
    1e3c UDATA0     _stack2             
    1c38 UDATA0     _stack3             
   10f16 CODE       _start_timerA       
   12c94 CODE       _startup_error_check
    249a UDATA0     _status             
   14032 CODE       _strcmp             
   14052 CODE       _strcpy             
   14068 CODE       _strlcpy            
   142c2 CODE       _strlen             
   140ac CODE       _strnlen            
   140c6 CODE       _strtol             
   14172 CODE       _strtoul            
    e704 CODE       _sub_events         
    c568 ISR        _task_tick          
    2444 UDATA0     _tasks              
   134da CODE       _terminal           
    253c UDATA0     _ticker_time        
    3140 UDATA0     _txbuf              
    cc68 CONST      thread_init_begin   
    cc6c CONST      thread_init_end     


SYMBOLS BY VALUE

      80            CTL_IRQ_STACK_SIZE  
     4c0            ___crt_mpy          
     4c8            ___crt_op2          
     4ca            ___crt_reslo        
     4d0            ___crt_mpy32l       
     4d2            ___crt_mpy32h       
     4e0            ___crt_op2l         
     4e2            ___crt_op2h         
     4e4            ___crt_res0         
     4e6            ___crt_res1         
     4e8            ___crt_res2         
     4ea            ___crt_res3         
    1c00 IDATA0     _beacon_on          
    1c00            ___RAM_Address      
    1c00            ___begin_IDATA0     
    1c02 IDATA0     _beacon_flag        
    1c04 IDATA0     _COMM_parse         
    1c0a IDATA0     _ctl_timeslice_period
    1c0e IDATA0     _ctl_time_increment 
    1c10 IDATA0     _ctl_libc_mutex     
    1c1a IDATA0     _powerState         
    1c1c IDATA0     _cmd_parse_list     
    1c20 IDATA0     _async_addr         
    1c22 IDATA0     _async_timer        
    1c24 IDATA0     _closed_event       
    1c26 IDATA0     _closed_flag        
    1c2c IDATA0     ___ungot            
    1c2e IDATA0     ___RAL_global_locale
    1c38 UDATA0     _stack3             
    1c38            ___end_IDATA0       
    1c38            ___begin_UDATA0     
    1e3c UDATA0     _stack2             
    2240 UDATA0     _stack1             
    2444 UDATA0     _tasks              
    2498 UDATA0     _COMM_evt           
    249a UDATA0     _status             
    24a4 UDATA0     _ctl_task_switch_callout
    24a6 UDATA0     _ctl_last_schedule_time
    24aa UDATA0     _ctl_current_time   
    24ae UDATA0     _ctl_reschedule_on_last_isr_exit
    24af UDATA0     _ctl_interrupt_count
    24b0 UDATA0     _ctl_task_executing 
    24b2 UDATA0     _ctl_task_list      
    2536 UDATA0     _crc_mutex          
    253c UDATA0     _ticker_time        
    2554 UDATA0     _helper_stack       
    2748 UDATA0     _ARC_bus_helper_task
    2764 UDATA0     _BUS_INT_events     
    2766 UDATA0     _BUS_helper_events  
    2768 UDATA0     _BUS_stack          
    2968 UDATA0     _ARC_bus_task       
    2984 UDATA0     _idle_task          
    29a0 UDATA0     _SUB_events         
    29a2 UDATA0     _arcBus_stat        
    29c4 UDATA0     _I2C_rx_out         
    29c6 UDATA0     _I2C_rx_in          
    29c8 UDATA0     _I2C_rx_buf         
    2c08 UDATA0     _DMA_events         
    300e UDATA0     _buffer_mutex       
    3014 UDATA0     _rxbuf              
    3140 UDATA0     _txbuf              
    3240 UDATA0     _async_rxQ          
    324e UDATA0     _async_txQ          
    325c UDATA0     _alarms             
    326c UDATA0     _saved_error        
    327c UDATA0     _next_idx           
    3818 UDATA0     _UCA1_RxBuf         
    38bc UDATA0     _UCA1_TxBuf         
    3962 UDATA0     ___user_format_extender
    3964            ___end_UDATA0       
    3964 THREAD     _BUS_thread_addr_flags
    3964            ___begin_THREAD     
    3968            ___end_THREAD       
    8000            ___RAM_Size         
    c000 ISR        ___thunk_COMM_err_decode
    c004 ISR        ___thunk_ground_cmd 
    c008 ISR        ___thunk_COMMCmd    
    c00c ISR        ___thunk___putchar  
    c010 ISR        ___thunk_COMM_parseCmd
    c014 ISR        ___thunk_sub_events 
    c018 ISR        ___thunk_COMM_events
    c024 ISR        _bus_I2C_isr        
    c460 ISR        _bus_SPI_isr        
    c46c ISR        _bus_int            
    c522 ISR        _DMA_int            
    c568 ISR        _task_tick          
    c5a2 ISR        _bus_resend         
    c5e8 ISR        _SYS_NMI            
    c6f2 ISR        ___thunk_err_decode_arcbus
    c6f6 ISR        ___thunk_helpCmd    
    c6fa ISR        ___thunk_terminal   
    c6fe ISR        _UCA1_ISR           
    c76c ISR        ___thunk___RAL_ascii_mbtowc
    c770 ISR        ___thunk___RAL_ascii_wctomb
    c7de CONST      _cmd_tbl            
    cc20 CONST      _ARClib_vstruct     
    cc68 CONST      thread_init_begin   
    cc6c CONST      thread_init_end     
    e018 CONST      _busAddrSym         
    e0f5 CONST      ___RAL_hex_uc       
    e105 CONST      ___RAL_hex_lc       
    e12e CONST      ___RAL_ascii_ctype_map
    e1bc CONST      ___RAL_codeset_ascii
    e1cc CONST      ___RAL_c_locale_day_names
    e206 CONST      ___RAL_c_locale_abbrev_day_names
    e223 CONST      ___RAL_c_locale_month_names
    e27a CONST      ___RAL_c_locale_abbrev_month_names
    e2ab CONST      ___RAL_c_locale_am_pm_indicator
    e2b2 CONST      ___RAL_c_locale_date_format
    e2bb CONST      ___RAL_c_locale_time_format
    e2c4 CONST      ___RAL_c_locale_date_time_format
    e2d3 CONST      ___RAL_data_utf8_period
    e2d5 CONST      ___RAL_data_empty_string
    e2d6 CONST      ___RAL_c_locale_data
    e308 CONST      ___RAL_c_locale     
    e310 CONST      ___float32_nan      
    e314 CODE       _COMM_err_decode    
    e36c CODE       _ground_cmd         
    e532 CODE       _COMMCmd            
    e53e CODE       ___putchar          
    e558 CODE       ___getchar          
    e55e CODE       _main               
    e680 CODE       _COMM_parseCmd      
    e704 CODE       _sub_events         
    e820 CODE       _COMM_events        
    e8bc CODE       ___vfprintf_float_long
    e8bc CODE       ___vfprintf         
    f8c2 CODE       _ctl_private_add_to_task_list
    f910 CODE       _ctl_private_remove_from_task_list
    f94a CODE       _ctl_private_reschedule
    fa22 CODE       _ctl_task_init      
    fa5e CODE       _ctl_task_run       
    faea CODE       _ctl_task_die       
    fb12 CODE       _ctl_task_set_priority
    fb50 CODE       _ctl_timeout_wait   
    fb92 CODE       _ctl_increment_tick_from_isr
    fc0c CODE       _ctl_get_current_time
    fc24 CODE       ___printf_lock      
    fc40 CODE       ___printf_unlock    
    fc54 CODE       _ctl_events_init    
    fc68 CODE       _ctl_events_wait    
    fd64 CODE       _ctl_private_events_schedule
    fde8 CODE       _ctl_events_set_clear
    fe48 CODE       _ctl_mutex_init     
    fe60 CODE       _ctl_mutex_lock_uc  
    fe74 CODE       _ctl_mutex_lock     
   10006 CODE       _ctl_mutex_unlock   
   100cc CODE       _ctl_byte_queue_init
   100f6 CODE       _ctl_byte_queue_num_used
   1022a CODE       _ctl_byte_queue_post_multi
   10302 CODE       _ctl_byte_queue_receive_multi
   103d0 CODE       _ctl_byte_queue_post_multi_nb
   10440 CODE       _ctl_byte_queue_receive_multi_nb
   104b0 CODE       _ctl_byte_queue_post
   104de CODE       _ctl_byte_queue_receive
   10504 CODE       _ctl_byte_queue_post_nb
   1051e CODE       _ctl_byte_queue_receive_nb
   10532 CODE       _ctl_private_get_stack_start
   10538 CODE       _ctl_private_get_thread_local_storage
   1053e CODE       _ctl_private_init_registers
   105a0 CODE       _ctl_private_init_thread_local_storage
   105b6 CODE       ___RAL_read_tp      
   105c4 CODE       _ctl_private_reschedule_from_api_call
   105e0 CODE       _ctl_enter_isr      
   10614 CODE       _ctl_exit_isr       
   1064c CODE       _ctl_global_interrupts_set
   10664 CODE       _BUS_get_OA         
   106e0 CODE       _BUS_flags_to_addr  
   10756 CODE       _BUS_addr_to_flags  
   107ac CODE       _BUS_cmd_init       
   107c6 CODE       _BUS_OA_check       
   107fc CODE       _addr_chk           
   10828 CODE       _BUS_I2C_release    
   108c4 CODE       _BUS_cmd_tx         
   10b5c CODE       _BUS_SPI_txrx       
   10dce CODE       _crc7               
   10e00 CODE       _crc16              
   10e34 CODE       _get_ticker_time    
   10e4c CODE       _setget_ticker_time 
   10e74 CODE       _SPI_master_setup   
   10e8e CODE       _SPI_slave_setup    
   10ea8 CODE       _SPI_deactivate     
   10eb8 CODE       _initCLK            
   10f02 CODE       _init_timerA        
   10f16 CODE       _start_timerA       
   10f1e CODE       _initSVS            
   10f74 CODE       _ARC_setup          
   11008 CODE       _initARCbus         
   11106 CODE       _readTA1            
   11116 CODE       _BUS_register_cmd_callback
   11c16 CODE       _mainLoop           
   11c60 CODE       _BUS_init_buffer    
   11c6a CODE       _BUS_get_buffer_size
   11c70 CODE       _BUS_get_buffer     
   11c98 CODE       _BUS_free_buffer    
   11ca2 CODE       _BUS_free_buffer_from_event
   11cb0 CODE       _async_isOpen       
   11cb6 CODE       _async_open_remote  
   11d48 CODE       _async_close_remote 
   11d76 CODE       _async_send_data    
   11ddc CODE       _async_TxChar       
   11e20 CODE       _async_Getc         
   11e48 CODE       _BUS_free_alarm     
   11e60 CODE       _BUS_timer_timeout_check
   11eb4 CODE       _BUS_alarm_ticker_update
   11fbc CODE       _PMM_setVCoreUp     
   120b6 CODE       _PMM_setVCoreDown   
   12170 CODE       _PMM_setVCore       
   121b0 CODE       _ctl_handle_error   
   121c2 CODE       _err_decode_arcbus  
   128aa CODE       _BUS_error_str      
   1297a CODE       _BUS_cmdtostr       
   12b26 CODE       _BUS_cmd_resptostr  
   12bac CODE       _bus_flags_tostr    
   12bcc CODE       _bus_version_err_tostr
   12c4e CODE       _reset_bor          
   12c80 CODE       _main_return        
   12c94 CODE       _startup_error_check
   12edc CODE       _err_register_handler
   12f94 CODE       _error_init         
   12fb6 CODE       _error_recording_start
   13052 CODE       _set_error_level    
   1305e CODE       __record_error      
   13108 CODE       _record_error       
   1314c CODE       _ERR_lev_str        
   1318a CODE       _err_do_decode      
   13212 CODE       _print_error        
   13260 CODE       _report_error       
   132a0 CODE       _error_log_mem_replay
   13322 CODE       _make_args          
   1338c CODE       _helpCmd            
   1343e CODE       _doCmd              
   134c2 CODE       _hist_incr          
   134ce CODE       _hist_decr          
   134da CODE       _terminal           
   1379a CODE       _UCA1_init_UART     
   13876 CODE       _UCA1_TxChar        
   138b2 CODE       _I2C_addr_lookup    
   138fa CODE       _getI2C_addr        
   139c4 CODE       ___int32_mul        
   139e6 CODE       ___int16_div        
   13a0c CODE       ___int16_mod        
   13a32 CODE       ___int16_mul        
   13a48 CODE       ___int64_lsl        
   13a5a CODE       ___int64_lsr        
   13aba CODE       ___uint64_mod       
   13ada CODE       ___uint16_div       
   13af2 CODE       ___uint16_mod       
   13afa CODE       ___uint32_div       
   13b04 CODE       ___uint32_divmod    
   13b2c CODE       ___uint32_mod       
   13b3a CODE       ___uint64_div       
   13b62 CODE       ___uint64_divmod    
   13b9e CODE       ___digit            
   13be4 CODE       ___RAL_pow10        
   13c3a CODE       ___strtoul          
   13d58 CODE       ___putc             
   13da2 CODE       ___RAL_print_padding
   13dc0 CODE       ___RAL_pre_padding  
   13dea CODE       _abs                
   13dfa CODE       _atoi               
   13e20 CODE       ___RAL_isctype      
   13e3e CODE       _isupper            
   13e50 CODE       _islower            
   13e62 CODE       _isdigit            
   13e72 CODE       _isspace            
   13e82 CODE       _iscntrl            
   13e94 CODE       ___errno            
   13e9e CODE       _getchar            
   13ebc CODE       ___RAL_global_locale_category
   13f8c CODE       _printf             
   13fc8 CODE       _puts               
   14002 CODE       _sprintf            
   14032 CODE       _strcmp             
   14052 CODE       _strcpy             
   14068 CODE       _strlcpy            
   140ac CODE       _strnlen            
   140c6 CODE       _strtol             
   14172 CODE       _strtoul            
   14226 CODE       ___RAL_init_mbstate 
   14234 CODE       ___RAL_ascii_mbtowc 
   1427a CODE       ___RAL_ascii_wctomb 
   142a2 CODE       _memcpy             
   142b2 CODE       _memset             
   142c2 CODE       _strlen             
   142d2 CODE       ___float32_isinf    
   142ec CODE       ___float32_isnan    
   14304 CODE       ___float32_signbit  
   14314 CODE       ___uint64_to_float32
   14438 CODE       ___float32_to_int64 
   144ea CODE       ___float32_add      
   145dc CODE       ___float32_sub      
   145e8 CODE       ___float32_mul      
   146c0 CODE       ___float32_div      
   1477e CODE       ___float32_lt       
   1479a CODE       ___float32_eq       
   147aa CODE       _modff              
   14840 CODE       _floor              
   14840 CODE       _floorf             
   14910 CODE       _fmod               
   14910 CODE       _fmodf              
   14a82 CODE       _fabsf              
   14a88 CODE       _ldexp              
   14ac4 CODE       _frexp              
