
SYMBOLS BY NAME

      80            CTL_IRQ_STACK_SIZE  
    2746 UDATA0     _ARC_bus_helper_task
    2966 UDATA0     _ARC_bus_task       
   10b1e CODE       _ARC_setup          
    caf4 CONST      _ARClib_vstruct     
   103d2 CODE       _BUS_I2C_release    
    2762 UDATA0     _BUS_INT_events     
   10370 CODE       _BUS_OA_check       
   10706 CODE       _BUS_SPI_txrx       
   10300 CODE       _BUS_addr_to_flags  
   119e4 CODE       _BUS_alarm_is_free  
   11ac6 CODE       _BUS_alarm_ticker_update
   10356 CODE       _BUS_cmd_init       
   12738 CODE       _BUS_cmd_resptostr  
   1046e CODE       _BUS_cmd_tx         
   1258c CODE       _BUS_cmdtostr       
   124bc CODE       _BUS_error_str      
   1028a CODE       _BUS_flags_to_addr  
   11a5a CODE       _BUS_free_alarm     
   11842 CODE       _BUS_free_buffer    
   1020e CODE       _BUS_get_OA         
   1181a CODE       _BUS_get_buffer     
   11814 CODE       _BUS_get_buffer_size
    2764 UDATA0     _BUS_helper_events  
   1180a CODE       _BUS_init_buffer    
   10cc0 CODE       _BUS_register_cmd_callback
   11a0c CODE       _BUS_set_alarm      
    2766 UDATA0     _BUS_stack          
    3962 THREAD     _BUS_thread_addr_flags
   11a72 CODE       _BUS_timer_timeout_check
    2c06 UDATA0     _DMA_events         
    c526 ISR        _DMA_int            
   12d52 CODE       _ERR_lev_str        
    29c6 UDATA0     _I2C_rx_buf         
    29c4 UDATA0     _I2C_rx_in          
    29c2 UDATA0     _I2C_rx_out         
    e30a CODE       _IMGCmd             
    e2b8 CODE       _IMG_err_decode     
    e212 CODE       _IMG_events         
    1c40 UDATA0     _IMG_evt            
    1c00 IDATA0     _IMG_parse          
    e106 CODE       _IMG_parseCmd       
   11d82 CODE       _PMM_setVCore       
   11cc8 CODE       _PMM_setVCoreDown   
   11bce CODE       _PMM_setVCoreUp     
   10a52 CODE       _SPI_deactivate     
   10a1e CODE       _SPI_master_setup   
   10a38 CODE       _SPI_slave_setup    
    299e UDATA0     _SUB_events         
    c5ec ISR        _SYS_NMI            
    c702 ISR        _UCA1_ISR           
    3816 UDATA0     _UCA1_RxBuf         
    38ba UDATA0     _UCA1_TxBuf         
   1347c CODE       _UCA1_TxChar        
   133a0 CODE       _UCA1_init_UART     
    e2f2 CODE       _VidOffCmd          
    e2fe CODE       _VidOnCmd           
    df20 CONST      ___RAL_ascii_ctype_map
   13c74 CODE       ___RAL_ascii_mbtowc 
   13cba CODE       ___RAL_ascii_wctomb 
    e0fa CONST      ___RAL_c_locale     
    dff8 CONST      ___RAL_c_locale_abbrev_day_names
    e06c CONST      ___RAL_c_locale_abbrev_month_names
    e09d CONST      ___RAL_c_locale_am_pm_indicator
    e0c8 CONST      ___RAL_c_locale_data
    e0a4 CONST      ___RAL_c_locale_date_format
    e0b6 CONST      ___RAL_c_locale_date_time_format
    dfbe CONST      ___RAL_c_locale_day_names
    e015 CONST      ___RAL_c_locale_month_names
    e0ad CONST      ___RAL_c_locale_time_format
    dfae CONST      ___RAL_codeset_ascii
    e0c7 CONST      ___RAL_data_empty_string
    e0c5 CONST      ___RAL_data_utf8_period
    1c2a IDATA0     ___RAL_global_locale
   139b0 CODE       ___RAL_global_locale_category
    def7 CONST      ___RAL_hex_lc       
    dee7 CONST      ___RAL_hex_uc       
   13c66 CODE       ___RAL_init_mbstate 
   13914 CODE       ___RAL_isctype      
   136d8 CODE       ___RAL_pow10        
   138b4 CODE       ___RAL_pre_padding  
   13896 CODE       ___RAL_print_padding
   10160 CODE       ___RAL_read_tp      
    1c00            ___RAM_Address      
    8000            ___RAM_Size         
    1c00            ___begin_IDATA0     
    3962            ___begin_THREAD     
    1c34            ___begin_UDATA0     
     4c0            ___crt_mpy          
     4d2            ___crt_mpy32h       
     4d0            ___crt_mpy32l       
     4c8            ___crt_op2          
     4e2            ___crt_op2h         
     4e0            ___crt_op2l         
     4e4            ___crt_res0         
     4e6            ___crt_res1         
     4e8            ___crt_res2         
     4ea            ___crt_res3         
     4ca            ___crt_reslo        
   13692 CODE       ___digit            
    1c34            ___end_IDATA0       
    3966            ___end_THREAD       
    3962            ___end_UDATA0       
   13988 CODE       ___errno            
   13f2a CODE       ___float32_add      
   14100 CODE       ___float32_div      
   141da CODE       ___float32_eq       
   13d12 CODE       ___float32_isinf    
   13d2c CODE       ___float32_isnan    
   141be CODE       ___float32_lt       
   14028 CODE       ___float32_mul      
    e102 CONST      ___float32_nan      
   13d44 CODE       ___float32_signbit  
   1401c CODE       ___float32_sub      
   13e78 CODE       ___float32_to_int64 
    e330 CODE       ___getchar          
   134da CODE       ___int16_div        
   13500 CODE       ___int16_mod        
   13526 CODE       ___int16_mul        
   134b8 CODE       ___int32_mul        
   1353c CODE       ___int64_lsl        
   1354e CODE       ___int64_lsr        
    f7b8 CODE       ___printf_lock      
    f7d4 CODE       ___printf_unlock    
   1384c CODE       ___putc             
    e316 CODE       ___putchar          
   1372e CODE       ___strtoul          
    c018 ISR        ___thunk_IMGCmd     
    c00c ISR        ___thunk_IMG_err_decode
    c008 ISR        ___thunk_IMG_events 
    c000 ISR        ___thunk_IMG_parseCmd
    c010 ISR        ___thunk_VidOffCmd  
    c014 ISR        ___thunk_VidOnCmd   
    c770 ISR        ___thunk___RAL_ascii_mbtowc
    c774 ISR        ___thunk___RAL_ascii_wctomb
    c01c ISR        ___thunk___putchar  
    c6f6 ISR        ___thunk_err_decode_arcbus
    c6fa ISR        ___thunk_helpCmd    
    c004 ISR        ___thunk_sub_events 
    c6fe ISR        ___thunk_terminal   
   135ce CODE       ___uint16_div       
   135e6 CODE       ___uint16_mod       
   135ee CODE       ___uint32_div       
   135f8 CODE       ___uint32_divmod    
   13620 CODE       ___uint32_mod       
   1362e CODE       ___uint64_div       
   13656 CODE       ___uint64_divmod    
   135ae CODE       ___uint64_mod       
   13d54 CODE       ___uint64_to_float32
    1c28 IDATA0     ___ungot            
    3960 UDATA0     ___user_format_extender
    e450 CODE       ___vfprintf         
    e450 CODE       ___vfprintf_float_long
   12c64 CODE       __record_error      
   138de CODE       _abs                
   103a6 CODE       _addr_chk           
    325a UDATA0     _alarms             
    29a0 UDATA0     _arcBus_stat        
   119bc CODE       _async_Getc         
   11978 CODE       _async_TxChar       
    1c1c IDATA0     _async_addr         
   118e4 CODE       _async_close_remote 
   1184c CODE       _async_isOpen       
   11852 CODE       _async_open_remote  
    323e UDATA0     _async_rxQ          
   11912 CODE       _async_send_data    
    1c1e IDATA0     _async_timer        
    324c UDATA0     _async_txQ          
   138ee CODE       _atoi               
    300c UDATA0     _buffer_mutex       
    c028 ISR        _bus_I2C_isr        
    c464 ISR        _bus_SPI_isr        
   127be CODE       _bus_flags_tostr    
    c470 ISR        _bus_int            
    c5a6 ISR        _bus_resend         
   127de CODE       _bus_version_err_tostr
    1c20 IDATA0     _closed_event       
    1c22 IDATA0     _closed_flag        
    1c18 IDATA0     _cmd_parse_list     
    c82e CONST      _cmd_tbl            
   109aa CODE       _crc16              
   10978 CODE       _crc7               
    2534 UDATA0     _crc_mutex          
    fbd2 CODE       _ctl_byte_queue_init
    fbfc CODE       _ctl_byte_queue_num_used
   1005a CODE       _ctl_byte_queue_post
    fd30 CODE       _ctl_byte_queue_post_multi
    fed6 CODE       _ctl_byte_queue_post_multi_nb
   100ae CODE       _ctl_byte_queue_post_nb
   10088 CODE       _ctl_byte_queue_receive
    fe08 CODE       _ctl_byte_queue_receive_multi
    ff46 CODE       _ctl_byte_queue_receive_multi_nb
   100c8 CODE       _ctl_byte_queue_receive_nb
    24a8 UDATA0     _ctl_current_time   
   1018a CODE       _ctl_enter_isr      
    f7e8 CODE       _ctl_events_init    
    f97c CODE       _ctl_events_set_clear
    f7fc CODE       _ctl_events_wait    
   101be CODE       _ctl_exit_isr       
    f7a0 CODE       _ctl_get_current_time
   101f6 CODE       _ctl_global_interrupts_set
   11dc2 CODE       _ctl_handle_error   
    f726 CODE       _ctl_increment_tick_from_isr
    24ad UDATA0     _ctl_interrupt_count
    24a4 UDATA0     _ctl_last_schedule_time
    1c0c IDATA0     _ctl_libc_mutex     
    f9dc CODE       _ctl_mutex_init     
    fa08 CODE       _ctl_mutex_lock     
    f9f4 CODE       _ctl_mutex_lock_uc  
    fb0c CODE       _ctl_mutex_unlock   
    f456 CODE       _ctl_private_add_to_task_list
    f8f8 CODE       _ctl_private_events_schedule
   100dc CODE       _ctl_private_get_stack_start
   100e2 CODE       _ctl_private_get_thread_local_storage
   100e8 CODE       _ctl_private_init_registers
   1014a CODE       _ctl_private_init_thread_local_storage
    f4a4 CODE       _ctl_private_remove_from_task_list
    f4de CODE       _ctl_private_reschedule
   1016e CODE       _ctl_private_reschedule_from_api_call
    24ac UDATA0     _ctl_reschedule_on_last_isr_exit
    f67e CODE       _ctl_task_die       
    24ae UDATA0     _ctl_task_executing 
    f5b6 CODE       _ctl_task_init      
    24b0 UDATA0     _ctl_task_list      
    f5f2 CODE       _ctl_task_run       
    f6a6 CODE       _ctl_task_set_priority
    24a2 UDATA0     _ctl_task_switch_callout
    1c0a IDATA0     _ctl_time_increment 
    f6e4 CODE       _ctl_timeout_wait   
    1c06 IDATA0     _ctl_timeslice_period
   13044 CODE       _doCmd              
   11dd4 CODE       _err_decode_arcbus  
   12d90 CODE       _err_do_decode      
   12aee CODE       _err_register_handler
   12ba6 CODE       _error_init         
   12ea6 CODE       _error_log_mem_replay
   12bc8 CODE       _error_recording_start
   144c2 CODE       _fabsf              
   14280 CODE       _floor              
   14280 CODE       _floorf             
   14350 CODE       _fmod               
   14350 CODE       _fmodf              
   14504 CODE       _frexp              
   109de CODE       _get_ticker_time    
   13992 CODE       _getchar            
   12f92 CODE       _helpCmd            
    2552 UDATA0     _helper_stack       
   130d4 CODE       _hist_decr          
   130c8 CODE       _hist_incr          
    2982 UDATA0     _idle_task          
   10bb2 CODE       _initARCbus         
   10a62 CODE       _initCLK            
   10ac8 CODE       _initSVS            
   10aac CODE       _init_timerA        
   13976 CODE       _iscntrl            
   13956 CODE       _isdigit            
   13944 CODE       _islower            
   13966 CODE       _isspace            
   13932 CODE       _isupper            
   144c8 CODE       _ldexp              
    e336 CODE       _main               
   117c0 CODE       _mainLoop           
   12892 CODE       _main_return        
   12f28 CODE       _make_args          
   13ce2 CODE       _memcpy             
   13cf2 CODE       _memset             
   141ea CODE       _modff              
    327a UDATA0     _next_idx           
    1c16 IDATA0     _powerState         
   12e18 CODE       _print_error        
   13a80 CODE       _printf             
   13abc CODE       _puts               
    1c34 UDATA0     _readBlock          
    1c36 UDATA0     _readPic            
   10cb0 CODE       _readTA1            
   12d0e CODE       _record_error       
   12e66 CODE       _report_error       
   12860 CODE       _reset_bor          
    3012 UDATA0     _rxbuf              
    326a UDATA0     _saved_error        
   109f6 CODE       _setget_ticker_time 
   13af6 CODE       _sprintf            
    224a UDATA0     _stack1             
    1e46 UDATA0     _stack2             
    1c42 UDATA0     _stack3             
   10ac0 CODE       _start_timerA       
   128a6 CODE       _startup_error_check
    1c38 UDATA0     _status             
   13b26 CODE       _strcmp             
   13b46 CODE       _strcpy             
   13b5c CODE       _strlcpy            
   13d02 CODE       _strlen             
   13ba0 CODE       _strnlen            
   13bba CODE       _strtol             
    e1f6 CODE       _sub_events         
    c56c ISR        _task_tick          
    244e UDATA0     _tasks              
   130e0 CODE       _terminal           
    253a UDATA0     _ticker_time        
    313e UDATA0     _txbuf              
    cb38 CONST      thread_init_begin   
    cb3c CONST      thread_init_end     


SYMBOLS BY VALUE

      80            CTL_IRQ_STACK_SIZE  
     4c0            ___crt_mpy          
     4c8            ___crt_op2          
     4ca            ___crt_reslo        
     4d0            ___crt_mpy32l       
     4d2            ___crt_mpy32h       
     4e0            ___crt_op2l         
     4e2            ___crt_op2h         
     4e4            ___crt_res0         
     4e6            ___crt_res1         
     4e8            ___crt_res2         
     4ea            ___crt_res3         
    1c00 IDATA0     _IMG_parse          
    1c00            ___begin_IDATA0     
    1c00            ___RAM_Address      
    1c06 IDATA0     _ctl_timeslice_period
    1c0a IDATA0     _ctl_time_increment 
    1c0c IDATA0     _ctl_libc_mutex     
    1c16 IDATA0     _powerState         
    1c18 IDATA0     _cmd_parse_list     
    1c1c IDATA0     _async_addr         
    1c1e IDATA0     _async_timer        
    1c20 IDATA0     _closed_event       
    1c22 IDATA0     _closed_flag        
    1c28 IDATA0     ___ungot            
    1c2a IDATA0     ___RAL_global_locale
    1c34            ___end_IDATA0       
    1c34            ___begin_UDATA0     
    1c34 UDATA0     _readBlock          
    1c36 UDATA0     _readPic            
    1c38 UDATA0     _status             
    1c40 UDATA0     _IMG_evt            
    1c42 UDATA0     _stack3             
    1e46 UDATA0     _stack2             
    224a UDATA0     _stack1             
    244e UDATA0     _tasks              
    24a2 UDATA0     _ctl_task_switch_callout
    24a4 UDATA0     _ctl_last_schedule_time
    24a8 UDATA0     _ctl_current_time   
    24ac UDATA0     _ctl_reschedule_on_last_isr_exit
    24ad UDATA0     _ctl_interrupt_count
    24ae UDATA0     _ctl_task_executing 
    24b0 UDATA0     _ctl_task_list      
    2534 UDATA0     _crc_mutex          
    253a UDATA0     _ticker_time        
    2552 UDATA0     _helper_stack       
    2746 UDATA0     _ARC_bus_helper_task
    2762 UDATA0     _BUS_INT_events     
    2764 UDATA0     _BUS_helper_events  
    2766 UDATA0     _BUS_stack          
    2966 UDATA0     _ARC_bus_task       
    2982 UDATA0     _idle_task          
    299e UDATA0     _SUB_events         
    29a0 UDATA0     _arcBus_stat        
    29c2 UDATA0     _I2C_rx_out         
    29c4 UDATA0     _I2C_rx_in          
    29c6 UDATA0     _I2C_rx_buf         
    2c06 UDATA0     _DMA_events         
    300c UDATA0     _buffer_mutex       
    3012 UDATA0     _rxbuf              
    313e UDATA0     _txbuf              
    323e UDATA0     _async_rxQ          
    324c UDATA0     _async_txQ          
    325a UDATA0     _alarms             
    326a UDATA0     _saved_error        
    327a UDATA0     _next_idx           
    3816 UDATA0     _UCA1_RxBuf         
    38ba UDATA0     _UCA1_TxBuf         
    3960 UDATA0     ___user_format_extender
    3962            ___end_UDATA0       
    3962 THREAD     _BUS_thread_addr_flags
    3962            ___begin_THREAD     
    3966            ___end_THREAD       
    8000            ___RAM_Size         
    c000 ISR        ___thunk_IMG_parseCmd
    c004 ISR        ___thunk_sub_events 
    c008 ISR        ___thunk_IMG_events 
    c00c ISR        ___thunk_IMG_err_decode
    c010 ISR        ___thunk_VidOffCmd  
    c014 ISR        ___thunk_VidOnCmd   
    c018 ISR        ___thunk_IMGCmd     
    c01c ISR        ___thunk___putchar  
    c028 ISR        _bus_I2C_isr        
    c464 ISR        _bus_SPI_isr        
    c470 ISR        _bus_int            
    c526 ISR        _DMA_int            
    c56c ISR        _task_tick          
    c5a6 ISR        _bus_resend         
    c5ec ISR        _SYS_NMI            
    c6f6 ISR        ___thunk_err_decode_arcbus
    c6fa ISR        ___thunk_helpCmd    
    c6fe ISR        ___thunk_terminal   
    c702 ISR        _UCA1_ISR           
    c770 ISR        ___thunk___RAL_ascii_mbtowc
    c774 ISR        ___thunk___RAL_ascii_wctomb
    c82e CONST      _cmd_tbl            
    caf4 CONST      _ARClib_vstruct     
    cb38 CONST      thread_init_begin   
    cb3c CONST      thread_init_end     
    dee7 CONST      ___RAL_hex_uc       
    def7 CONST      ___RAL_hex_lc       
    df20 CONST      ___RAL_ascii_ctype_map
    dfae CONST      ___RAL_codeset_ascii
    dfbe CONST      ___RAL_c_locale_day_names
    dff8 CONST      ___RAL_c_locale_abbrev_day_names
    e015 CONST      ___RAL_c_locale_month_names
    e06c CONST      ___RAL_c_locale_abbrev_month_names
    e09d CONST      ___RAL_c_locale_am_pm_indicator
    e0a4 CONST      ___RAL_c_locale_date_format
    e0ad CONST      ___RAL_c_locale_time_format
    e0b6 CONST      ___RAL_c_locale_date_time_format
    e0c5 CONST      ___RAL_data_utf8_period
    e0c7 CONST      ___RAL_data_empty_string
    e0c8 CONST      ___RAL_c_locale_data
    e0fa CONST      ___RAL_c_locale     
    e102 CONST      ___float32_nan      
    e106 CODE       _IMG_parseCmd       
    e1f6 CODE       _sub_events         
    e212 CODE       _IMG_events         
    e2b8 CODE       _IMG_err_decode     
    e2f2 CODE       _VidOffCmd          
    e2fe CODE       _VidOnCmd           
    e30a CODE       _IMGCmd             
    e316 CODE       ___putchar          
    e330 CODE       ___getchar          
    e336 CODE       _main               
    e450 CODE       ___vfprintf_float_long
    e450 CODE       ___vfprintf         
    f456 CODE       _ctl_private_add_to_task_list
    f4a4 CODE       _ctl_private_remove_from_task_list
    f4de CODE       _ctl_private_reschedule
    f5b6 CODE       _ctl_task_init      
    f5f2 CODE       _ctl_task_run       
    f67e CODE       _ctl_task_die       
    f6a6 CODE       _ctl_task_set_priority
    f6e4 CODE       _ctl_timeout_wait   
    f726 CODE       _ctl_increment_tick_from_isr
    f7a0 CODE       _ctl_get_current_time
    f7b8 CODE       ___printf_lock      
    f7d4 CODE       ___printf_unlock    
    f7e8 CODE       _ctl_events_init    
    f7fc CODE       _ctl_events_wait    
    f8f8 CODE       _ctl_private_events_schedule
    f97c CODE       _ctl_events_set_clear
    f9dc CODE       _ctl_mutex_init     
    f9f4 CODE       _ctl_mutex_lock_uc  
    fa08 CODE       _ctl_mutex_lock     
    fb0c CODE       _ctl_mutex_unlock   
    fbd2 CODE       _ctl_byte_queue_init
    fbfc CODE       _ctl_byte_queue_num_used
    fd30 CODE       _ctl_byte_queue_post_multi
    fe08 CODE       _ctl_byte_queue_receive_multi
    fed6 CODE       _ctl_byte_queue_post_multi_nb
    ff46 CODE       _ctl_byte_queue_receive_multi_nb
   1005a CODE       _ctl_byte_queue_post
   10088 CODE       _ctl_byte_queue_receive
   100ae CODE       _ctl_byte_queue_post_nb
   100c8 CODE       _ctl_byte_queue_receive_nb
   100dc CODE       _ctl_private_get_stack_start
   100e2 CODE       _ctl_private_get_thread_local_storage
   100e8 CODE       _ctl_private_init_registers
   1014a CODE       _ctl_private_init_thread_local_storage
   10160 CODE       ___RAL_read_tp      
   1016e CODE       _ctl_private_reschedule_from_api_call
   1018a CODE       _ctl_enter_isr      
   101be CODE       _ctl_exit_isr       
   101f6 CODE       _ctl_global_interrupts_set
   1020e CODE       _BUS_get_OA         
   1028a CODE       _BUS_flags_to_addr  
   10300 CODE       _BUS_addr_to_flags  
   10356 CODE       _BUS_cmd_init       
   10370 CODE       _BUS_OA_check       
   103a6 CODE       _addr_chk           
   103d2 CODE       _BUS_I2C_release    
   1046e CODE       _BUS_cmd_tx         
   10706 CODE       _BUS_SPI_txrx       
   10978 CODE       _crc7               
   109aa CODE       _crc16              
   109de CODE       _get_ticker_time    
   109f6 CODE       _setget_ticker_time 
   10a1e CODE       _SPI_master_setup   
   10a38 CODE       _SPI_slave_setup    
   10a52 CODE       _SPI_deactivate     
   10a62 CODE       _initCLK            
   10aac CODE       _init_timerA        
   10ac0 CODE       _start_timerA       
   10ac8 CODE       _initSVS            
   10b1e CODE       _ARC_setup          
   10bb2 CODE       _initARCbus         
   10cb0 CODE       _readTA1            
   10cc0 CODE       _BUS_register_cmd_callback
   117c0 CODE       _mainLoop           
   1180a CODE       _BUS_init_buffer    
   11814 CODE       _BUS_get_buffer_size
   1181a CODE       _BUS_get_buffer     
   11842 CODE       _BUS_free_buffer    
   1184c CODE       _async_isOpen       
   11852 CODE       _async_open_remote  
   118e4 CODE       _async_close_remote 
   11912 CODE       _async_send_data    
   11978 CODE       _async_TxChar       
   119bc CODE       _async_Getc         
   119e4 CODE       _BUS_alarm_is_free  
   11a0c CODE       _BUS_set_alarm      
   11a5a CODE       _BUS_free_alarm     
   11a72 CODE       _BUS_timer_timeout_check
   11ac6 CODE       _BUS_alarm_ticker_update
   11bce CODE       _PMM_setVCoreUp     
   11cc8 CODE       _PMM_setVCoreDown   
   11d82 CODE       _PMM_setVCore       
   11dc2 CODE       _ctl_handle_error   
   11dd4 CODE       _err_decode_arcbus  
   124bc CODE       _BUS_error_str      
   1258c CODE       _BUS_cmdtostr       
   12738 CODE       _BUS_cmd_resptostr  
   127be CODE       _bus_flags_tostr    
   127de CODE       _bus_version_err_tostr
   12860 CODE       _reset_bor          
   12892 CODE       _main_return        
   128a6 CODE       _startup_error_check
   12aee CODE       _err_register_handler
   12ba6 CODE       _error_init         
   12bc8 CODE       _error_recording_start
   12c64 CODE       __record_error      
   12d0e CODE       _record_error       
   12d52 CODE       _ERR_lev_str        
   12d90 CODE       _err_do_decode      
   12e18 CODE       _print_error        
   12e66 CODE       _report_error       
   12ea6 CODE       _error_log_mem_replay
   12f28 CODE       _make_args          
   12f92 CODE       _helpCmd            
   13044 CODE       _doCmd              
   130c8 CODE       _hist_incr          
   130d4 CODE       _hist_decr          
   130e0 CODE       _terminal           
   133a0 CODE       _UCA1_init_UART     
   1347c CODE       _UCA1_TxChar        
   134b8 CODE       ___int32_mul        
   134da CODE       ___int16_div        
   13500 CODE       ___int16_mod        
   13526 CODE       ___int16_mul        
   1353c CODE       ___int64_lsl        
   1354e CODE       ___int64_lsr        
   135ae CODE       ___uint64_mod       
   135ce CODE       ___uint16_div       
   135e6 CODE       ___uint16_mod       
   135ee CODE       ___uint32_div       
   135f8 CODE       ___uint32_divmod    
   13620 CODE       ___uint32_mod       
   1362e CODE       ___uint64_div       
   13656 CODE       ___uint64_divmod    
   13692 CODE       ___digit            
   136d8 CODE       ___RAL_pow10        
   1372e CODE       ___strtoul          
   1384c CODE       ___putc             
   13896 CODE       ___RAL_print_padding
   138b4 CODE       ___RAL_pre_padding  
   138de CODE       _abs                
   138ee CODE       _atoi               
   13914 CODE       ___RAL_isctype      
   13932 CODE       _isupper            
   13944 CODE       _islower            
   13956 CODE       _isdigit            
   13966 CODE       _isspace            
   13976 CODE       _iscntrl            
   13988 CODE       ___errno            
   13992 CODE       _getchar            
   139b0 CODE       ___RAL_global_locale_category
   13a80 CODE       _printf             
   13abc CODE       _puts               
   13af6 CODE       _sprintf            
   13b26 CODE       _strcmp             
   13b46 CODE       _strcpy             
   13b5c CODE       _strlcpy            
   13ba0 CODE       _strnlen            
   13bba CODE       _strtol             
   13c66 CODE       ___RAL_init_mbstate 
   13c74 CODE       ___RAL_ascii_mbtowc 
   13cba CODE       ___RAL_ascii_wctomb 
   13ce2 CODE       _memcpy             
   13cf2 CODE       _memset             
   13d02 CODE       _strlen             
   13d12 CODE       ___float32_isinf    
   13d2c CODE       ___float32_isnan    
   13d44 CODE       ___float32_signbit  
   13d54 CODE       ___uint64_to_float32
   13e78 CODE       ___float32_to_int64 
   13f2a CODE       ___float32_add      
   1401c CODE       ___float32_sub      
   14028 CODE       ___float32_mul      
   14100 CODE       ___float32_div      
   141be CODE       ___float32_lt       
   141da CODE       ___float32_eq       
   141ea CODE       _modff              
   14280 CODE       _floorf             
   14280 CODE       _floor              
   14350 CODE       _fmod               
   14350 CODE       _fmodf              
   144c2 CODE       _fabsf              
   144c8 CODE       _ldexp              
   14504 CODE       _frexp              
