
SYMBOLS BY NAME

      80            CTL_IRQ_STACK_SIZE  
    2764 UDATA0     _ARC_bus_helper_task
    2984 UDATA0     _ARC_bus_task       
   10ae2 CODE       _ARC_setup          
    cabe CONST      _ARClib_vstruct     
   10396 CODE       _BUS_I2C_release    
    2780 UDATA0     _BUS_INT_events     
   10334 CODE       _BUS_OA_check       
   106ca CODE       _BUS_SPI_txrx       
   102c4 CODE       _BUS_addr_to_flags  
   119ee CODE       _BUS_alarm_ticker_update
   1031a CODE       _BUS_cmd_init       
   12660 CODE       _BUS_cmd_resptostr  
   10432 CODE       _BUS_cmd_tx         
   124b4 CODE       _BUS_cmdtostr       
   123e4 CODE       _BUS_error_str      
   1024e CODE       _BUS_flags_to_addr  
   11982 CODE       _BUS_free_alarm     
   117e0 CODE       _BUS_free_buffer    
   101d2 CODE       _BUS_get_OA         
   117b8 CODE       _BUS_get_buffer     
   117b2 CODE       _BUS_get_buffer_size
    2782 UDATA0     _BUS_helper_events  
   117a8 CODE       _BUS_init_buffer    
    2784 UDATA0     _BUS_stack          
    3980 THREAD     _BUS_thread_addr_flags
   1199a CODE       _BUS_timer_timeout_check
    2c24 UDATA0     _DMA_events         
    c51e ISR        _DMA_int            
   12c7a CODE       _ERR_lev_str        
    29e4 UDATA0     _I2C_rx_buf         
    29e2 UDATA0     _I2C_rx_in          
    29e0 UDATA0     _I2C_rx_out         
    e104 CODE       _LEDLCmd            
    e110 CODE       _LEDL_err_decode    
    e166 CODE       _LEDL_events        
    1c2e UDATA0     _LEDL_evt           
   11caa CODE       _PMM_setVCore       
   11bf0 CODE       _PMM_setVCoreDown   
   11af6 CODE       _PMM_setVCoreUp     
   10a16 CODE       _SPI_deactivate     
   109e2 CODE       _SPI_master_setup   
   109fc CODE       _SPI_slave_setup    
    29bc UDATA0     _SUB_events         
    c5e4 ISR        _SYS_NMI            
    c6fa ISR        _UCA1_ISR           
    3834 UDATA0     _UCA1_RxBuf         
    38d8 UDATA0     _UCA1_TxBuf         
   133a4 CODE       _UCA1_TxChar        
   132c8 CODE       _UCA1_init_UART     
    dee4 CONST      ___RAL_ascii_ctype_map
   13b9c CODE       ___RAL_ascii_mbtowc 
   13be2 CODE       ___RAL_ascii_wctomb 
    e0be CONST      ___RAL_c_locale     
    dfbc CONST      ___RAL_c_locale_abbrev_day_names
    e030 CONST      ___RAL_c_locale_abbrev_month_names
    e061 CONST      ___RAL_c_locale_am_pm_indicator
    e08c CONST      ___RAL_c_locale_data
    e068 CONST      ___RAL_c_locale_date_format
    e07a CONST      ___RAL_c_locale_date_time_format
    df82 CONST      ___RAL_c_locale_day_names
    dfd9 CONST      ___RAL_c_locale_month_names
    e071 CONST      ___RAL_c_locale_time_format
    df72 CONST      ___RAL_codeset_ascii
    e08b CONST      ___RAL_data_empty_string
    e089 CONST      ___RAL_data_utf8_period
    1c24 IDATA0     ___RAL_global_locale
   138d8 CODE       ___RAL_global_locale_category
    debb CONST      ___RAL_hex_lc       
    deab CONST      ___RAL_hex_uc       
   13b8e CODE       ___RAL_init_mbstate 
   1383c CODE       ___RAL_isctype      
   13600 CODE       ___RAL_pow10        
   137dc CODE       ___RAL_pre_padding  
   137be CODE       ___RAL_print_padding
   10124 CODE       ___RAL_read_tp      
    1c00            ___RAM_Address      
    8000            ___RAM_Size         
    1c00            ___begin_IDATA0     
    3980            ___begin_THREAD     
    1c2e            ___begin_UDATA0     
     4c0            ___crt_mpy          
     4d2            ___crt_mpy32h       
     4d0            ___crt_mpy32l       
     4c8            ___crt_op2          
     4e2            ___crt_op2h         
     4e0            ___crt_op2l         
     4e4            ___crt_res0         
     4e6            ___crt_res1         
     4e8            ___crt_res2         
     4ea            ___crt_res3         
     4ca            ___crt_reslo        
   135ba CODE       ___digit            
    1c2e            ___end_IDATA0       
    3984            ___end_THREAD       
    3980            ___end_UDATA0       
   138b0 CODE       ___errno            
   13e52 CODE       ___float32_add      
   14028 CODE       ___float32_div      
   14102 CODE       ___float32_eq       
   13c3a CODE       ___float32_isinf    
   13c54 CODE       ___float32_isnan    
   140e6 CODE       ___float32_lt       
   13f50 CODE       ___float32_mul      
    e0c6 CONST      ___float32_nan      
   13c6c CODE       ___float32_signbit  
   13f44 CODE       ___float32_sub      
   13da0 CODE       ___float32_to_int64 
    e24e CODE       ___getchar          
   13402 CODE       ___int16_div        
   13428 CODE       ___int16_mod        
   1344e CODE       ___int16_mul        
   133e0 CODE       ___int32_mul        
   13464 CODE       ___int64_lsl        
   13476 CODE       ___int64_lsr        
    f6c0 CODE       ___printf_lock      
    f6dc CODE       ___printf_unlock    
   13774 CODE       ___putc             
    e234 CODE       ___putchar          
   13656 CODE       ___strtoul          
    c004 ISR        ___thunk_LEDLCmd    
    c008 ISR        ___thunk_LEDL_err_decode
    c010 ISR        ___thunk_LEDL_events
    c768 ISR        ___thunk___RAL_ascii_mbtowc
    c76c ISR        ___thunk___RAL_ascii_wctomb
    c014 ISR        ___thunk___putchar  
    c6ee ISR        ___thunk_err_decode_arcbus
    c6f2 ISR        ___thunk_helpCmd    
    c000 ISR        ___thunk_resetCmd   
    c00c ISR        ___thunk_sub_events 
    c6f6 ISR        ___thunk_terminal   
   134f6 CODE       ___uint16_div       
   1350e CODE       ___uint16_mod       
   13516 CODE       ___uint32_div       
   13520 CODE       ___uint32_divmod    
   13548 CODE       ___uint32_mod       
   13556 CODE       ___uint64_div       
   1357e CODE       ___uint64_divmod    
   134d6 CODE       ___uint64_mod       
   13c7c CODE       ___uint64_to_float32
    1c22 IDATA0     ___ungot            
    397e UDATA0     ___user_format_extender
    e358 CODE       ___vfprintf         
    e358 CODE       ___vfprintf_float_long
   12b8c CODE       __record_error      
   13806 CODE       _abs                
   1036a CODE       _addr_chk           
    3278 UDATA0     _alarms             
    29be UDATA0     _arcBus_stat        
   1195a CODE       _async_Getc         
   11916 CODE       _async_TxChar       
    1c16 IDATA0     _async_addr         
   11882 CODE       _async_close_remote 
   117ea CODE       _async_isOpen       
   117f0 CODE       _async_open_remote  
    325c UDATA0     _async_rxQ          
   118b0 CODE       _async_send_data    
    1c18 IDATA0     _async_timer        
    326a UDATA0     _async_txQ          
   13816 CODE       _atoi               
    302a UDATA0     _buffer_mutex       
    c020 ISR        _bus_I2C_isr        
    c45c ISR        _bus_SPI_isr        
   126e6 CODE       _bus_flags_tostr    
    c468 ISR        _bus_int            
    c59e ISR        _bus_resend         
   12706 CODE       _bus_version_err_tostr
    1c1a IDATA0     _closed_event       
    1c1c IDATA0     _closed_flag        
    1c12 IDATA0     _cmd_parse_list     
    c770 CONST      _cmd_tbl            
   1096e CODE       _crc16              
   1093c CODE       _crc7               
    2552 UDATA0     _crc_mutex          
    fada CODE       _ctl_byte_queue_init
    fb04 CODE       _ctl_byte_queue_num_used
   1001e CODE       _ctl_byte_queue_post
    fc38 CODE       _ctl_byte_queue_post_multi
    fdde CODE       _ctl_byte_queue_post_multi_nb
   10072 CODE       _ctl_byte_queue_post_nb
   1004c CODE       _ctl_byte_queue_receive
    fd10 CODE       _ctl_byte_queue_receive_multi
    fe4e CODE       _ctl_byte_queue_receive_multi_nb
   1008c CODE       _ctl_byte_queue_receive_nb
    24c6 UDATA0     _ctl_current_time   
   1014e CODE       _ctl_enter_isr      
    f6f0 CODE       _ctl_events_init    
    f884 CODE       _ctl_events_set_clear
    f704 CODE       _ctl_events_wait    
   10182 CODE       _ctl_exit_isr       
    f6a8 CODE       _ctl_get_current_time
   101ba CODE       _ctl_global_interrupts_set
   11cea CODE       _ctl_handle_error   
    f62e CODE       _ctl_increment_tick_from_isr
    24cb UDATA0     _ctl_interrupt_count
    24c2 UDATA0     _ctl_last_schedule_time
    1c06 IDATA0     _ctl_libc_mutex     
    f8e4 CODE       _ctl_mutex_init     
    f910 CODE       _ctl_mutex_lock     
    f8fc CODE       _ctl_mutex_lock_uc  
    fa14 CODE       _ctl_mutex_unlock   
    f35e CODE       _ctl_private_add_to_task_list
    f800 CODE       _ctl_private_events_schedule
   100a0 CODE       _ctl_private_get_stack_start
   100a6 CODE       _ctl_private_get_thread_local_storage
   100ac CODE       _ctl_private_init_registers
   1010e CODE       _ctl_private_init_thread_local_storage
    f3ac CODE       _ctl_private_remove_from_task_list
    f3e6 CODE       _ctl_private_reschedule
   10132 CODE       _ctl_private_reschedule_from_api_call
    24ca UDATA0     _ctl_reschedule_on_last_isr_exit
    f586 CODE       _ctl_task_die       
    24cc UDATA0     _ctl_task_executing 
    f4be CODE       _ctl_task_init      
    24ce UDATA0     _ctl_task_list      
    f4fa CODE       _ctl_task_run       
    f5ae CODE       _ctl_task_set_priority
    24c0 UDATA0     _ctl_task_switch_callout
    1c04 IDATA0     _ctl_time_increment 
    f5ec CODE       _ctl_timeout_wait   
    1c00 IDATA0     _ctl_timeslice_period
   12f6c CODE       _doCmd              
    1c30 UDATA0     _eps_stat           
   11cfc CODE       _err_decode_arcbus  
   12cb8 CODE       _err_do_decode      
   12a16 CODE       _err_register_handler
   12ace CODE       _error_init         
   12dce CODE       _error_log_mem_replay
   12af0 CODE       _error_recording_start
   143ea CODE       _fabsf              
   141a8 CODE       _floor              
   141a8 CODE       _floorf             
   14278 CODE       _fmod               
   14278 CODE       _fmodf              
   1442c CODE       _frexp              
   109a2 CODE       _get_ticker_time    
   138ba CODE       _getchar            
   12eba CODE       _helpCmd            
    2570 UDATA0     _helper_stack       
   12ffc CODE       _hist_decr          
   12ff0 CODE       _hist_incr          
    29a0 UDATA0     _idle_task          
   10b76 CODE       _initARCbus         
   10a26 CODE       _initCLK            
   10a8c CODE       _initSVS            
   10a70 CODE       _init_timerA        
   1389e CODE       _iscntrl            
   1387e CODE       _isdigit            
   1386c CODE       _islower            
   1388e CODE       _isspace            
   1385a CODE       _isupper            
   143f0 CODE       _ldexp              
    1c4e UDATA0     _ledl_stat          
    e254 CODE       _main               
   1175e CODE       _mainLoop           
   127ba CODE       _main_return        
   12e50 CODE       _make_args          
   13c0a CODE       _memcpy             
   13c1a CODE       _memset             
   14112 CODE       _modff              
    3298 UDATA0     _next_idx           
    1c10 IDATA0     _powerState         
   12d40 CODE       _print_error        
   139a8 CODE       _printf             
   139e4 CODE       _puts               
   10c74 CODE       _readTA1            
   12c36 CODE       _record_error       
   12d8e CODE       _report_error       
    e0ca CODE       _resetCmd           
   12788 CODE       _reset_bor          
    3030 UDATA0     _rxbuf              
    3288 UDATA0     _saved_error        
   109ba CODE       _setget_ticker_time 
   13a1e CODE       _sprintf            
    2268 UDATA0     _stack1             
    1e64 UDATA0     _stack2             
    1c60 UDATA0     _stack3             
   10a84 CODE       _start_timerA       
   127ce CODE       _startup_error_check
   13a4e CODE       _strcmp             
   13a6e CODE       _strcpy             
   13a84 CODE       _strlcpy            
   13c2a CODE       _strlen             
   13ac8 CODE       _strnlen            
   13ae2 CODE       _strtol             
    e14a CODE       _sub_events         
    c564 ISR        _task_tick          
    246c UDATA0     _tasks              
   13008 CODE       _terminal           
    2558 UDATA0     _ticker_time        
    315c UDATA0     _txbuf              
    cafc CONST      thread_init_begin   
    cb00 CONST      thread_init_end     


SYMBOLS BY VALUE

      80            CTL_IRQ_STACK_SIZE  
     4c0            ___crt_mpy          
     4c8            ___crt_op2          
     4ca            ___crt_reslo        
     4d0            ___crt_mpy32l       
     4d2            ___crt_mpy32h       
     4e0            ___crt_op2l         
     4e2            ___crt_op2h         
     4e4            ___crt_res0         
     4e6            ___crt_res1         
     4e8            ___crt_res2         
     4ea            ___crt_res3         
    1c00            ___RAM_Address      
    1c00 IDATA0     _ctl_timeslice_period
    1c00            ___begin_IDATA0     
    1c04 IDATA0     _ctl_time_increment 
    1c06 IDATA0     _ctl_libc_mutex     
    1c10 IDATA0     _powerState         
    1c12 IDATA0     _cmd_parse_list     
    1c16 IDATA0     _async_addr         
    1c18 IDATA0     _async_timer        
    1c1a IDATA0     _closed_event       
    1c1c IDATA0     _closed_flag        
    1c22 IDATA0     ___ungot            
    1c24 IDATA0     ___RAL_global_locale
    1c2e UDATA0     _LEDL_evt           
    1c2e            ___begin_UDATA0     
    1c2e            ___end_IDATA0       
    1c30 UDATA0     _eps_stat           
    1c4e UDATA0     _ledl_stat          
    1c60 UDATA0     _stack3             
    1e64 UDATA0     _stack2             
    2268 UDATA0     _stack1             
    246c UDATA0     _tasks              
    24c0 UDATA0     _ctl_task_switch_callout
    24c2 UDATA0     _ctl_last_schedule_time
    24c6 UDATA0     _ctl_current_time   
    24ca UDATA0     _ctl_reschedule_on_last_isr_exit
    24cb UDATA0     _ctl_interrupt_count
    24cc UDATA0     _ctl_task_executing 
    24ce UDATA0     _ctl_task_list      
    2552 UDATA0     _crc_mutex          
    2558 UDATA0     _ticker_time        
    2570 UDATA0     _helper_stack       
    2764 UDATA0     _ARC_bus_helper_task
    2780 UDATA0     _BUS_INT_events     
    2782 UDATA0     _BUS_helper_events  
    2784 UDATA0     _BUS_stack          
    2984 UDATA0     _ARC_bus_task       
    29a0 UDATA0     _idle_task          
    29bc UDATA0     _SUB_events         
    29be UDATA0     _arcBus_stat        
    29e0 UDATA0     _I2C_rx_out         
    29e2 UDATA0     _I2C_rx_in          
    29e4 UDATA0     _I2C_rx_buf         
    2c24 UDATA0     _DMA_events         
    302a UDATA0     _buffer_mutex       
    3030 UDATA0     _rxbuf              
    315c UDATA0     _txbuf              
    325c UDATA0     _async_rxQ          
    326a UDATA0     _async_txQ          
    3278 UDATA0     _alarms             
    3288 UDATA0     _saved_error        
    3298 UDATA0     _next_idx           
    3834 UDATA0     _UCA1_RxBuf         
    38d8 UDATA0     _UCA1_TxBuf         
    397e UDATA0     ___user_format_extender
    3980            ___begin_THREAD     
    3980            ___end_UDATA0       
    3980 THREAD     _BUS_thread_addr_flags
    3984            ___end_THREAD       
    8000            ___RAM_Size         
    c000 ISR        ___thunk_resetCmd   
    c004 ISR        ___thunk_LEDLCmd    
    c008 ISR        ___thunk_LEDL_err_decode
    c00c ISR        ___thunk_sub_events 
    c010 ISR        ___thunk_LEDL_events
    c014 ISR        ___thunk___putchar  
    c020 ISR        _bus_I2C_isr        
    c45c ISR        _bus_SPI_isr        
    c468 ISR        _bus_int            
    c51e ISR        _DMA_int            
    c564 ISR        _task_tick          
    c59e ISR        _bus_resend         
    c5e4 ISR        _SYS_NMI            
    c6ee ISR        ___thunk_err_decode_arcbus
    c6f2 ISR        ___thunk_helpCmd    
    c6f6 ISR        ___thunk_terminal   
    c6fa ISR        _UCA1_ISR           
    c768 ISR        ___thunk___RAL_ascii_mbtowc
    c76c ISR        ___thunk___RAL_ascii_wctomb
    c770 CONST      _cmd_tbl            
    cabe CONST      _ARClib_vstruct     
    cafc CONST      thread_init_begin   
    cb00 CONST      thread_init_end     
    deab CONST      ___RAL_hex_uc       
    debb CONST      ___RAL_hex_lc       
    dee4 CONST      ___RAL_ascii_ctype_map
    df72 CONST      ___RAL_codeset_ascii
    df82 CONST      ___RAL_c_locale_day_names
    dfbc CONST      ___RAL_c_locale_abbrev_day_names
    dfd9 CONST      ___RAL_c_locale_month_names
    e030 CONST      ___RAL_c_locale_abbrev_month_names
    e061 CONST      ___RAL_c_locale_am_pm_indicator
    e068 CONST      ___RAL_c_locale_date_format
    e071 CONST      ___RAL_c_locale_time_format
    e07a CONST      ___RAL_c_locale_date_time_format
    e089 CONST      ___RAL_data_utf8_period
    e08b CONST      ___RAL_data_empty_string
    e08c CONST      ___RAL_c_locale_data
    e0be CONST      ___RAL_c_locale     
    e0c6 CONST      ___float32_nan      
    e0ca CODE       _resetCmd           
    e104 CODE       _LEDLCmd            
    e110 CODE       _LEDL_err_decode    
    e14a CODE       _sub_events         
    e166 CODE       _LEDL_events        
    e234 CODE       ___putchar          
    e24e CODE       ___getchar          
    e254 CODE       _main               
    e358 CODE       ___vfprintf_float_long
    e358 CODE       ___vfprintf         
    f35e CODE       _ctl_private_add_to_task_list
    f3ac CODE       _ctl_private_remove_from_task_list
    f3e6 CODE       _ctl_private_reschedule
    f4be CODE       _ctl_task_init      
    f4fa CODE       _ctl_task_run       
    f586 CODE       _ctl_task_die       
    f5ae CODE       _ctl_task_set_priority
    f5ec CODE       _ctl_timeout_wait   
    f62e CODE       _ctl_increment_tick_from_isr
    f6a8 CODE       _ctl_get_current_time
    f6c0 CODE       ___printf_lock      
    f6dc CODE       ___printf_unlock    
    f6f0 CODE       _ctl_events_init    
    f704 CODE       _ctl_events_wait    
    f800 CODE       _ctl_private_events_schedule
    f884 CODE       _ctl_events_set_clear
    f8e4 CODE       _ctl_mutex_init     
    f8fc CODE       _ctl_mutex_lock_uc  
    f910 CODE       _ctl_mutex_lock     
    fa14 CODE       _ctl_mutex_unlock   
    fada CODE       _ctl_byte_queue_init
    fb04 CODE       _ctl_byte_queue_num_used
    fc38 CODE       _ctl_byte_queue_post_multi
    fd10 CODE       _ctl_byte_queue_receive_multi
    fdde CODE       _ctl_byte_queue_post_multi_nb
    fe4e CODE       _ctl_byte_queue_receive_multi_nb
   1001e CODE       _ctl_byte_queue_post
   1004c CODE       _ctl_byte_queue_receive
   10072 CODE       _ctl_byte_queue_post_nb
   1008c CODE       _ctl_byte_queue_receive_nb
   100a0 CODE       _ctl_private_get_stack_start
   100a6 CODE       _ctl_private_get_thread_local_storage
   100ac CODE       _ctl_private_init_registers
   1010e CODE       _ctl_private_init_thread_local_storage
   10124 CODE       ___RAL_read_tp      
   10132 CODE       _ctl_private_reschedule_from_api_call
   1014e CODE       _ctl_enter_isr      
   10182 CODE       _ctl_exit_isr       
   101ba CODE       _ctl_global_interrupts_set
   101d2 CODE       _BUS_get_OA         
   1024e CODE       _BUS_flags_to_addr  
   102c4 CODE       _BUS_addr_to_flags  
   1031a CODE       _BUS_cmd_init       
   10334 CODE       _BUS_OA_check       
   1036a CODE       _addr_chk           
   10396 CODE       _BUS_I2C_release    
   10432 CODE       _BUS_cmd_tx         
   106ca CODE       _BUS_SPI_txrx       
   1093c CODE       _crc7               
   1096e CODE       _crc16              
   109a2 CODE       _get_ticker_time    
   109ba CODE       _setget_ticker_time 
   109e2 CODE       _SPI_master_setup   
   109fc CODE       _SPI_slave_setup    
   10a16 CODE       _SPI_deactivate     
   10a26 CODE       _initCLK            
   10a70 CODE       _init_timerA        
   10a84 CODE       _start_timerA       
   10a8c CODE       _initSVS            
   10ae2 CODE       _ARC_setup          
   10b76 CODE       _initARCbus         
   10c74 CODE       _readTA1            
   1175e CODE       _mainLoop           
   117a8 CODE       _BUS_init_buffer    
   117b2 CODE       _BUS_get_buffer_size
   117b8 CODE       _BUS_get_buffer     
   117e0 CODE       _BUS_free_buffer    
   117ea CODE       _async_isOpen       
   117f0 CODE       _async_open_remote  
   11882 CODE       _async_close_remote 
   118b0 CODE       _async_send_data    
   11916 CODE       _async_TxChar       
   1195a CODE       _async_Getc         
   11982 CODE       _BUS_free_alarm     
   1199a CODE       _BUS_timer_timeout_check
   119ee CODE       _BUS_alarm_ticker_update
   11af6 CODE       _PMM_setVCoreUp     
   11bf0 CODE       _PMM_setVCoreDown   
   11caa CODE       _PMM_setVCore       
   11cea CODE       _ctl_handle_error   
   11cfc CODE       _err_decode_arcbus  
   123e4 CODE       _BUS_error_str      
   124b4 CODE       _BUS_cmdtostr       
   12660 CODE       _BUS_cmd_resptostr  
   126e6 CODE       _bus_flags_tostr    
   12706 CODE       _bus_version_err_tostr
   12788 CODE       _reset_bor          
   127ba CODE       _main_return        
   127ce CODE       _startup_error_check
   12a16 CODE       _err_register_handler
   12ace CODE       _error_init         
   12af0 CODE       _error_recording_start
   12b8c CODE       __record_error      
   12c36 CODE       _record_error       
   12c7a CODE       _ERR_lev_str        
   12cb8 CODE       _err_do_decode      
   12d40 CODE       _print_error        
   12d8e CODE       _report_error       
   12dce CODE       _error_log_mem_replay
   12e50 CODE       _make_args          
   12eba CODE       _helpCmd            
   12f6c CODE       _doCmd              
   12ff0 CODE       _hist_incr          
   12ffc CODE       _hist_decr          
   13008 CODE       _terminal           
   132c8 CODE       _UCA1_init_UART     
   133a4 CODE       _UCA1_TxChar        
   133e0 CODE       ___int32_mul        
   13402 CODE       ___int16_div        
   13428 CODE       ___int16_mod        
   1344e CODE       ___int16_mul        
   13464 CODE       ___int64_lsl        
   13476 CODE       ___int64_lsr        
   134d6 CODE       ___uint64_mod       
   134f6 CODE       ___uint16_div       
   1350e CODE       ___uint16_mod       
   13516 CODE       ___uint32_div       
   13520 CODE       ___uint32_divmod    
   13548 CODE       ___uint32_mod       
   13556 CODE       ___uint64_div       
   1357e CODE       ___uint64_divmod    
   135ba CODE       ___digit            
   13600 CODE       ___RAL_pow10        
   13656 CODE       ___strtoul          
   13774 CODE       ___putc             
   137be CODE       ___RAL_print_padding
   137dc CODE       ___RAL_pre_padding  
   13806 CODE       _abs                
   13816 CODE       _atoi               
   1383c CODE       ___RAL_isctype      
   1385a CODE       _isupper            
   1386c CODE       _islower            
   1387e CODE       _isdigit            
   1388e CODE       _isspace            
   1389e CODE       _iscntrl            
   138b0 CODE       ___errno            
   138ba CODE       _getchar            
   138d8 CODE       ___RAL_global_locale_category
   139a8 CODE       _printf             
   139e4 CODE       _puts               
   13a1e CODE       _sprintf            
   13a4e CODE       _strcmp             
   13a6e CODE       _strcpy             
   13a84 CODE       _strlcpy            
   13ac8 CODE       _strnlen            
   13ae2 CODE       _strtol             
   13b8e CODE       ___RAL_init_mbstate 
   13b9c CODE       ___RAL_ascii_mbtowc 
   13be2 CODE       ___RAL_ascii_wctomb 
   13c0a CODE       _memcpy             
   13c1a CODE       _memset             
   13c2a CODE       _strlen             
   13c3a CODE       ___float32_isinf    
   13c54 CODE       ___float32_isnan    
   13c6c CODE       ___float32_signbit  
   13c7c CODE       ___uint64_to_float32
   13da0 CODE       ___float32_to_int64 
   13e52 CODE       ___float32_add      
   13f44 CODE       ___float32_sub      
   13f50 CODE       ___float32_mul      
   14028 CODE       ___float32_div      
   140e6 CODE       ___float32_lt       
   14102 CODE       ___float32_eq       
   14112 CODE       _modff              
   141a8 CODE       _floorf             
   141a8 CODE       _floor              
   14278 CODE       _fmod               
   14278 CODE       _fmodf              
   143ea CODE       _fabsf              
   143f0 CODE       _ldexp              
   1442c CODE       _frexp              
