
SYMBOLS BY NAME

      80            CTL_IRQ_STACK_SIZE  
    244c UDATA0     _ACDS_e_stack       
    2c5c UDATA0     _ACDS_e_task        
    e964 CODE       _ACDS_events        
    1c72 UDATA0     _ACDS_evt           
    1c00 IDATA0     _ACDS_parse         
    ea1a CODE       _ACDS_parse_cmd     
    2f38 UDATA0     _ARC_bus_helper_task
    3158 UDATA0     _ARC_bus_task       
   11490 CODE       _ARC_setup          
    cf9c CONST      _ARClib_version     
   14062 CODE       _ARClib_version_Cmd 
    cfae CONST      _ARClib_vstruct     
   13fa6 CODE       _ARCsearch_Cmd      
   10d08 CODE       _BUS_I2C_aux_addr   
   10ec8 CODE       _BUS_I2C_release    
    2f54 UDATA0     _BUS_INT_events     
   10e66 CODE       _BUS_OA_check       
   11070 CODE       _BUS_SPI_txrx       
   10df6 CODE       _BUS_addr_to_flags  
   121f6 CODE       _BUS_alarm_is_free  
   122d8 CODE       _BUS_alarm_ticker_update
   10e4c CODE       _BUS_cmd_init       
   10ed2 CODE       _BUS_cmd_tx         
   12ef2 CODE       _BUS_error_str      
   10d80 CODE       _BUS_flags_to_addr  
   1226c CODE       _BUS_free_alarm     
   120ac CODE       _BUS_free_buffer    
   120b6 CODE       _BUS_free_buffer_from_event
   10c5a CODE       _BUS_get_OA         
   12084 CODE       _BUS_get_buffer     
   1207e CODE       _BUS_get_buffer_size
    2f56 UDATA0     _BUS_helper_events  
   12074 CODE       _BUS_init_buffer    
   11614 CODE       _BUS_register_cmd_callback
   10cd6 CODE       _BUS_set_OA         
   1221e CODE       _BUS_set_alarm      
    2f58 UDATA0     _BUS_stack          
    3fb2 THREAD     _BUS_thread_addr_flags
   12284 CODE       _BUS_timer_timeout_check
    326e UDATA0     _DMA_events         
    c53e ISR        _DMA_int            
   133f2 CODE       _ERR_lev_str        
   13af4 CODE       _I2C_addr_lookup    
   13b3c CODE       _I2C_addr_revlookup 
    31ba UDATA0     _I2C_rx_buf         
    31b8 UDATA0     _I2C_rx_in          
    31b6 UDATA0     _I2C_rx_out         
    2838 UDATA0     _IMG_e_stack        
    2c78 UDATA0     _IMG_e_task         
    ecb4 CODE       _IMG_events         
    2ca0 UDATA0     _IMG_evt            
    1c06 IDATA0     _IMG_parse          
    ed68 CODE       _IMG_parse_cmd      
   12594 CODE       _PMM_setVCore       
   124da CODE       _PMM_setVCoreDown   
   123e0 CODE       _PMM_setVCoreUp     
    1c36 UDATA0     _SD_read_addr       
   113c8 CODE       _SPI_deactivate     
   11394 CODE       _SPI_master_setup   
   113ae CODE       _SPI_slave_setup    
    2060 UDATA0     _SUB_e_stack        
    2c40 UDATA0     _SUB_e_task         
    3190 UDATA0     _SUB_events         
    c604 ISR        _SYS_NMI            
   13ad8 CODE       _UCA1_Getc          
    c71a ISR        _UCA1_ISR           
    3e66 UDATA0     _UCA1_RxBuf         
    3f0a UDATA0     _UCA1_TxBuf         
   13a9c CODE       _UCA1_TxChar        
   139c0 CODE       _UCA1_init_UART     
    e77e CONST      ___RAL_ascii_ctype_map
   14aaa CODE       ___RAL_ascii_mbtowc 
   14af0 CODE       ___RAL_ascii_wctomb 
    e958 CONST      ___RAL_c_locale     
    e856 CONST      ___RAL_c_locale_abbrev_day_names
    e8ca CONST      ___RAL_c_locale_abbrev_month_names
    e8fb CONST      ___RAL_c_locale_am_pm_indicator
    e926 CONST      ___RAL_c_locale_data
    e902 CONST      ___RAL_c_locale_date_format
    e914 CONST      ___RAL_c_locale_date_time_format
    e81c CONST      ___RAL_c_locale_day_names
    e873 CONST      ___RAL_c_locale_month_names
    e90b CONST      ___RAL_c_locale_time_format
    e80c CONST      ___RAL_codeset_ascii
    e925 CONST      ___RAL_data_empty_string
    e923 CONST      ___RAL_data_utf8_period
    1c2c IDATA0     ___RAL_global_locale
   14732 CODE       ___RAL_global_locale_category
    e755 CONST      ___RAL_hex_lc       
    e745 CONST      ___RAL_hex_uc       
   14a9c CODE       ___RAL_init_mbstate 
   14696 CODE       ___RAL_isctype      
   1445a CODE       ___RAL_pow10        
   14636 CODE       ___RAL_pre_padding  
   14618 CODE       ___RAL_print_padding
   10bac CODE       ___RAL_read_tp      
    1c00            ___RAM_Address      
    8000            ___RAM_Size         
    1c00            ___begin_IDATA0     
    3fb2            ___begin_THREAD     
    1c36            ___begin_UDATA0     
     4c0            ___crt_mpy          
     4d2            ___crt_mpy32h       
     4d0            ___crt_mpy32l       
     4c8            ___crt_op2          
     4e2            ___crt_op2h         
     4e0            ___crt_op2l         
     4e4            ___crt_res0         
     4e6            ___crt_res1         
     4e8            ___crt_res2         
     4ea            ___crt_res3         
     4ca            ___crt_reslo        
   14414 CODE       ___digit            
    1c36            ___end_IDATA0       
    3fb6            ___end_THREAD       
    3fb2            ___end_UDATA0       
   1470a CODE       ___errno            
   14d60 CODE       ___float32_add      
   14f36 CODE       ___float32_div      
   15010 CODE       ___float32_eq       
   14b48 CODE       ___float32_isinf    
   14b62 CODE       ___float32_isnan    
   14ff4 CODE       ___float32_lt       
   14e5e CODE       ___float32_mul      
    e960 CONST      ___float32_nan      
   14b7a CODE       ___float32_signbit  
   14e52 CODE       ___float32_sub      
   14cae CODE       ___float32_to_int64 
    ebaa CODE       ___getchar          
   1425c CODE       ___int16_div        
   14282 CODE       ___int16_mod        
   142a8 CODE       ___int16_mul        
   1423a CODE       ___int32_mul        
   142be CODE       ___int64_lsl        
   142d0 CODE       ___int64_lsr        
   102d2 CODE       ___printf_lock      
   102ee CODE       ___printf_unlock    
   145ce CODE       ___putc             
    eb8c CODE       ___putchar          
   144b0 CODE       ___strtoul          
    c000 ISR        ___thunk_ACDS_events
    c004 ISR        ___thunk_ACDS_parse_cmd
    c784 ISR        ___thunk_ARClib_version_Cmd
    c780 ISR        ___thunk_ARCsearch_Cmd
    c01c ISR        ___thunk_IMG_events 
    c020 ISR        ___thunk_IMG_parse_cmd
    c7a4 ISR        ___thunk___RAL_ascii_mbtowc
    c7a8 ISR        ___thunk___RAL_ascii_wctomb
    c018 ISR        ___thunk___putchar  
    c788 ISR        ___thunk_errReq_Cmd 
    c014 ISR        ___thunk_err_decode 
    c70e ISR        ___thunk_err_decode_arcbus
    c712 ISR        ___thunk_helpCmd    
    c00c ISR        ___thunk_offCmd     
    c008 ISR        ___thunk_onCmd      
    c770 ISR        ___thunk_restCmd    
    c77c ISR        ___thunk_spiCmd     
    c010 ISR        ___thunk_statusCmd  
    c024 ISR        ___thunk_sub_events 
    c716 ISR        ___thunk_terminal   
    c774 ISR        ___thunk_timeCmd    
    c778 ISR        ___thunk_txCmd      
   14350 CODE       ___uint16_div       
   14368 CODE       ___uint16_mod       
   14370 CODE       ___uint32_div       
   1437a CODE       ___uint32_divmod    
   143a2 CODE       ___uint32_mod       
   143b0 CODE       ___uint64_div       
   143d8 CODE       ___uint64_divmod    
   14330 CODE       ___uint64_mod       
   14b8a CODE       ___uint64_to_float32
    1c2a IDATA0     ___ungot            
    3fb0 UDATA0     ___user_format_extender
    eed4 CODE       ___vfprintf         
    eed4 CODE       ___vfprintf_float_long
   13304 CODE       __record_error      
   14660 CODE       _abs                
   10e9c CODE       _addr_chk           
    38c2 UDATA0     _alarms             
    3192 UDATA0     _arcBus_stat        
    1c20 IDATA0     _async_addr         
   1215c CODE       _async_close_remote 
   120c4 CODE       _async_isOpen       
   120ca CODE       _async_open_remote  
    38a6 UDATA0     _async_rxQ          
   1218a CODE       _async_send_data    
    1c22 IDATA0     _async_timer        
    38b4 UDATA0     _async_txQ          
   14670 CODE       _atoi               
    3674 UDATA0     _buffer_mutex       
    e232 CONST      _busAddrSym         
    c030 ISR        _bus_I2C_isr        
    c47c ISR        _bus_SPI_isr        
   1280c CODE       _bus_flags_tostr    
    c488 ISR        _bus_int            
    c5be ISR        _bus_resend         
   1282c CODE       _bus_version_err_tostr
    1c24 IDATA0     _closed_event       
    1c26 IDATA0     _closed_flag        
    1c1c IDATA0     _cmd_parse_list     
   12786 CODE       _cmd_resptostr      
    c818 CONST      _cmd_tbl            
   125e6 CODE       _cmdtostr           
   11320 CODE       _crc16              
   112ee CODE       _crc7               
   106d8 CODE       _ctl_byte_queue_init
   10aa6 CODE       _ctl_byte_queue_post
   10820 CODE       _ctl_byte_queue_post_multi
   109c6 CODE       _ctl_byte_queue_post_multi_nb
   10afa CODE       _ctl_byte_queue_post_nb
   10ad4 CODE       _ctl_byte_queue_receive
   108f8 CODE       _ctl_byte_queue_receive_multi
   10a36 CODE       _ctl_byte_queue_receive_multi_nb
   10b14 CODE       _ctl_byte_queue_receive_nb
    2ca8 UDATA0     _ctl_current_time   
   10bd6 CODE       _ctl_enter_isr      
   10302 CODE       _ctl_events_init    
   10496 CODE       _ctl_events_set_clear
   10316 CODE       _ctl_events_wait    
   10c0a CODE       _ctl_exit_isr       
   102ba CODE       _ctl_get_current_time
   10c42 CODE       _ctl_global_interrupts_set
   125d4 CODE       _ctl_handle_error   
   10240 CODE       _ctl_increment_tick_from_isr
    2cad UDATA0     _ctl_interrupt_count
    2ca4 UDATA0     _ctl_last_schedule_time
    1c12 IDATA0     _ctl_libc_mutex     
   104f6 CODE       _ctl_mutex_init     
   1050e CODE       _ctl_mutex_lock     
   10612 CODE       _ctl_mutex_unlock   
    feda CODE       _ctl_private_add_to_task_list
   10412 CODE       _ctl_private_events_schedule
   10b28 CODE       _ctl_private_get_stack_start
   10b2e CODE       _ctl_private_get_thread_local_storage
   10b34 CODE       _ctl_private_init_registers
   10b96 CODE       _ctl_private_init_thread_local_storage
    ff28 CODE       _ctl_private_remove_from_task_list
    ff62 CODE       _ctl_private_reschedule
   10bba CODE       _ctl_private_reschedule_from_api_call
    2cac UDATA0     _ctl_reschedule_on_last_isr_exit
   10198 CODE       _ctl_task_die       
    2cae UDATA0     _ctl_task_executing 
   100d0 CODE       _ctl_task_init      
    2cb0 UDATA0     _ctl_task_list      
   1010c CODE       _ctl_task_run       
   101c0 CODE       _ctl_task_set_priority
    2ca2 UDATA0     _ctl_task_switch_callout
    1c10 IDATA0     _ctl_time_increment 
   101fe CODE       _ctl_timeout_wait   
    1c0c IDATA0     _ctl_timeslice_period
   13664 CODE       _doCmd              
   14074 CODE       _errReq_Cmd         
    eb52 CODE       _err_decode         
   128ae CODE       _err_decode_arcbus  
   13246 CODE       _error_init         
   134c6 CODE       _error_log_mem_replay
   13268 CODE       _error_recording_start
   152f8 CODE       _fabsf              
   150b6 CODE       _floor              
   150b6 CODE       _floorf             
   15186 CODE       _fmod               
   15186 CODE       _fmodf              
   1533a CODE       _frexp              
   13b74 CODE       _getI2C_addr        
   11354 CODE       _get_ticker_time    
   14714 CODE       _getchar            
   135b2 CODE       _helpCmd            
    2d44 UDATA0     _helper_stack       
   136f4 CODE       _hist_decr          
   136e8 CODE       _hist_incr          
    3174 UDATA0     _idle_task          
   1150e CODE       _initARCbus         
   113d8 CODE       _initCLK            
   11446 CODE       _initSVS            
   1142a CODE       _init_timerA        
   146f8 CODE       _iscntrl            
   146d8 CODE       _isdigit            
   146c6 CODE       _islower            
   146e8 CODE       _isspace            
   146b4 CODE       _isupper            
   152fe CODE       _ldexp              
    1c3a UDATA0     _magData            
    ebb0 CODE       _main               
   1202a CODE       _mainLoop           
   12fea CODE       _main_return        
   13548 CODE       _make_args          
   14b18 CODE       _memcpy             
   14b28 CODE       _memset             
   15020 CODE       _modff              
    38e2 UDATA0     _next_idx           
    eaee CODE       _offCmd             
    ead8 CODE       _onCmd              
    1c1a IDATA0     _powerState         
   13430 CODE       _print_error        
   14802 CODE       _printf             
   1483e CODE       _puts               
    2c94 UDATA0     _readBlock          
    2c96 UDATA0     _readPic            
   11604 CODE       _readTA1            
   133ae CODE       _record_error       
   13486 CODE       _report_error       
   12fb8 CODE       _reset_bor          
   13c3e CODE       _restCmd            
    367a UDATA0     _rxbuf              
    38d2 UDATA0     _saved_error        
   1136c CODE       _setget_ticker_time 
   13e94 CODE       _spiCmd             
   14878 CODE       _sprintf            
   1143e CODE       _start_timerA       
   12ffe CODE       _startup_error_check
    eafc CODE       _statusCmd          
   148a8 CODE       _strcmp             
   148c8 CODE       _strcpy             
   148de CODE       _strlcpy            
   14b38 CODE       _strlen             
   14922 CODE       _strnlen            
   1493c CODE       _strtol             
   149e8 CODE       _strtoul            
    ee58 CODE       _sub_events         
    c584 ISR        _task_tick          
   13700 CODE       _terminal           
    1c74 UDATA0     _terminal_stack     
    2c24 UDATA0     _terminal_task      
    2d34 UDATA0     _ticker_time        
   13cfa CODE       _timeCmd            
   13d10 CODE       _txCmd              
    37a6 UDATA0     _txbuf              
    cff4 CONST      thread_init_begin   
    cff8 CONST      thread_init_end     


SYMBOLS BY VALUE

      80            CTL_IRQ_STACK_SIZE  
     4c0            ___crt_mpy          
     4c8            ___crt_op2          
     4ca            ___crt_reslo        
     4d0            ___crt_mpy32l       
     4d2            ___crt_mpy32h       
     4e0            ___crt_op2l         
     4e2            ___crt_op2h         
     4e4            ___crt_res0         
     4e6            ___crt_res1         
     4e8            ___crt_res2         
     4ea            ___crt_res3         
    1c00 IDATA0     _ACDS_parse         
    1c00            ___begin_IDATA0     
    1c00            ___RAM_Address      
    1c06 IDATA0     _IMG_parse          
    1c0c IDATA0     _ctl_timeslice_period
    1c10 IDATA0     _ctl_time_increment 
    1c12 IDATA0     _ctl_libc_mutex     
    1c1a IDATA0     _powerState         
    1c1c IDATA0     _cmd_parse_list     
    1c20 IDATA0     _async_addr         
    1c22 IDATA0     _async_timer        
    1c24 IDATA0     _closed_event       
    1c26 IDATA0     _closed_flag        
    1c2a IDATA0     ___ungot            
    1c2c IDATA0     ___RAL_global_locale
    1c36            ___begin_UDATA0     
    1c36            ___end_IDATA0       
    1c36 UDATA0     _SD_read_addr       
    1c3a UDATA0     _magData            
    1c72 UDATA0     _ACDS_evt           
    1c74 UDATA0     _terminal_stack     
    2060 UDATA0     _SUB_e_stack        
    244c UDATA0     _ACDS_e_stack       
    2838 UDATA0     _IMG_e_stack        
    2c24 UDATA0     _terminal_task      
    2c40 UDATA0     _SUB_e_task         
    2c5c UDATA0     _ACDS_e_task        
    2c78 UDATA0     _IMG_e_task         
    2c94 UDATA0     _readBlock          
    2c96 UDATA0     _readPic            
    2ca0 UDATA0     _IMG_evt            
    2ca2 UDATA0     _ctl_task_switch_callout
    2ca4 UDATA0     _ctl_last_schedule_time
    2ca8 UDATA0     _ctl_current_time   
    2cac UDATA0     _ctl_reschedule_on_last_isr_exit
    2cad UDATA0     _ctl_interrupt_count
    2cae UDATA0     _ctl_task_executing 
    2cb0 UDATA0     _ctl_task_list      
    2d34 UDATA0     _ticker_time        
    2d44 UDATA0     _helper_stack       
    2f38 UDATA0     _ARC_bus_helper_task
    2f54 UDATA0     _BUS_INT_events     
    2f56 UDATA0     _BUS_helper_events  
    2f58 UDATA0     _BUS_stack          
    3158 UDATA0     _ARC_bus_task       
    3174 UDATA0     _idle_task          
    3190 UDATA0     _SUB_events         
    3192 UDATA0     _arcBus_stat        
    31b6 UDATA0     _I2C_rx_out         
    31b8 UDATA0     _I2C_rx_in          
    31ba UDATA0     _I2C_rx_buf         
    326e UDATA0     _DMA_events         
    3674 UDATA0     _buffer_mutex       
    367a UDATA0     _rxbuf              
    37a6 UDATA0     _txbuf              
    38a6 UDATA0     _async_rxQ          
    38b4 UDATA0     _async_txQ          
    38c2 UDATA0     _alarms             
    38d2 UDATA0     _saved_error        
    38e2 UDATA0     _next_idx           
    3e66 UDATA0     _UCA1_RxBuf         
    3f0a UDATA0     _UCA1_TxBuf         
    3fb0 UDATA0     ___user_format_extender
    3fb2            ___begin_THREAD     
    3fb2 THREAD     _BUS_thread_addr_flags
    3fb2            ___end_UDATA0       
    3fb6            ___end_THREAD       
    8000            ___RAM_Size         
    c000 ISR        ___thunk_ACDS_events
    c004 ISR        ___thunk_ACDS_parse_cmd
    c008 ISR        ___thunk_onCmd      
    c00c ISR        ___thunk_offCmd     
    c010 ISR        ___thunk_statusCmd  
    c014 ISR        ___thunk_err_decode 
    c018 ISR        ___thunk___putchar  
    c01c ISR        ___thunk_IMG_events 
    c020 ISR        ___thunk_IMG_parse_cmd
    c024 ISR        ___thunk_sub_events 
    c030 ISR        _bus_I2C_isr        
    c47c ISR        _bus_SPI_isr        
    c488 ISR        _bus_int            
    c53e ISR        _DMA_int            
    c584 ISR        _task_tick          
    c5be ISR        _bus_resend         
    c604 ISR        _SYS_NMI            
    c70e ISR        ___thunk_err_decode_arcbus
    c712 ISR        ___thunk_helpCmd    
    c716 ISR        ___thunk_terminal   
    c71a ISR        _UCA1_ISR           
    c770 ISR        ___thunk_restCmd    
    c774 ISR        ___thunk_timeCmd    
    c778 ISR        ___thunk_txCmd      
    c77c ISR        ___thunk_spiCmd     
    c780 ISR        ___thunk_ARCsearch_Cmd
    c784 ISR        ___thunk_ARClib_version_Cmd
    c788 ISR        ___thunk_errReq_Cmd 
    c7a4 ISR        ___thunk___RAL_ascii_mbtowc
    c7a8 ISR        ___thunk___RAL_ascii_wctomb
    c818 CONST      _cmd_tbl            
    cf9c CONST      _ARClib_version     
    cfae CONST      _ARClib_vstruct     
    cff4 CONST      thread_init_begin   
    cff8 CONST      thread_init_end     
    e232 CONST      _busAddrSym         
    e745 CONST      ___RAL_hex_uc       
    e755 CONST      ___RAL_hex_lc       
    e77e CONST      ___RAL_ascii_ctype_map
    e80c CONST      ___RAL_codeset_ascii
    e81c CONST      ___RAL_c_locale_day_names
    e856 CONST      ___RAL_c_locale_abbrev_day_names
    e873 CONST      ___RAL_c_locale_month_names
    e8ca CONST      ___RAL_c_locale_abbrev_month_names
    e8fb CONST      ___RAL_c_locale_am_pm_indicator
    e902 CONST      ___RAL_c_locale_date_format
    e90b CONST      ___RAL_c_locale_time_format
    e914 CONST      ___RAL_c_locale_date_time_format
    e923 CONST      ___RAL_data_utf8_period
    e925 CONST      ___RAL_data_empty_string
    e926 CONST      ___RAL_c_locale_data
    e958 CONST      ___RAL_c_locale     
    e960 CONST      ___float32_nan      
    e964 CODE       _ACDS_events        
    ea1a CODE       _ACDS_parse_cmd     
    ead8 CODE       _onCmd              
    eaee CODE       _offCmd             
    eafc CODE       _statusCmd          
    eb52 CODE       _err_decode         
    eb8c CODE       ___putchar          
    ebaa CODE       ___getchar          
    ebb0 CODE       _main               
    ecb4 CODE       _IMG_events         
    ed68 CODE       _IMG_parse_cmd      
    ee58 CODE       _sub_events         
    eed4 CODE       ___vfprintf         
    eed4 CODE       ___vfprintf_float_long
    feda CODE       _ctl_private_add_to_task_list
    ff28 CODE       _ctl_private_remove_from_task_list
    ff62 CODE       _ctl_private_reschedule
   100d0 CODE       _ctl_task_init      
   1010c CODE       _ctl_task_run       
   10198 CODE       _ctl_task_die       
   101c0 CODE       _ctl_task_set_priority
   101fe CODE       _ctl_timeout_wait   
   10240 CODE       _ctl_increment_tick_from_isr
   102ba CODE       _ctl_get_current_time
   102d2 CODE       ___printf_lock      
   102ee CODE       ___printf_unlock    
   10302 CODE       _ctl_events_init    
   10316 CODE       _ctl_events_wait    
   10412 CODE       _ctl_private_events_schedule
   10496 CODE       _ctl_events_set_clear
   104f6 CODE       _ctl_mutex_init     
   1050e CODE       _ctl_mutex_lock     
   10612 CODE       _ctl_mutex_unlock   
   106d8 CODE       _ctl_byte_queue_init
   10820 CODE       _ctl_byte_queue_post_multi
   108f8 CODE       _ctl_byte_queue_receive_multi
   109c6 CODE       _ctl_byte_queue_post_multi_nb
   10a36 CODE       _ctl_byte_queue_receive_multi_nb
   10aa6 CODE       _ctl_byte_queue_post
   10ad4 CODE       _ctl_byte_queue_receive
   10afa CODE       _ctl_byte_queue_post_nb
   10b14 CODE       _ctl_byte_queue_receive_nb
   10b28 CODE       _ctl_private_get_stack_start
   10b2e CODE       _ctl_private_get_thread_local_storage
   10b34 CODE       _ctl_private_init_registers
   10b96 CODE       _ctl_private_init_thread_local_storage
   10bac CODE       ___RAL_read_tp      
   10bba CODE       _ctl_private_reschedule_from_api_call
   10bd6 CODE       _ctl_enter_isr      
   10c0a CODE       _ctl_exit_isr       
   10c42 CODE       _ctl_global_interrupts_set
   10c5a CODE       _BUS_get_OA         
   10cd6 CODE       _BUS_set_OA         
   10d08 CODE       _BUS_I2C_aux_addr   
   10d80 CODE       _BUS_flags_to_addr  
   10df6 CODE       _BUS_addr_to_flags  
   10e4c CODE       _BUS_cmd_init       
   10e66 CODE       _BUS_OA_check       
   10e9c CODE       _addr_chk           
   10ec8 CODE       _BUS_I2C_release    
   10ed2 CODE       _BUS_cmd_tx         
   11070 CODE       _BUS_SPI_txrx       
   112ee CODE       _crc7               
   11320 CODE       _crc16              
   11354 CODE       _get_ticker_time    
   1136c CODE       _setget_ticker_time 
   11394 CODE       _SPI_master_setup   
   113ae CODE       _SPI_slave_setup    
   113c8 CODE       _SPI_deactivate     
   113d8 CODE       _initCLK            
   1142a CODE       _init_timerA        
   1143e CODE       _start_timerA       
   11446 CODE       _initSVS            
   11490 CODE       _ARC_setup          
   1150e CODE       _initARCbus         
   11604 CODE       _readTA1            
   11614 CODE       _BUS_register_cmd_callback
   1202a CODE       _mainLoop           
   12074 CODE       _BUS_init_buffer    
   1207e CODE       _BUS_get_buffer_size
   12084 CODE       _BUS_get_buffer     
   120ac CODE       _BUS_free_buffer    
   120b6 CODE       _BUS_free_buffer_from_event
   120c4 CODE       _async_isOpen       
   120ca CODE       _async_open_remote  
   1215c CODE       _async_close_remote 
   1218a CODE       _async_send_data    
   121f6 CODE       _BUS_alarm_is_free  
   1221e CODE       _BUS_set_alarm      
   1226c CODE       _BUS_free_alarm     
   12284 CODE       _BUS_timer_timeout_check
   122d8 CODE       _BUS_alarm_ticker_update
   123e0 CODE       _PMM_setVCoreUp     
   124da CODE       _PMM_setVCoreDown   
   12594 CODE       _PMM_setVCore       
   125d4 CODE       _ctl_handle_error   
   125e6 CODE       _cmdtostr           
   12786 CODE       _cmd_resptostr      
   1280c CODE       _bus_flags_tostr    
   1282c CODE       _bus_version_err_tostr
   128ae CODE       _err_decode_arcbus  
   12ef2 CODE       _BUS_error_str      
   12fb8 CODE       _reset_bor          
   12fea CODE       _main_return        
   12ffe CODE       _startup_error_check
   13246 CODE       _error_init         
   13268 CODE       _error_recording_start
   13304 CODE       __record_error      
   133ae CODE       _record_error       
   133f2 CODE       _ERR_lev_str        
   13430 CODE       _print_error        
   13486 CODE       _report_error       
   134c6 CODE       _error_log_mem_replay
   13548 CODE       _make_args          
   135b2 CODE       _helpCmd            
   13664 CODE       _doCmd              
   136e8 CODE       _hist_incr          
   136f4 CODE       _hist_decr          
   13700 CODE       _terminal           
   139c0 CODE       _UCA1_init_UART     
   13a9c CODE       _UCA1_TxChar        
   13ad8 CODE       _UCA1_Getc          
   13af4 CODE       _I2C_addr_lookup    
   13b3c CODE       _I2C_addr_revlookup 
   13b74 CODE       _getI2C_addr        
   13c3e CODE       _restCmd            
   13cfa CODE       _timeCmd            
   13d10 CODE       _txCmd              
   13e94 CODE       _spiCmd             
   13fa6 CODE       _ARCsearch_Cmd      
   14062 CODE       _ARClib_version_Cmd 
   14074 CODE       _errReq_Cmd         
   1423a CODE       ___int32_mul        
   1425c CODE       ___int16_div        
   14282 CODE       ___int16_mod        
   142a8 CODE       ___int16_mul        
   142be CODE       ___int64_lsl        
   142d0 CODE       ___int64_lsr        
   14330 CODE       ___uint64_mod       
   14350 CODE       ___uint16_div       
   14368 CODE       ___uint16_mod       
   14370 CODE       ___uint32_div       
   1437a CODE       ___uint32_divmod    
   143a2 CODE       ___uint32_mod       
   143b0 CODE       ___uint64_div       
   143d8 CODE       ___uint64_divmod    
   14414 CODE       ___digit            
   1445a CODE       ___RAL_pow10        
   144b0 CODE       ___strtoul          
   145ce CODE       ___putc             
   14618 CODE       ___RAL_print_padding
   14636 CODE       ___RAL_pre_padding  
   14660 CODE       _abs                
   14670 CODE       _atoi               
   14696 CODE       ___RAL_isctype      
   146b4 CODE       _isupper            
   146c6 CODE       _islower            
   146d8 CODE       _isdigit            
   146e8 CODE       _isspace            
   146f8 CODE       _iscntrl            
   1470a CODE       ___errno            
   14714 CODE       _getchar            
   14732 CODE       ___RAL_global_locale_category
   14802 CODE       _printf             
   1483e CODE       _puts               
   14878 CODE       _sprintf            
   148a8 CODE       _strcmp             
   148c8 CODE       _strcpy             
   148de CODE       _strlcpy            
   14922 CODE       _strnlen            
   1493c CODE       _strtol             
   149e8 CODE       _strtoul            
   14a9c CODE       ___RAL_init_mbstate 
   14aaa CODE       ___RAL_ascii_mbtowc 
   14af0 CODE       ___RAL_ascii_wctomb 
   14b18 CODE       _memcpy             
   14b28 CODE       _memset             
   14b38 CODE       _strlen             
   14b48 CODE       ___float32_isinf    
   14b62 CODE       ___float32_isnan    
   14b7a CODE       ___float32_signbit  
   14b8a CODE       ___uint64_to_float32
   14cae CODE       ___float32_to_int64 
   14d60 CODE       ___float32_add      
   14e52 CODE       ___float32_sub      
   14e5e CODE       ___float32_mul      
   14f36 CODE       ___float32_div      
   14ff4 CODE       ___float32_lt       
   15010 CODE       ___float32_eq       
   15020 CODE       _modff              
   150b6 CODE       _floorf             
   150b6 CODE       _floor              
   15186 CODE       _fmod               
   15186 CODE       _fmodf              
   152f8 CODE       _fabsf              
   152fe CODE       _ldexp              
   1533a CODE       _frexp              
